 truecrypt

 Timestamp is 5462f4db (Wed Nov 12 13:49:15 2014)

 Preferred load address is 00010000

 Start         Length     Name                   Class
 0001:00000000 0003191aH .text                   CODE
 0001:00031920 00003ad5H .text$s                 CODE
 0002:00000000 000001c0H .idata$5                DATA
 0002:000001c0 0000e168H .rdata                  DATA
 0002:0000e328 00000053H .rdata$debug            DATA
 0002:0000e380 00000008H .rdata$sxdata           DATA
 0002:0000e388 0000001cH .xdata$x                DATA
 0003:00000000 000023f0H .data                   DATA
 0003:00002400 00005100H .bss                    DATA
 0004:00000000 00000146H .edata                  DATA
 0005:00000000 00000409H INIT                    CODE
 0005:00000410 000001a0H INIT$s                  CODE
 0005:000005b0 00000028H .idata$2                CODE
 0005:000005d8 00000014H .idata$3                CODE
 0005:000005ec 000001c0H .idata$4                CODE
 0005:000007ac 00000904H .idata$6                CODE
 0006:00000000 00000058H .rsrc$01                DATA
 0006:00000060 00000288H .rsrc$02                DATA

  Address         Publics by Value              Rva+Base       Lib:Object

 0000:00000002       ___safe_se_handler_count   00000002     <absolute>
 0001:00000010       _LoadBootArguments@0       00010510 f   drivefilter.obj
 0001:00000340       _DriveFilterAddDevice@8    00010840 f   drivefilter.obj
 0001:00000520       _DriveFilterDispatchIrp@8  00010a20 f   drivefilter.obj
 0001:000006b0       _IoGetCurrentIrpStackLocation@4 00010bb0 f i drivefilter.obj
 0001:00000740       _IoSkipCurrentIrpStackLocation@4 00010c40 f i drivefilter.obj
 0001:00000ad0       _IoSetCompletionRoutine@24 00010fd0 f i drivefilter.obj
 0001:00000bb0       _IoGetNextIrpStackLocation@4 000110b0 f i drivefilter.obj
 0001:00000c00       _IoCopyCurrentIrpStackLocationToNext@4 00011100 f i drivefilter.obj
 0001:00000c50       _IoMarkIrpPending@4        00011150 f i drivefilter.obj
 0001:00001770       _RtlSecureZeroMemory@8     00011c70 f i drivefilter.obj
 0001:000019d0       _ReopenBootVolumeHeader@8  00011ed0 f   drivefilter.obj
 0001:00001c70       _PsGetCurrentThread@0      00012170 f i drivefilter.obj
 0001:00001c90       _StartLegacyHibernationDriverFilter@0 00012190 f   drivefilter.obj
 0001:00002600       _StartBootEncryptionSetup@12 00012b00 f   drivefilter.obj
 0001:00002730       _KeInitializeSpinLock@4    00012c30 f i drivefilter.obj
 0001:00003840       _GetBootDriveVolumeProperties@8 00013d40 f   drivefilter.obj
 0001:000039c0       _GetBootEncryptionStatus@8 00013ec0 f   drivefilter.obj
 0001:00003bf0       _GetBootLoaderVersion@8    000140f0 f   drivefilter.obj
 0001:00003c60       _GetBootEncryptionAlgorithmName@8 00014160 f   drivefilter.obj
 0001:00003cf0       _GetSetupResult@0          000141f0 f   drivefilter.obj
 0001:00003d10       _IsBootDriveMounted@0      00014210 f   drivefilter.obj
 0001:00003d50       _IsHiddenSystemRunning@0   00014250 f   drivefilter.obj
 0001:00003d90       _GetBootDriveFilterExtension@0 00014290 f   drivefilter.obj
 0001:00003db0       _GetSystemDriveCryptoInfo@0 000142b0 f   drivefilter.obj
 0001:00003dd0       _AbortBootEncryptionSetup@0 000142d0 f   drivefilter.obj
 0001:00003e30       _StartDecoySystemWipe@12   00014330 f   drivefilter.obj
 0001:000043b0       _GetDecoySystemWipeStatus@8 000148b0 f   drivefilter.obj
 0001:00004480       _GetDecoySystemWipeResult@0 00014980 f   drivefilter.obj
 0001:000044a0       _AbortDecoySystemWipe@0    000149a0 f   drivefilter.obj
 0001:00004500       _GetBootDriveLength@0      00014a00 f   drivefilter.obj
 0001:00004520       _WriteBootDriveSector@8    00014a20 f   drivefilter.obj
 0001:00004590       _DumpFilterEntry@8         00014a90 f   dumpfilter.obj
 0001:00004c90       _EncryptedIoQueueAddIrp@8  00015190 f   encryptedioqueue.obj
 0001:00004db0       _EncryptedIoQueueHoldWhenIdle@12 000152b0 f   encryptedioqueue.obj
 0001:00004f50       _EncryptedIoQueueIsSuspended@4 00015450 f   encryptedioqueue.obj
 0001:00004f70       _EncryptedIoQueueIsRunning@4 00015470 f   encryptedioqueue.obj
 0001:00004f90       _EncryptedIoQueueResumeFromHold@4 00015490 f   encryptedioqueue.obj
 0001:00005000       _EncryptedIoQueueStart@4   00015500 f   encryptedioqueue.obj
 0001:000053e0       _InitializeListHead@4      000158e0 f i encryptedioqueue.obj
 0001:00006e80       _EncryptedIoQueueStop@4    00017380 f   encryptedioqueue.obj
 0001:00006fd0       _DriverAddDevice@8         000174d0 f   ntdriver.obj
 0001:00007100       _DumpMemory@8              00017600 f   ntdriver.obj
 0001:00007220       _ValidateIOBufferSize@12   00017720 f   ntdriver.obj
 0001:00007330       _GetVirtualVolumeDeviceObject@4 00017830 f   ntdriver.obj
 0001:00007360       _TCDispatchQueueIRP@8      00017860 f   ntdriver.obj
 0001:00007830       _TCCreateDeviceObject@12   00017d30 f   ntdriver.obj
 0001:00007aa0       _RootDeviceControlMutexAcquireNoWait@0 00017fa0 f   ntdriver.obj
 0001:00007b00       _RootDeviceControlMutexRelease@0 00018000 f   ntdriver.obj
 0001:00007b20       _ProcessVolumeDeviceControlIrp@12 00018020 f   ntdriver.obj
 0001:00008760       _ProcessMainDeviceControlIrp@12 00018c60 f   ntdriver.obj
 0001:0000a0d0       _TCStartThread@12          0001a5d0 f   ntdriver.obj
 0001:0000a100       _TCStartThreadInProcess@16 0001a600 f   ntdriver.obj
 0001:0000a200       _TCStopThread@8            0001a700 f   ntdriver.obj
 0001:0000a240       _TCStartVolumeThread@12    0001a740 f   ntdriver.obj
 0001:0000a3e0       _TCStopVolumeThread@8      0001a8e0 f   ntdriver.obj
 0001:0000a490       _TCSleep@4                 0001a990 f   ntdriver.obj
 0001:0000a520       _VolumeThreadProc@4        0001aa20 f   ntdriver.obj
 0001:0000a890       _TCGetNTNameFromNumber@8   0001ad90 f   ntdriver.obj
 0001:0000a930       _TCGetDosNameFromNumber@8  0001ae30 f   ntdriver.obj
 0001:0000aa30       _TCTranslateCode@4         0001af30 f   ntdriver.obj
 0001:0000b200       _TCDeleteDeviceObject@8    0001b700 f   ntdriver.obj
 0001:0000b360       _TCUnloadDriver@4          0001b860 f   ntdriver.obj
 0001:0000b3d0       _OnShutdownPending@0       0001b8d0 f   ntdriver.obj
 0001:0000b450       _TCDeviceIoControl@24      0001b950 f   ntdriver.obj
 0001:0000b540       _SendDeviceIoControlRequest@24 0001ba40 f   ntdriver.obj
 0001:0000b6e0       _ProbeRealDriveSize@8      0001bbe0 f   ntdriver.obj
 0001:0000b880       _TCOpenFsVolume@12         0001bd80 f   ntdriver.obj
 0001:0000b9a0       _TCCloseFsVolume@8         0001bea0 f   ntdriver.obj
 0001:0000b9d0       _TCReadDevice@20           0001bed0 f   ntdriver.obj
 0001:0000bae0       _TCWriteDevice@20          0001bfe0 f   ntdriver.obj
 0001:0000bb10       _TCFsctlCall@24            0001c010 f   ntdriver.obj
 0001:0000bbd0       _CreateDriveLink@4         0001c0d0 f   ntdriver.obj
 0001:0000bc70       _RemoveDriveLink@4         0001c170 f   ntdriver.obj
 0001:0000bce0       _MountManagerMount@4       0001c1e0 f   ntdriver.obj
 0001:0000c020       _MountManagerUnmount@4     0001c520 f   ntdriver.obj
 0001:0000c130       _MountDevice@8             0001c630 f   ntdriver.obj
 0001:0000c490       _UnmountDevice@12          0001c990 f   ntdriver.obj
 0001:0000c710       _UnmountAllDevices@8       0001cc10 f   ntdriver.obj
 0001:0000c860       _SymbolicLinkToTarget@12   0001cd60 f   ntdriver.obj
 0001:0000c910       _RegionsOverlap@32         0001ce10 f   ntdriver.obj
 0001:0000c990       _GetIntersection@36        0001ce90 f   ntdriver.obj
 0001:0000caa0       _IsAccessibleByUser@8      0001cfa0 f   ntdriver.obj
 0001:0000cb70       _UserCanAccessDriveDevice@0 0001d070 f   ntdriver.obj
 0001:0000cba0       _IsDriveLetterAvailable@4  0001d0a0 f   ntdriver.obj
 0001:0000cc50       _TCCompleteIrp@12          0001d150 f   ntdriver.obj
 0001:0000cc80       _TCCompleteDiskIrp@12      0001d180 f   ntdriver.obj
 0001:0000ccc0       _GetCpuCount@0             0001d1c0 f   ntdriver.obj
 0001:0000cd30       _EnsureNullTerminatedString@8 0001d230 f   ntdriver.obj
 0001:0000cd80       _TCReadRegistryKey@12      0001d280 f   ntdriver.obj
 0001:0000ceb0       _IsVolumeClassFilterRegistered@0 0001d3b0 f   ntdriver.obj
 0001:0000cf70       _ReadRegistryConfigFlags@4 0001d470 f   ntdriver.obj
 0001:0000d070       _GetDeviceSectorSize@8     0001d570 f   ntdriver.obj
 0001:0000d0c0       _ZeroUnreadableSectors@20  0001d5c0 f   ntdriver.obj
 0001:0000d210       _ReadDeviceSkipUnreadableSectors@24 0001d710 f   ntdriver.obj
 0001:0000d2f0       _IsVolumeAccessibleByCurrentUser@4 0001d7f0 f   ntdriver.obj
 0001:0000d3f0       _IsOSAtLeast@4             0001d8f0 f   ntdriver.obj
 0001:0000d510       _TCOpenVolume@20           0001da10 f   ntvol.obj
 0001:0000eb90       _TCCloseVolume@8           0001f090 f   ntvol.obj
 0001:0000ecb0       _COMPLETE_IRP@16           0001f1b0 f   ntvol.obj
 0001:0000edf0       _VolumeFilterAddDevice@8   0001f2f0 f   volumefilter.obj
 0001:0000ef40       _VolumeFilterDispatchIrp@8 0001f440 f   volumefilter.obj
 0001:0000f64b       @__security_check_cookie@4 0001fb4b f   BufferOverflowK:secchk.obj
 0001:0000f660       ___report_gsfailure        0001fb60 f   BufferOverflowK:gs_report.obj
 0001:0000f68c       _DbgPrint                  0001fb8c f   ntoskrnl:ntoskrnl.exe
 0001:0000f698       _memset                    0001fb98 f   ntoskrnl:ntoskrnl.exe
 0001:0000f6a4       __alldiv                   0001fba4 f   ntoskrnl:ntoskrnl.exe
 0001:0000f6b0       __aulldiv                  0001fbb0 f   ntoskrnl:ntoskrnl.exe
 0001:0000f6bc       _memcpy                    0001fbbc f   ntoskrnl:ntoskrnl.exe
 0001:0000f6c8       __aullshr                  0001fbc8 f   ntoskrnl:ntoskrnl.exe
 0001:0000f6d4       __allmul                   0001fbd4 f   ntoskrnl:ntoskrnl.exe
 0001:0000f6e0       __aullrem                  0001fbe0 f   ntoskrnl:ntoskrnl.exe
 0001:0000f6f0       _ReadVolumeHeaderWCache@20 0001fbf0 f   Common:cache.obj
 0001:0000f830       _AddPasswordToCache@4      0001fd30 f   Common:cache.obj
 0001:0000f8c0       _WipeCache@0               0001fdc0 f   Common:cache.obj
 0001:0000f930       _GetCrc32@8                0001fe30 f   Common:crc.obj
 0001:0000f990       _crc32int@4                0001fe90 f   Common:crc.obj
 0001:0000fa50       _crc32_selftests@0         0001ff50 f   Common:crc.obj
 0001:0000faf0       _CipherInit@12             0001fff0 f   Common:crypto.obj
 0001:0000fca0       _EncipherBlock@12          000201a0 f   Common:crypto.obj
 0001:0000fd80       _EncipherBlocks@16         00020280 f   Common:crypto.obj
 0001:0000fe30       _DecipherBlock@12          00020330 f   Common:crypto.obj
 0001:0000ff10       _DecipherBlocks@16         00020410 f   Common:crypto.obj
 0001:0000ffd0       _CipherGet@4               000204d0 f   Common:crypto.obj
 0001:00010030       _CipherGetName@4           00020530 f   Common:crypto.obj
 0001:00010050       _CipherGetBlockSize@4      00020550 f   Common:crypto.obj
 0001:00010070       _CipherGetKeySize@4        00020570 f   Common:crypto.obj
 0001:00010090       _CipherGetKeyScheduleSize@4 00020590 f   Common:crypto.obj
 0001:000100b0       _CipherSupportsIntraDataUnitParallelization@4 000205b0 f   Common:crypto.obj
 0001:000100f0       _EAGetFirst@0              000205f0 f   Common:crypto.obj
 0001:00010110       _EAGetNext@4               00020610 f   Common:crypto.obj
 0001:00010140       _EAInit@12                 00020640 f   Common:crypto.obj
 0001:000101e0       _EAInitMode@4              000206e0 f   Common:crypto.obj
 0001:000102f0       _EAGetName@8               000207f0 f   Common:crypto.obj
 0001:00010420       _EAGetByName@4             00020920 f   Common:crypto.obj
 0001:00010530       _EAGetKeySize@4            00020a30 f   Common:crypto.obj
 0001:00010590       _EAGetFirstMode@4          00020a90 f   Common:crypto.obj
 0001:000105b0       _EAGetNextMode@8           00020ab0 f   Common:crypto.obj
 0001:00010610       _EAGetKeyScheduleSize@4    00020b10 f   Common:crypto.obj
 0001:00010670       _EAGetLargestKeyForMode@4  00020b70 f   Common:crypto.obj
 0001:000106e0       _EAGetCipherCount@4        00020be0 f   Common:crypto.obj
 0001:00010720       _EAGetFirstCipher@4        00020c20 f   Common:crypto.obj
 0001:00010740       _EAGetLastCipher@4         00020c40 f   Common:crypto.obj
 0001:00010790       _EAGetNextCipher@8         00020c90 f   Common:crypto.obj
 0001:000107f0       _EAGetPreviousCipher@8     00020cf0 f   Common:crypto.obj
 0001:00010870       _EAIsModeSupported@8       00020d70 f   Common:crypto.obj
 0001:000108c0       _crypto_open@0             00020dc0 f   Common:crypto.obj
 0001:00010910       _crypto_loadkey@12         00020e10 f   Common:crypto.obj
 0001:00010990       _crypto_close@4            00020e90 f   Common:crypto.obj
 0001:00010a00       _Xor128@8                  00020f00 f   Common:crypto.obj
 0001:00010a50       _Xor64@8                   00020f50 f   Common:crypto.obj
 0001:00010a80       _EncryptBufferLRW128@24    00020f80 f   Common:crypto.obj
 0001:00010c90       _EncryptBufferLRW64@24     00021190 f   Common:crypto.obj
 0001:00010e30       _DecryptBufferLRW128@24    00021330 f   Common:crypto.obj
 0001:00011050       _DecryptBufferLRW64@24     00021550 f   Common:crypto.obj
 0001:000111f0       _EncryptBuffer@16          000216f0 f   Common:crypto.obj
 0001:00011610       _DataUnit2LRWIndex@16      00021b10 f   Common:crypto.obj
 0001:000116c0       _EncryptDataUnits@16       00021bc0 f   Common:crypto.obj
 0001:000116f0       _EncryptDataUnitsCurrentThread@20 00021bf0 f   Common:crypto.obj
 0001:00011b90       _DecryptBuffer@16          00022090 f   Common:crypto.obj
 0001:00011ff0       _DecryptDataUnits@16       000224f0 f   Common:crypto.obj
 0001:00012020       _DecryptDataUnitsCurrentThread@20 00022520 f   Common:crypto.obj
 0001:00012380       _GetMaxPkcs5OutSize@0      00022880 f   Common:crypto.obj
 0001:00012470       _IsAesHwCpuSupported@0     00022970 f   Common:crypto.obj
 0001:000124d0       _EnableHwEncryption@4      000229d0 f   Common:crypto.obj
 0001:000124f0       _IsHwEncryptionEnabled@0   000229f0 f   Common:crypto.obj
 0001:00012510       _GetHeaderField16@8        00022a10 f   Common:volumes.obj
 0001:00012530       _GetHeaderField32@8        00022a30 f   Common:volumes.obj
 0001:00012550       _GetHeaderField64@8        00022a50 f   Common:volumes.obj
 0001:00012590       _ReadVolumeHeader@20       00022a90 f   Common:volumes.obj
 0001:000132e0       _GetWipePassCount@4        000237e0 f   Common:wipe.obj
 0001:00013360       _WipeBuffer@20             00023860 f   Common:wipe.obj
 0001:00013690       _XTSAesTest@4              00023b90 f   Common:tests.obj
 0001:00013830       _CipherInit2@16            00023d30 f   Common:tests.obj
 0001:00013910       _LRWAesTest@4              00023e10 f   Common:tests.obj
 0001:00013a60       _TestSectorBufEncryption@4 00023f60 f   Common:tests.obj
 0001:00014e90       _TestLegacySectorBufEncryption@4 00025390 f   Common:tests.obj
 0001:00016cb0       _AutoTestAlgorithms@0      000271b0 f   Common:tests.obj
 0001:00017430       _test_hmac_sha512@0        00027930 f   Common:tests.obj
 0001:00017540       _test_hmac_sha1@0          00027a40 f   Common:tests.obj
 0001:00017650       _test_hmac_ripemd160@0     00027b50 f   Common:tests.obj
 0001:00017730       _test_hmac_whirlpool@0     00027c30 f   Common:tests.obj
 0001:000177d0       _test_pkcs5@0              00027cd0 f   Common:tests.obj
 0001:00017a00       _EncryptionThreadPoolStart@4 00027f00 f   Common:encryptionthreadpool.obj
 0001:00017b70       _ExInitializeFastMutex@4   00028070 f i Common:encryptionthreadpool.obj
 0001:00017f00       _EncryptionThreadPoolStop@0 00028400 f   Common:encryptionthreadpool.obj
 0001:00017f80       _EncryptionThreadPoolBeginKeyDerivation@40 00028480 f   Common:encryptionthreadpool.obj
 0001:000180c0       _EncryptionThreadPoolDoWork@20 000285c0 f   Common:encryptionthreadpool.obj
 0001:00018340       _GetEncryptionThreadCount@0 00028840 f   Common:encryptionthreadpool.obj
 0001:00018360       _IsEncryptionThreadPoolRunning@0 00028860 f   Common:encryptionthreadpool.obj
 0001:00018380       _MirrorBytes16@4           00028880 f   Common:endian.obj
 0001:000183a0       _MirrorBytes32@4           000288a0 f   Common:endian.obj
 0001:00018400       _MirrorBytes64@8           00028900 f   Common:endian.obj
 0001:00018570       _bsw_32@8                  00028a70 f i Common:gfmul.obj
 0001:000185f0       _move_block_aligned@8      00028af0 f i Common:gfmul.obj
 0001:00018630       _xor_block_aligned@8       00028b30 f i Common:gfmul.obj
 0001:00018690       _compile_8k_table@8        00028b90 f   Common:gfmul.obj
 0001:00018970       _mul_x@4                   00028e70 f i Common:gfmul.obj
 0001:00018a10       _mul_lex8@4                00028f10 f i Common:gfmul.obj
 0001:00018aa0       _compile_4k_table64@8      00028fa0 f   Common:gfmul.obj
 0001:00018d60       _mul_x64@4                 00029260 f i Common:gfmul.obj
 0001:00018dd0       _mul_lex8_64@4             000292d0 f i Common:gfmul.obj
 0001:00018e20       _MirrorBits128@4           00029320 f   Common:gfmul.obj
 0001:00018f80       _MirrorBits64@4            00029480 f   Common:gfmul.obj
 0001:000190d0       _Gf128Tab64Init@8          000295d0 f   Common:gfmul.obj
 0001:000192c0       _Gf64TabInit@8             000297c0 f   Common:gfmul.obj
 0001:000194a0       _Gf128MulBy64Tab@12        000299a0 f   Common:gfmul.obj
 0001:000196e0       _Gf64MulTab@12             00029be0 f   Common:gfmul.obj
 0001:00019900       _move_block_aligned64@8    00029e00 f i Common:gfmul.obj
 0001:00019930       _xor_block_aligned64@8     00029e30 f i Common:gfmul.obj
 0001:00019960       _EncryptBufferXTS@32       00029e60 f   Common:xts.obj
 0001:0001a300       _DecryptBufferXTS@32       0002a800 f   Common:xts.obj
 0001:0001aca0       _hmac_truncate@12          0002b1a0 f   Common:pkcs5.obj
 0001:0001ace0       _hmac_sha512@24            0002b1e0 f   Common:pkcs5.obj
 0001:0001b160       _derive_u_sha512@28        0002b660 f   Common:pkcs5.obj
 0001:0001b350       _derive_key_sha512@28      0002b850 f   Common:pkcs5.obj
 0001:0001b490       _hmac_sha1@24              0002b990 f   Common:pkcs5.obj
 0001:0001b8e0       _derive_u_sha1@28          0002bde0 f   Common:pkcs5.obj
 0001:0001baf0       _derive_key_sha1@28        0002bff0 f   Common:pkcs5.obj
 0001:0001bc30       _hmac_ripemd160@20         0002c130 f   Common:pkcs5.obj
 0001:0001bf60       _derive_u_ripemd160@28     0002c460 f   Common:pkcs5.obj
 0001:0001c160       _derive_key_ripemd160@28   0002c660 f   Common:pkcs5.obj
 0001:0001c2a0       _hmac_whirlpool@24         0002c7a0 f   Common:pkcs5.obj
 0001:0001c720       _derive_u_whirlpool@28     0002cc20 f   Common:pkcs5.obj
 0001:0001c910       _derive_key_whirlpool@28   0002ce10 f   Common:pkcs5.obj
 0001:0001ca50       _get_pkcs5_iteration_count@8 0002cf50 f   Common:pkcs5.obj
 0001:0001cae0       _TripleDesSetKey@12        0002cfe0 f   Crypto:des.obj
 0001:0001ced0       _TripleDesEncrypt@16       0002d3d0 f   Crypto:des.obj
 0001:0001d390       _Cast5Encrypt@12           0002d890 f   Crypto:cast.obj
 0001:0001d990       _Cast5Decrypt@12           0002de90 f   Crypto:cast.obj
 0001:0001dfa0       _Cast5SetKey@12            0002e4a0 f   Crypto:cast.obj
 0001:0001ea80       _BlowfishSetKey@12         0002ef80 f   Crypto:blowfish.obj
 0001:0001ed50       _BlowfishEncryptLE@16      0002f250 f   Crypto:blowfish.obj
 0001:0001ee90       _twofish_set_key@12        0002f390 f   Crypto:twofish.obj
 0001:0001fa40       _twofish_encrypt@12        0002ff40 f   Crypto:twofish.obj
 0001:000206f0       _twofish_decrypt@12        00030bf0 f   Crypto:twofish.obj
 0001:000213a0       _serpent_set_key@12        000318a0 f   Crypto:serpent.obj
 0001:00021d60       _serpent_encrypt@12        00032260 f   Crypto:serpent.obj
 0001:00022a30       _serpent_decrypt@12        00032f30 f   Crypto:serpent.obj
 0001:00023680       _aes_encrypt_key256@8      00033b80 f   Crypto:aeskey.obj
 0001:00023e40       _aes_decrypt_key256@8      00034340 f   Crypto:aeskey.obj
 0001:00024de0       _aes_encrypt@12            000352e0     Crypto:aes_x86.obj
 0001:000259e0       _aes_decrypt@12            00035ee0     Crypto:aes_x86.obj
 0001:000265f0       _aes_hw_cpu_enable_sse@0   00036af0     Crypto:aes_hw_cpu.obj
 0001:000265fb       _is_aes_hw_cpu_supported@0 00036afb     Crypto:aes_hw_cpu.obj
 0001:0002660d       _aes_hw_cpu_decrypt@8      00036b0d     Crypto:aes_hw_cpu.obj
 0001:000266c9       _aes_hw_cpu_decrypt_32_blocks@8 00036bc9     Crypto:aes_hw_cpu.obj
 0001:00026b39       _aes_hw_cpu_encrypt@8      00037039     Crypto:aes_hw_cpu.obj
 0001:00026bf5       _aes_hw_cpu_encrypt_32_blocks@8 000370f5     Crypto:aes_hw_cpu.obj
 0001:00027070       _sha512_compile@4          00037570 f   Crypto:sha2.obj
 0001:0002a550       _sha512_hash@12            0003aa50 f   Crypto:sha2.obj
 0001:0002aa10       _sha512_begin@4            0003af10 f   Crypto:sha2.obj
 0001:0002aa60       _sha512_end@8              0003af60 f   Crypto:sha2.obj
 0001:0002aa80       _sha1_compile@4            0003af80 f   Crypto:sha1.obj
 0001:0002ce20       _sha1_begin@4              0003d320 f   Crypto:sha1.obj
 0001:0002ce80       _sha1_hash@12              0003d380 f   Crypto:sha1.obj
 0001:0002cfb0       _sha1_end@8                0003d4b0 f   Crypto:sha1.obj
 0001:0002d160       _RMD160Init@4              0003d660 f   Crypto:rmd160.obj
 0001:0002d1c0       _RMD160Update@12           0003d6c0 f   Crypto:rmd160.obj
 0001:0002d300       _RMD160Final@8             0003d800 f   Crypto:rmd160.obj
 0001:0002d4c0       _RMD160Transform@8         0003d9c0 f   Crypto:rmd160.obj
 0001:0002fac0       _WHIRLPOOL_init@4          0003ffc0 f   Crypto:whirlpool.obj
 0001:0002fb40       _WHIRLPOOL_add@12          00040040 f   Crypto:whirlpool.obj
 0001:00031470       _WHIRLPOOL_finalize@8      00041970 f   Crypto:whirlpool.obj
 0001:00031660       __except_handler4          00041b60 f   sehupd:chandler4.obj
 0001:000317bc       __local_unwind4            00041cbc f   sehupd:exsup4.obj
 0001:00031885       __seh_longjmp_unwind4@4    00041d85 f   sehupd:exsup4.obj
 0001:000318a1       @_EH4_CallFilterFunc@8     00041da1 f   sehupd:exsup4.obj
 0001:000318b8       @_EH4_TransferToHandler@8  00041db8 f   sehupd:exsup4.obj
 0001:000318ca       @_EH4_GlobalUnwind@4       00041dca f   sehupd:exsup4.obj
 0001:000318e4       @_EH4_LocalUnwind@16       00041de4 f   sehupd:exsup4.obj
 0001:00031900       __NLG_Call                 00041e00 f   sehupd:_nlgsupp.obj
 0001:00031908       __allshl                   00041e08 f   ntoskrnl:ntoskrnl.exe
 0001:00031914       _RtlUnwind@16              00041e14 f   ntoskrnl:ntoskrnl.exe
 0001:00031920       ??_C@_0BJ@FBGGCCGI@BootArgumentsCrc32?5?$DN?5?$CFx?6?$AA@FNODOBFM@ 00041e20     drivefilter.obj
 0001:00031940       ??_C@_0BJ@DENLEODJ@BootDriveSignature?5?$DN?5?$CFx?6?$AA@FNODOBFM@ 00041e40     drivefilter.obj
 0001:00031960       ??_C@_0M@KEDLLGKK@Flags?5?$DN?5?$CFx?6?$AA@FNODOBFM@ 00041e60     drivefilter.obj
 0001:00031970       ??_C@_0CD@BAEBNNNN@DecoySystemPartitionStart?5?$DN?5?$CFI64@FNODOBFM@ 00041e70     drivefilter.obj
 0001:000319a0       ??_C@_0CE@JLLKOMJD@HiddenSystemPartitionStart?5?$DN?5?$CFI6@FNODOBFM@ 00041ea0     drivefilter.obj
 0001:000319d0       ??_C@_0BH@OFNGPMHI@CryptoInfoLength?5?$DN?5?$CFd?6?$AA@FNODOBFM@ 00041ed0     drivefilter.obj
 0001:000319f0       ??_C@_0BH@DOJHKKND@CryptoInfoOffset?5?$DN?5?$CFx?6?$AA@FNODOBFM@ 00041ef0     drivefilter.obj
 0001:00031a10       ??_C@_0BG@PNJAPAAK@HeaderSaltCrc32?5?$DN?5?$CFx?6?$AA@FNODOBFM@ 00041f10     drivefilter.obj
 0001:00031a30       ??_C@_0BI@NEHGCDJA@BootLoaderVersion?5?$DN?5?$CFx?6?$AA@FNODOBFM@ 00041f30     drivefilter.obj
 0001:00031a50       ??_C@_0BN@NBHIKKLK@BootArguments?5CRC?5incorrect?6?$AA@FNODOBFM@ 00041f50     drivefilter.obj
 0001:00031a70       ??_C@_0BN@JFNHMJPM@BootArguments?5found?5at?50x?$CFx?6?$AA@FNODOBFM@ 00041f70     drivefilter.obj
 0001:00031a90       ??_C@_0CA@ILBJGGPO@Checking?5BootArguments?5at?50x?$CFx?6?$AA@FNODOBFM@ 00041f90     drivefilter.obj
 0001:00031ab0       ??_C@_0BN@FJJFAJFG@DriveFilterAddDevice?5pdo?$DN?$CFp?6?$AA@FNODOBFM@ 00041fb0     drivefilter.obj
 0001:00031ad0       ??_C@_0DK@ECCPCMLD@?$CBExtension?9?$DObRootDevice?5?$CG?$CG?5Exten@FNODOBFM@ 00041fd0     drivefilter.obj
 0001:00031b10       ??_C@_0CF@JNBKAODJ@e?3?2truecrypt7?41?2driver?2drivefilt@FNODOBFM@ 00042010     drivefilter.obj
 0001:00031b40       ??_C@_0CM@LOONDNKF@Irp?9?$DOCurrentLocation?5?$DM?$DN?5Irp?9?$DOSta@FNODOBFM@ 00042040     drivefilter.obj
 0001:00031b70       ??_C@_0CF@LIHGPBLF@c?3?2winddk?27600?416385?41?2inc?2ddk?2w@FNODOBFM@ 00042070     drivefilter.obj
 0001:00031ba0       ??_C@_0CI@HDMHMCGD@Irp?9?$DOCurrentLocation?5?$DM?$DN?5Irp?9?$DOSta@FNODOBFM@ 000420a0     drivefilter.obj
 0001:00031bd0       ??_C@_0BN@GINPCIAN@IRP_MN_REMOVE_DEVICE?5pdo?$DN?$CFp?6?$AA@FNODOBFM@ 000420d0     drivefilter.obj
 0001:00031bf0       ??_C@_0BJ@ECOGMEFG@Preventing?5dump?5type?$DN?$CFd?6?$AA@FNODOBFM@ 000420f0     drivefilter.obj
 0001:00031c10       ??_C@_0CK@HDNODHHC@IRP_MN_DEVICE_USAGE_NOTIFICATION@FNODOBFM@ 00042110     drivefilter.obj
 0001:00031c40       ??_C@_0BM@EOGIDBIC@IRP_MN_START_DEVICE?5pdo?$DN?$CFp?6?$AA@FNODOBFM@ 00042140     drivefilter.obj
 0001:00031c60       ??_C@_0BI@ONACDOIC@Extension?9?$DODriveMounted?$AA@FNODOBFM@ 00042160     drivefilter.obj
 0001:00031c80       ??_C@_0BD@EAAMLHLJ@Dismounting?5drive?6?$AA@FNODOBFM@ 00042180     drivefilter.obj
 0001:00031ca0       ??_C@_0FK@JAEDPCKJ@?$CIInvokeOnSuccess?5?$HM?$HM?5InvokeOnErro@FNODOBFM@ 000421a0     drivefilter.obj
 0001:00031d00       ??_C@_0BJ@HKMILGM@Irp?9?$DOCurrentLocation?5?$DO?50?$AA@FNODOBFM@ 00042200     drivefilter.obj
 0001:00031d20       ??_C@_0BP@NOBPEAIN@Drive?5and?5volume?5merged?5pdo?$DN?$CFp?$AA@FNODOBFM@ 00042220     drivefilter.obj
 0001:00031d40       ??_C@_0BG@CKLJIMPP@Header?5not?5decrypted?6?$AA@FNODOBFM@ 00042240     drivefilter.obj
 0001:00031d60       ??_C@_0CH@IHPMFJGA@Failed?5to?5get?5drive?5length?5?9?5err@FNODOBFM@ 00042260     drivefilter.obj
 0001:00031d90       ??_C@_0CH@LNDECHEL@Failed?5to?5get?5drive?5number?5?9?5err@FNODOBFM@ 00042290     drivefilter.obj
 0001:00031dc0       ??_C@_0BF@DFBDNCBE@Wiping?5memory?5?$CFx?5?$CFd?6?$AA@FNODOBFM@ 000422c0     drivefilter.obj
 0001:00031de0       ??_C@_0EK@PHFABMCK@Loaded?3?5EncryptedAreaStart?$DN?$CFI64d@FNODOBFM@ 000422e0     drivefilter.obj
 0001:00031e30       ??_C@_0FO@PAPPJPK@Loaded?3?5ConfiguredEncryptedAreaS@FNODOBFM@ 00042330     drivefilter.obj
 0001:00031e90       ??_C@_0CE@NLPFMAEC@RemappedAreaDataUnitOffset?5?$DN?5?$CFI6@FNODOBFM@ 00042390     drivefilter.obj
 0001:00031ec0       ??_C@_0BM@GBKCGBDB@RemappedAreaOffset?5?$DN?5?$CFI64d?6?$AA@FNODOBFM@ 000423c0     drivefilter.obj
 0001:00031ee0       ??_C@_0CE@ONLIABPH@Hidden?5volume?5start?5offset?5?$DN?5?$CFI6@FNODOBFM@ 000423e0     drivefilter.obj
 0001:00031f10       ??_C@_0BC@LMOOMJMK@Header?5decrypted?6?$AA@FNODOBFM@ 00042410     drivefilter.obj
 0001:00031f30       ??_C@_0BH@FBDKNNGH@TCReadDevice?5error?5?$CFx?6?$AA@FNODOBFM@ 00042430     drivefilter.obj
 0001:00031f50       ??_C@_0CA@JLOPIPKN@Reading?5volume?5header?5at?5?$CFI64u?6?$AA@FNODOBFM@ 00042450     drivefilter.obj
 0001:00031f70       ??_C@_0CE@KKOENIAD@KeGetCurrentIrql?$CI?$CJ?5?$DN?$DN?5PASSIVE_LE@FNODOBFM@ 00042470     drivefilter.obj
 0001:00031fa0       ??_C@_0BD@JFDPBFDA@MountDrive?5pdo?$DN?$CFp?6?$AA@FNODOBFM@ 000424a0     drivefilter.obj
 0001:00031fc0       ??_C@_0CL@JHMIFAKG@IRP_MJ_POWER?5minor?$DN?$CFd?5type?$DN?$CFd?5sh@FNODOBFM@ 000424c0     drivefilter.obj
 0001:00031ff0       ??_C@_0BF@GFCPIAML@Header?5not?5reopened?6?$AA@FNODOBFM@ 000424f0     drivefilter.obj
 0001:00032010       ??_C@_0BB@DLMCDLIB@Header?5reopened?6?$AA@FNODOBFM@ 00042510     drivefilter.obj
 0001:00032030       ??_C@_0BJ@CFHEDMMF@?$CBIsOSAtLeast?5?$CIWIN_VISTA?$CJ?$AA@FNODOBFM@ 00042530     drivefilter.obj
 0001:00032050       ??_C@_1M@IFMDENJC@?$AAH?$AAI?$AAB?$AAE?$AAR?$AA?$AA@FNODOBFM@ 00042550     drivefilter.obj
 0001:00032060       ??_C@_1M@JEHGIGBM@?$AAH?$AAi?$AAb?$AAe?$AAr?$AA?$AA@FNODOBFM@ 00042560     drivefilter.obj
 0001:00032070       ??_C@_1M@IMEHFNOE@?$AAh?$AAi?$AAb?$AAe?$AAr?$AA?$AA@FNODOBFM@ 00042570     drivefilter.obj
 0001:00032080       ??_C@_0BN@MGBGIHJM@Filtering?5WriteFunctionB?5?$CFd?6?$AA@FNODOBFM@ 00042580     drivefilter.obj
 0001:000320a0       ??_C@_0BN@EAICPFDC@Filtering?5WriteFunctionA?5?$CFd?6?$AA@FNODOBFM@ 000425a0     drivefilter.obj
 0001:000320c0       ??_C@_0FE@OKPCPDJI@Setup?5completed?3?5?5EncryptedAreaS@FNODOBFM@ 000425c0     drivefilter.obj
 0001:00032120       ??_C@_0BE@IDPHHPHP@NT_SUCCESS?5?$CIstatus?$CJ?$AA@FNODOBFM@ 00042620     drivefilter.obj
 0001:00032140       ??_C@_0BI@LEBDPHBF@TCWriteDevice?5error?5?$CFx?6?$AA@FNODOBFM@ 00042640     drivefilter.obj
 0001:00032160       ??_C@_0CF@CKMJEIIB@TCReadDevice?5error?5?$CFx?5?5offset?$DN?$CFI@FNODOBFM@ 00042660     drivefilter.obj
 0001:00032190       ??_C@_0DK@GDPNMFEK@EncryptedAreaStart?$DN?$CFI64d?5?$CI?$CFI64d?$CJ@FNODOBFM@ 00042690     drivefilter.obj
 0001:000321d0       ??_C@_0O@CPDGLKAG@offset?$DN?$CFI64d?6?$AA@FNODOBFM@ 000426d0     drivefilter.obj
 0001:000321e0       ??_C@_0CC@FCINBIJC@ConfiguredEncryptedAreaEnd?$DN?$CFI64d@FNODOBFM@ 000426e0     drivefilter.obj
 0001:00032210       ??_C@_0CE@PHJPGEOK@ConfiguredEncryptedAreaStart?$DN?$CFI6@FNODOBFM@ 00042710     drivefilter.obj
 0001:00032240       ??_C@_0BI@NGOBDECI@EncryptedAreaEnd?$DN?$CFI64d?6?$AA@FNODOBFM@ 00042740     drivefilter.obj
 0001:00032260       ??_C@_0BK@NLGNMKFH@EncryptedAreaStart?$DN?$CFI64d?6?$AA@FNODOBFM@ 00042760     drivefilter.obj
 0001:00032280       ??_C@_0P@DCAIKIEM@Decrypting?4?4?4?6?$AA@FNODOBFM@ 00042780     drivefilter.obj
 0001:00032290       ??_C@_0P@MEMLEIEJ@Encrypting?4?4?4?6?$AA@FNODOBFM@ 00042790     drivefilter.obj
 0001:000322a0       ??_C@_0BH@PIJMMLOC@TCWriteDevice?5error?5?$CFx?$AA@FNODOBFM@ 000427a0     drivefilter.obj
 0001:000322c0       ??_C@_0BF@DGHCICOF@Header?5not?5decrypted?$AA@FNODOBFM@ 000427c0     drivefilter.obj
 0001:000322e0       ??_C@_0EK@MOIFFFBD@Saving?3?5EncryptedAreaStart?$DN?$CFI64d@FNODOBFM@ 000427e0     drivefilter.obj
 0001:00032330       ??_C@_0FO@BIDJBKJB@Saving?3?5ConfiguredEncryptedAreaS@FNODOBFM@ 00042830     drivefilter.obj
 0001:00032390       ??_C@_0BG@EAILECP@TCReadDevice?5error?5?$CFx?$AA@FNODOBFM@ 00042890     drivefilter.obj
 0001:000323b0       ??_C@_0DB@OHMKNOCN@Wipe?5end?3?5DecoySystemWipedAreaEn@FNODOBFM@ 000428b0     drivefilter.obj
 0001:000323f0       ??_C@_0CM@PJEGGJLG@Wiping?5decoy?5system?3?5?5start?5offs@FNODOBFM@ 000428f0     drivefilter.obj
 0001:00032420       ??_C@_0BK@MPDBPBLL@DumpFilterEntry?5error?5?$CFx?6?$AA@FNODOBFM@ 00042920     dumpfilter.obj
 0001:00032440       ??_C@_0BM@NIHDEFIH@Dump?5filter?5loaded?5type?$DN?$CFd?6?$AA@FNODOBFM@ 00042940     dumpfilter.obj
 0001:00032460       ??_C@_1CE@IPABBIFA@?$AA?2?$AAD?$AAe?$AAv?$AAi?$AAc?$AAe?$AA?2?$AAT?$AAr?$AAu?$AAe?$AAC?$AAr?$AAy?$AAp?$AAt?$AA?$AA@FNODOBFM@ 00042960     dumpfilter.obj
 0001:00032490       ??_C@_0BJ@DKEIHACK@DumpFilterEntry?5type?$DN?$CFd?6?$AA@FNODOBFM@ 00042990     dumpfilter.obj
 0001:000324b0       ??_C@_0BJ@IKOJIFKO@DumpFilterStart?5type?$DN?$CFd?6?$AA@FNODOBFM@ 000429b0     dumpfilter.obj
 0001:000324d0       ??_C@_0BK@EIOFNLAN@DumpFilterFinish?5type?$DN?$CFd?6?$AA@FNODOBFM@ 000429d0     dumpfilter.obj
 0001:000324f0       ??_C@_0BK@LHLJKEKP@DumpFilterUnload?5type?$DN?$CFd?6?$AA@FNODOBFM@ 000429f0     dumpfilter.obj
 0001:00032510       ??_C@_0CK@BDMNJIPB@e?3?2truecrypt7?41?2driver?2encrypted@FNODOBFM@ 00042a10     encryptedioqueue.obj
 0001:00032540       ??_C@_0CB@JMNJFHBF@STATUS_DEVICE_NOT_READY?5?5out?$DN?$CFd?6@FNODOBFM@ 00042a40     encryptedioqueue.obj
 0001:00032570       ??_C@_0BC@DPKEMNCN@?$CBqueue?9?$DOSuspended?$AA@FNODOBFM@ 00042a70     encryptedioqueue.obj
 0001:00032590       ??_C@_0BB@CDEEPNAM@queue?9?$DOSuspended?$AA@FNODOBFM@ 00042a90     encryptedioqueue.obj
 0001:000325b0       ??_C@_0P@IPONPJEA@Queue?5started?6?$AA@FNODOBFM@ 00042ab0     encryptedioqueue.obj
 0001:000325c0       ??_C@_0CG@COCFEEEN@?$CBbuffer?9?$DOInUse?5?$HM?$HM?5queue?9?$DOStartPe@FNODOBFM@ 00042ac0     encryptedioqueue.obj
 0001:000325f0       ??_C@_0GC@JKEACOCL@request?9?$DOEncryptedOffset?5?$CL?5reque@FNODOBFM@ 00042af0     encryptedioqueue.obj
 0001:00032660       ??_C@_0O@FECNDOKE@buffer?9?$DOInUse?$AA@FNODOBFM@ 00042b60     encryptedioqueue.obj
 0001:00032670       ??_C@_0DI@GBCOIBFH@Preventing?5write?5to?5boot?5loader?5@FNODOBFM@ 00042b70     encryptedioqueue.obj
 0001:000326b0       ??_C@_0DJ@KOLNOKOK@Preventing?5write?5to?5the?5system?5e@FNODOBFM@ 00042bb0     encryptedioqueue.obj
 0001:000326f0       ??_C@_0EP@IGAPPBIF@Hidden?5volume?5protection?5trigger@FNODOBFM@ 00042bf0     encryptedioqueue.obj
 0001:00032740       ??_C@_0BH@LHJJPAN@Queue?5stopped?5?5out?$DN?$CFd?6?$AA@FNODOBFM@ 00042c40     encryptedioqueue.obj
 0001:00032760       ??_C@_0BI@FIKKAEEK@Queue?5stopping?5?5out?$DN?$CFd?6?$AA@FNODOBFM@ 00042c60     encryptedioqueue.obj
 0001:00032780       ??_C@_0BE@PAKNKFEC@?$CBqueue?9?$DOStopPending?$AA@FNODOBFM@ 00042c80     encryptedioqueue.obj
 0001:000327a0       ??_C@_0BN@PIELMKDH@Volume?5pdo?$DN?$CFp?5interface?$DN?$CFws?6?$AA@FNODOBFM@ 00042ca0     ntdriver.obj
 0001:000327c0       ??_C@_0CD@FCIMJPEM@AddDevice?5pdo?$DN?$CFp?5type?$DN?$CFx?5name?$DN?$CFw@FNODOBFM@ 00042cc0     ntdriver.obj
 0001:000327f0       ??_C@_13HGPDMIBE@?$AA?$DP?$AA?$AA@FNODOBFM@ 00042cf0     ntdriver.obj
 0001:00032800       ??_C@_0DF@IHIBAGEA@0x?$CF08p?5?5?$CF02x?5?$CF02x?5?$CF02x?5?$CF02x?5?$CF02x@FNODOBFM@ 00042d00     ntdriver.obj
 0001:00032840       ??_C@_0FE@HIDEPCAO@STATUS_BUFFER_TOO_SMALL?5ioctl?$DN0x@FNODOBFM@ 00042d40     ntdriver.obj
 0001:000328a0       ??_C@_0CC@LEOBGDBK@e?3?2truecrypt7?41?2driver?2ntdriver?4@FNODOBFM@ 00042da0     ntdriver.obj
 0001:000328d0       ??_C@_0EI@NJLFEPKD@Removable?5device?5?$CFd?5has?5DO_VERIF@FNODOBFM@ 00042dd0     ntdriver.obj
 0001:00032920       ??_C@_0DA@HGPNLENJ@Device?5?$CFd?5shutting?5down?3?5STATUS_@FNODOBFM@ 00042e20     ntdriver.obj
 0001:00032950       ??_C@_0BG@JHFMBFJC@Driver?5shutting?5down?6?$AA@FNODOBFM@ 00042e50     ntdriver.obj
 0001:00032970       ??_C@_0P@CMDFIGFB@?$CFls?5?$CI0x?$CFx?5?$CFd?$CJ?6?$AA@FNODOBFM@ 00042e70     ntdriver.obj
 0001:00032980       ??_C@_0CJ@CAANMOOG@TCCreateDeviceObject?5STATUS_SUCC@FNODOBFM@ 00042e80     ntdriver.obj
 0001:000329b0       ??_C@_0CM@DAAJFNOI@TCCreateDeviceObject?5NTSTATUS?5?$DN?5@FNODOBFM@ 00042eb0     ntdriver.obj
 0001:000329e0       ??_C@_0CA@MBKOBJGH@Creating?5device?5nt?$DN?$CFls?5dos?$DN?$CFls?6?$AA@FNODOBFM@ 00042ee0     ntdriver.obj
 0001:00032a00       ??_C@_0BM@HAIECJHN@TCCreateDeviceObject?5BEGIN?6?$AA@FNODOBFM@ 00042f00     ntdriver.obj
 0001:00032a20       ??_C@_0BO@BEMMNDOD@IOCTL?5error?50x?$CF08x?5?$CI0x?$CFx?5?$CFd?$CJ?6?$AA@FNODOBFM@ 00042f20     ntdriver.obj
 0001:00032a40       ??_C@_0M@HABEOOKA@link?5?$DN?5?$CFls?6?$AA@FNODOBFM@ 00042f40     ntdriver.obj
 0001:00032a50       ??_C@_08DALLBBIL@id?5?$DN?5?$CFs?6?$AA@FNODOBFM@ 00042f50     ntdriver.obj
 0001:00032a60       ??_C@_0BA@OLBPPLP@TrueCryptVolume?$AA@FNODOBFM@ 00042f60     ntdriver.obj
 0001:00032a70       ??_C@_0M@FBJPBOL@name?5?$DN?5?$CFls?6?$AA@FNODOBFM@ 00042f70     ntdriver.obj
 0001:00032a80       ??_C@_0BE@MLCKFMJI@IOCTL?5error?50x?$CF08x?6?$AA@FNODOBFM@ 00042f80     ntdriver.obj
 0001:00032aa0       ??_C@_0BH@GFMHOPFN@Setting?5portable?5mode?6?$AA@FNODOBFM@ 00042fa0     ntdriver.obj
 0001:00032ac0       ??_C@_0CA@FCHCHJKN@Open?5test?5on?5file?5?$CFls?5success?4?6?$AA@FNODOBFM@ 00042fc0     ntdriver.obj
 0001:00032ae0       ??_C@_09EMKKFGIH@TrueCrypt?$AA@FNODOBFM@ 00042fe0     ntdriver.obj
 0001:00032af0       ??_C@_0CK@KIOPBGEO@Waiting?5completed?$CB?5Thread?5return@FNODOBFM@ 00042ff0     ntdriver.obj
 0001:00032b20       ??_C@_0CF@DMBFEFC@Waiting?5for?5thread?5to?5initialize@FNODOBFM@ 00043020     ntdriver.obj
 0001:00032b50       ??_C@_0CB@DGOAIPAC@PsCreateSystemThread?5Failed?5END?6@FNODOBFM@ 00043050     ntdriver.obj
 0001:00032b80       ??_C@_0BE@DCPHDOHD@Starting?5thread?4?4?4?6?$AA@FNODOBFM@ 00043080     ntdriver.obj
 0001:00032ba0       ??_C@_0P@OPFPPFJJ@Thread?5exited?6?$AA@FNODOBFM@ 000430a0     ntdriver.obj
 0001:00032bb0       ??_C@_0BG@MEOILBFO@NT_SUCCESS?5?$CIntStatus?$CJ?$AA@FNODOBFM@ 000430b0     ntdriver.obj
 0001:00032bd0       ??_C@_0BO@IDJGLOL@Signalling?5thread?5to?5quit?4?4?4?6?$AA@FNODOBFM@ 000430d0     ntdriver.obj
 0001:00032bf0       ??_C@_0BA@OMKHINCH@Closing?5volume?6?$AA@FNODOBFM@ 000430f0     ntdriver.obj
 0001:00032c00       ??_C@_0CO@PADHEFHE@irpSp?9?$DOMajorFunction?5?$DN?$DN?5IRP_MJ_D@FNODOBFM@ 00043100     ntdriver.obj
 0001:00032c30       ??_C@_0DO@GJJNBBEG@Mount?5THREAD?5request?5for?5File?5?$CFl@FNODOBFM@ 00043130     ntdriver.obj
 0001:00032c70       ??_C@_19JHEHLFPM@?$AA?2?$AA?$DP?$AA?$DP?$AA?2?$AA?$AA@FNODOBFM@ 00043170     ntdriver.obj
 0001:00032c80       ??_C@_1BA@CCLAPIHO@?$AA?2?$AAD?$AAe?$AAv?$AAi?$AAc?$AAe?$AA?$AA@FNODOBFM@ 00043180     ntdriver.obj
 0001:00032c90       ??_C@_0CD@LOGBEHKH@Mount?5THREAD?5OPENING?5VOLUME?5BEGI@FNODOBFM@ 00043190     ntdriver.obj
 0001:00032cc0       ??_C@_1DA@GMJGMIMP@?$AA?2?$AAD?$AAe?$AAv?$AAi?$AAc?$AAe?$AA?2?$AAT?$AAr?$AAu?$AAe?$AAC?$AAr?$AAy?$AAp?$AAt?$AAV?$AAo?$AAl?$AAu?$AAm?$AAe?$AA?$AA@FNODOBFM@ 000431c0     ntdriver.obj
 0001:00032cf0       ??_C@_1BK@LABJKOM@?$AA?2?$AAD?$AAo?$AAs?$AAD?$AAe?$AAv?$AAi?$AAc?$AAe?$AAs?$AA?2?$AA?$AA@FNODOBFM@ 000431f0     ntdriver.obj
 0001:00032d10       ??_C@_1M@KHJOIALG@?$AAI?$AAO?$AAC?$AAT?$AAL?$AA?$AA@FNODOBFM@ 00043210     ntdriver.obj
 0001:00032d20       ??_C@_1CM@DKLAEDLO@?$AAI?$AAR?$AAP?$AA_?$AAM?$AAJ?$AA_?$AAD?$AAE?$AAV?$AAI?$AAC?$AAE?$AA_?$AAC?$AAO?$AAN?$AAT?$AAR?$AAO?$AAL?$AA?$AA@FNODOBFM@ 00043220     ntdriver.obj
 0001:00032d50       ??_C@_1CA@FOECGGNC@?$AAI?$AAR?$AAP?$AA_?$AAM?$AAJ?$AA_?$AAS?$AAH?$AAU?$AAT?$AAD?$AAO?$AAW?$AAN?$AA?$AA@FNODOBFM@ 00043250     ntdriver.obj
 0001:00032d70       ??_C@_1CK@MCKHKFDD@?$AAI?$AAR?$AAP?$AA_?$AAM?$AAJ?$AA_?$AAF?$AAL?$AAU?$AAS?$AAH?$AA_?$AAB?$AAU?$AAF?$AAF?$AAE?$AAR?$AAS?$AA?$AA@FNODOBFM@ 00043270     ntdriver.obj
 0001:00032da0       ??_C@_1BO@GEGOKABG@?$AAI?$AAR?$AAP?$AA_?$AAM?$AAJ?$AA_?$AAC?$AAL?$AAE?$AAA?$AAN?$AAU?$AAP?$AA?$AA@FNODOBFM@ 000432a0     ntdriver.obj
 0001:00032dc0       ??_C@_1BK@JLALPKNJ@?$AAI?$AAR?$AAP?$AA_?$AAM?$AAJ?$AA_?$AAC?$AAL?$AAO?$AAS?$AAE?$AA?$AA@FNODOBFM@ 000432c0     ntdriver.obj
 0001:00032de0       ??_C@_1BM@KFEHBPBD@?$AAI?$AAR?$AAP?$AA_?$AAM?$AAJ?$AA_?$AAC?$AAR?$AAE?$AAA?$AAT?$AAE?$AA?$AA@FNODOBFM@ 000432e0     ntdriver.obj
 0001:00032e00       ??_C@_1BK@HGBIKEDO@?$AAI?$AAR?$AAP?$AA_?$AAM?$AAJ?$AA_?$AAW?$AAR?$AAI?$AAT?$AAE?$AA?$AA@FNODOBFM@ 00043300     ntdriver.obj
 0001:00032e20       ??_C@_1BI@CFPHGFDN@?$AAI?$AAR?$AAP?$AA_?$AAM?$AAJ?$AA_?$AAR?$AAE?$AAA?$AAD?$AA?$AA@FNODOBFM@ 00043320     ntdriver.obj
 0001:00032e40       ??_C@_1DO@MEELNMKF@?$AAI?$AAO?$AAC?$AAT?$AAL?$AA_?$AAS?$AAT?$AAO?$AAR?$AAA?$AAG?$AAE?$AA_?$AAS?$AAE?$AAT?$AA_?$AAH?$AAO?$AAT?$AAP?$AAL?$AAU?$AAG?$AA_?$AAI?$AAN?$AAF?$AAO?$AA?$AA@FNODOBFM@ 00043340     ntdriver.obj
 0001:00032e80       ??_C@_1DG@MIHPHMPG@?$AAI?$AAO?$AAC?$AAT?$AAL?$AA_?$AAD?$AAI?$AAS?$AAK?$AA_?$AAG?$AAE?$AAT?$AA_?$AAM?$AAE?$AAD?$AAI?$AAA?$AA_?$AAT?$AAY?$AAP?$AAE?$AAS?$AA?$AA@FNODOBFM@ 00043380     ntdriver.obj
 0001:00032ec0       ??_C@_1DI@EBJJOMKC@?$AAI?$AAO?$AAC?$AAT?$AAL?$AA_?$AAD?$AAI?$AAS?$AAK?$AA_?$AAF?$AAI?$AAN?$AAD?$AA_?$AAN?$AAE?$AAW?$AA_?$AAD?$AAE?$AAV?$AAI?$AAC?$AAE?$AAS?$AA?$AA@FNODOBFM@ 000433c0     ntdriver.obj
 0001:00032f00       ??_C@_1CG@BFEEHHEK@?$AAI?$AAO?$AAC?$AAT?$AAL?$AA_?$AAD?$AAI?$AAS?$AAK?$AA_?$AAR?$AAE?$AAL?$AAE?$AAA?$AAS?$AAE?$AA?$AA@FNODOBFM@ 00043400     ntdriver.obj
 0001:00032f30       ??_C@_1CG@MJDBKCLM@?$AAI?$AAO?$AAC?$AAT?$AAL?$AA_?$AAD?$AAI?$AAS?$AAK?$AA_?$AAR?$AAE?$AAS?$AAE?$AAR?$AAV?$AAE?$AA?$AA@FNODOBFM@ 00043430     ntdriver.obj
 0001:00032f60       ??_C@_1CM@GNBBIMEE@?$AAI?$AAO?$AAC?$AAT?$AAL?$AA_?$AAD?$AAI?$AAS?$AAK?$AA_?$AAL?$AAO?$AAA?$AAD?$AA_?$AAM?$AAE?$AAD?$AAI?$AAA?$AA?$AA@FNODOBFM@ 00043460     ntdriver.obj
 0001:00032f90       ??_C@_1CO@KHEOABCH@?$AAI?$AAO?$AAC?$AAT?$AAL?$AA_?$AAD?$AAI?$AAS?$AAK?$AA_?$AAE?$AAJ?$AAE?$AAC?$AAT?$AA_?$AAM?$AAE?$AAD?$AAI?$AAA?$AA?$AA@FNODOBFM@ 00043490     ntdriver.obj
 0001:00032fc0       ??_C@_1DC@NMJCPDJD@?$AAI?$AAO?$AAC?$AAT?$AAL?$AA_?$AAD?$AAI?$AAS?$AAK?$AA_?$AAM?$AAE?$AAD?$AAI?$AAA?$AA_?$AAR?$AAE?$AAM?$AAO?$AAV?$AAA?$AAL?$AA?$AA@FNODOBFM@ 000434c0     ntdriver.obj
 0001:00033000       ??_C@_1DA@DLMBEKMN@?$AAI?$AAO?$AAC?$AAT?$AAL?$AA_?$AAD?$AAI?$AAS?$AAK?$AA_?$AAC?$AAH?$AAE?$AAC?$AAK?$AA_?$AAV?$AAE?$AAR?$AAI?$AAF?$AAY?$AA?$AA@FNODOBFM@ 00043500     ntdriver.obj
 0001:00033030       ??_C@_1EC@JFOBAPGC@?$AAI?$AAO?$AAC?$AAT?$AAL?$AA_?$AAD?$AAI?$AAS?$AAK?$AA_?$AAI?$AAN?$AAT?$AAE?$AAR?$AAN?$AAA?$AAL?$AA_?$AAC?$AAL?$AAE?$AAA?$AAR?$AA_?$AAV?$AAE?$AAR?$AAI?$AAF?$AAY@FNODOBFM@ 00043530     ntdriver.obj
 0001:00033080       ??_C@_1DO@JKPDDEIN@?$AAI?$AAO?$AAC?$AAT?$AAL?$AA_?$AAD?$AAI?$AAS?$AAK?$AA_?$AAI?$AAN?$AAT?$AAE?$AAR?$AAN?$AAA?$AAL?$AA_?$AAS?$AAE?$AAT?$AA_?$AAV?$AAE?$AAR?$AAI?$AAF?$AAY?$AA?$AA@FNODOBFM@ 00043580     ntdriver.obj
 0001:000330c0       ??_C@_1CK@JCHEBCIE@?$AAS?$AAM?$AAA?$AAR?$AAT?$AA_?$AAR?$AAC?$AAV?$AA_?$AAD?$AAR?$AAI?$AAV?$AAE?$AA_?$AAD?$AAA?$AAT?$AAA?$AA?$AA@FNODOBFM@ 000435c0     ntdriver.obj
 0001:000330f0       ??_C@_1DC@MGFPICHJ@?$AAS?$AAM?$AAA?$AAR?$AAT?$AA_?$AAS?$AAE?$AAN?$AAD?$AA_?$AAD?$AAR?$AAI?$AAV?$AAE?$AA_?$AAC?$AAO?$AAM?$AAM?$AAA?$AAN?$AAD?$AA?$AA@FNODOBFM@ 000435f0     ntdriver.obj
 0001:00033130       ??_C@_1CE@PLNOGJJD@?$AAS?$AAM?$AAA?$AAR?$AAT?$AA_?$AAG?$AAE?$AAT?$AA_?$AAV?$AAE?$AAR?$AAS?$AAI?$AAO?$AAN?$AA?$AA@FNODOBFM@ 00043630     ntdriver.obj
 0001:00033160       ??_C@_1DK@NNJOEKIN@?$AAI?$AAO?$AAC?$AAT?$AAL?$AA_?$AAD?$AAI?$AAS?$AAK?$AA_?$AAC?$AAO?$AAN?$AAT?$AAR?$AAO?$AAL?$AAL?$AAE?$AAR?$AA_?$AAN?$AAU?$AAM?$AAB?$AAE?$AAR?$AA?$AA@FNODOBFM@ 00043660     ntdriver.obj
 0001:000331a0       ??_C@_1DA@EGLLKJNO@?$AAI?$AAO?$AAC?$AAT?$AAL?$AA_?$AAD?$AAI?$AAS?$AAK?$AA_?$AAR?$AAE?$AAQ?$AAU?$AAE?$AAS?$AAT?$AA_?$AAD?$AAA?$AAT?$AAA?$AA?$AA@FNODOBFM@ 000436a0     ntdriver.obj
 0001:000331d0       ??_C@_1DK@EFIEFEEG@?$AAI?$AAO?$AAC?$AAT?$AAL?$AA_?$AAD?$AAI?$AAS?$AAK?$AA_?$AAR?$AAE?$AAQ?$AAU?$AAE?$AAS?$AAT?$AA_?$AAS?$AAT?$AAR?$AAU?$AAC?$AAT?$AAU?$AAR?$AAE?$AA?$AA@FNODOBFM@ 000436d0     ntdriver.obj
 0001:00033210       ??_C@_1DG@BLHGEOGG@?$AAI?$AAO?$AAC?$AAT?$AAL?$AA_?$AAD?$AAI?$AAS?$AAK?$AA_?$AAH?$AAI?$AAS?$AAT?$AAO?$AAG?$AAR?$AAA?$AAM?$AA_?$AAR?$AAE?$AAS?$AAE?$AAT?$AA?$AA@FNODOBFM@ 00043710     ntdriver.obj
 0001:00033250       ??_C@_1DE@OGHADOL@?$AAI?$AAO?$AAC?$AAT?$AAL?$AA_?$AAD?$AAI?$AAS?$AAK?$AA_?$AAH?$AAI?$AAS?$AAT?$AAO?$AAG?$AAR?$AAA?$AAM?$AA_?$AAD?$AAA?$AAT?$AAA?$AA?$AA@FNODOBFM@ 00043750     ntdriver.obj
 0001:00033290       ??_C@_1DO@JMICENAF@?$AAI?$AAO?$AAC?$AAT?$AAL?$AA_?$AAD?$AAI?$AAS?$AAK?$AA_?$AAH?$AAI?$AAS?$AAT?$AAO?$AAG?$AAR?$AAA?$AAM?$AA_?$AAS?$AAT?$AAR?$AAU?$AAC?$AAT?$AAU?$AAR?$AAE?$AA?$AA@FNODOBFM@ 00043790     ntdriver.obj
 0001:000332d0       ??_C@_1DI@LHHOILKE@?$AAI?$AAO?$AAC?$AAT?$AAL?$AA_?$AAD?$AAI?$AAS?$AAK?$AA_?$AAF?$AAO?$AAR?$AAM?$AAA?$AAT?$AA_?$AAT?$AAR?$AAA?$AAC?$AAK?$AAS?$AA_?$AAE?$AAX?$AA?$AA@FNODOBFM@ 000437d0     ntdriver.obj
 0001:00033310       ??_C@_1CG@LCBFNDKM@?$AAI?$AAO?$AAC?$AAT?$AAL?$AA_?$AAD?$AAI?$AAS?$AAK?$AA_?$AAL?$AAO?$AAG?$AAG?$AAI?$AAN?$AAG?$AA?$AA@FNODOBFM@ 00043810     ntdriver.obj
 0001:00033340       ??_C@_1CO@MFHKENAI@?$AAI?$AAO?$AAC?$AAT?$AAL?$AA_?$AAD?$AAI?$AAS?$AAK?$AA_?$AAI?$AAS?$AA_?$AAW?$AAR?$AAI?$AAT?$AAA?$AAB?$AAL?$AAE?$AA?$AA@FNODOBFM@ 00043840     ntdriver.obj
 0001:00033370       ??_C@_1CO@LEDAJMII@?$AAI?$AAO?$AAC?$AAT?$AAL?$AA_?$AAD?$AAI?$AAS?$AAK?$AA_?$AAP?$AAE?$AAR?$AAF?$AAO?$AAR?$AAM?$AAA?$AAN?$AAC?$AAE?$AA?$AA@FNODOBFM@ 00043870     ntdriver.obj
 0001:000333a0       ??_C@_1DG@HPLPDECO@?$AAI?$AAO?$AAC?$AAT?$AAL?$AA_?$AAD?$AAI?$AAS?$AAK?$AA_?$AAR?$AAE?$AAA?$AAS?$AAS?$AAI?$AAG?$AAN?$AA_?$AAB?$AAL?$AAO?$AAC?$AAK?$AAS?$AA?$AA@FNODOBFM@ 000438a0     ntdriver.obj
 0001:000333e0       ??_C@_1DC@PCKIDBBB@?$AAI?$AAO?$AAC?$AAT?$AAL?$AA_?$AAD?$AAI?$AAS?$AAK?$AA_?$AAF?$AAO?$AAR?$AAM?$AAA?$AAT?$AA_?$AAT?$AAR?$AAA?$AAC?$AAK?$AAS?$AA?$AA@FNODOBFM@ 000438e0     ntdriver.obj
 0001:00033420       ??_C@_1CE@LGEELOJE@?$AAI?$AAO?$AAC?$AAT?$AAL?$AA_?$AAD?$AAI?$AAS?$AAK?$AA_?$AAV?$AAE?$AAR?$AAI?$AAF?$AAY?$AA?$AA@FNODOBFM@ 00043920     ntdriver.obj
 0001:00033450       ??_C@_1DO@EPIDKIKJ@?$AAI?$AAO?$AAC?$AAT?$AAL?$AA_?$AAD?$AAI?$AAS?$AAK?$AA_?$AAS?$AAE?$AAT?$AA_?$AAD?$AAR?$AAI?$AAV?$AAE?$AA_?$AAL?$AAA?$AAY?$AAO?$AAU?$AAT?$AA_?$AAE?$AAX?$AA?$AA@FNODOBFM@ 00043950     ntdriver.obj
 0001:00033490       ??_C@_1DI@CCDFFIEC@?$AAI?$AAO?$AAC?$AAT?$AAL?$AA_?$AAD?$AAI?$AAS?$AAK?$AA_?$AAG?$AAE?$AAT?$AA_?$AAD?$AAR?$AAI?$AAV?$AAE?$AA_?$AAL?$AAA?$AAY?$AAO?$AAU?$AAT?$AA?$AA@FNODOBFM@ 00043990     ntdriver.obj
 0001:000334d0       ??_C@_1DM@FAAIHMNH@?$AAI?$AAO?$AAC?$AAT?$AAL?$AA_?$AAD?$AAI?$AAS?$AAK?$AA_?$AAS?$AAE?$AAT?$AA_?$AAP?$AAA?$AAR?$AAT?$AAI?$AAT?$AAI?$AAO?$AAN?$AA_?$AAI?$AAN?$AAF?$AAO?$AA?$AA@FNODOBFM@ 000439d0     ntdriver.obj
 0001:00033510       ??_C@_1EC@CAILBHJF@?$AAI?$AAO?$AAC?$AAT?$AAL?$AA_?$AAD?$AAI?$AAS?$AAK?$AA_?$AAG?$AAE?$AAT?$AA_?$AAP?$AAA?$AAR?$AAT?$AAI?$AAT?$AAI?$AAO?$AAN?$AA_?$AAI?$AAN?$AAF?$AAO?$AA_?$AAE?$AAX@FNODOBFM@ 00043a10     ntdriver.obj
 0001:00033560       ??_C@_1DM@LOAKHCPB@?$AAI?$AAO?$AAC?$AAT?$AAL?$AA_?$AAD?$AAI?$AAS?$AAK?$AA_?$AAG?$AAE?$AAT?$AA_?$AAP?$AAA?$AAR?$AAT?$AAI?$AAT?$AAI?$AAO?$AAN?$AA_?$AAI?$AAN?$AAF?$AAO?$AA?$AA@FNODOBFM@ 00043a60     ntdriver.obj
 0001:000335a0       ??_C@_1EA@IKPNDHCL@?$AAI?$AAO?$AAC?$AAT?$AAL?$AA_?$AAS?$AAT?$AAO?$AAR?$AAA?$AAG?$AAE?$AA_?$AAG?$AAE?$AAT?$AA_?$AAD?$AAE?$AAV?$AAI?$AAC?$AAE?$AA_?$AAN?$AAU?$AAM?$AAB?$AAE?$AAR?$AA?$AA@FNODOBFM@ 00043aa0     ntdriver.obj
 0001:000335e0       ??_C@_1DG@DLDFECDE@?$AAI?$AAO?$AAC?$AAT?$AAL?$AA_?$AAD?$AAI?$AAS?$AAK?$AA_?$AAG?$AAE?$AAT?$AA_?$AAL?$AAE?$AAN?$AAG?$AAT?$AAH?$AA_?$AAI?$AAN?$AAF?$AAO?$AA?$AA@FNODOBFM@ 00043ae0     ntdriver.obj
 0001:00033620       ??_C@_1FE@EBMKFIFJ@?$AAI?$AAO?$AAC?$AAT?$AAL?$AA_?$AAM?$AAO?$AAU?$AAN?$AAT?$AAM?$AAG?$AAR?$AA_?$AAV?$AAO?$AAL?$AAU?$AAM?$AAE?$AA_?$AAM?$AAO?$AAU?$AAN?$AAT?$AA_?$AAP?$AAO?$AAI?$AAN@FNODOBFM@ 00043b20     ntdriver.obj
 0001:00033680       ??_C@_1FE@CLAOKMGL@?$AAI?$AAO?$AAC?$AAT?$AAL?$AA_?$AAM?$AAO?$AAU?$AAN?$AAT?$AAM?$AAG?$AAR?$AA_?$AAV?$AAO?$AAL?$AAU?$AAM?$AAE?$AA_?$AAM?$AAO?$AAU?$AAN?$AAT?$AA_?$AAP?$AAO?$AAI?$AAN@FNODOBFM@ 00043b80     ntdriver.obj
 0001:000336e0       ??_C@_1DI@LFNEEBHO@?$AAI?$AAO?$AAC?$AAT?$AAL?$AA_?$AAM?$AAO?$AAU?$AAN?$AAT?$AAM?$AAG?$AAR?$AA_?$AAQ?$AAU?$AAE?$AAR?$AAY?$AA_?$AAP?$AAO?$AAI?$AAN?$AAT?$AAS?$AA?$AA@FNODOBFM@ 00043be0     ntdriver.obj
 0001:00033720       ??_C@_1DI@BMKMBCGO@?$AAI?$AAO?$AAC?$AAT?$AAL?$AA_?$AAM?$AAO?$AAU?$AAN?$AAT?$AAD?$AAE?$AAV?$AA_?$AAL?$AAI?$AAN?$AAK?$AA_?$AAD?$AAE?$AAL?$AAE?$AAT?$AAE?$AAD?$AA?$AA@FNODOBFM@ 00043c20     ntdriver.obj
 0001:00033760       ??_C@_1DI@HGGIOGFM@?$AAI?$AAO?$AAC?$AAT?$AAL?$AA_?$AAM?$AAO?$AAU?$AAN?$AAT?$AAD?$AAE?$AAV?$AA_?$AAL?$AAI?$AAN?$AAK?$AA_?$AAC?$AAR?$AAE?$AAA?$AAT?$AAE?$AAD?$AA?$AA@FNODOBFM@ 00043c60     ntdriver.obj
 0001:000337a0       ??_C@_1CI@DJEMJCBH@?$AAI?$AAO?$AAC?$AAT?$AAL?$AA_?$AAV?$AAO?$AAL?$AAU?$AAM?$AAE?$AA_?$AAO?$AAN?$AAL?$AAI?$AAN?$AAE?$AA?$AA@FNODOBFM@ 00043ca0     ntdriver.obj
 0001:000337d0       ??_C@_1DO@OGNDJPNH@?$AAI?$AAO?$AAC?$AAT?$AAL?$AA_?$AAM?$AAO?$AAU?$AAN?$AAT?$AAD?$AAE?$AAV?$AA_?$AAQ?$AAU?$AAE?$AAR?$AAY?$AA_?$AAU?$AAN?$AAI?$AAQ?$AAU?$AAE?$AA_?$AAI?$AAD?$AA?$AA@FNODOBFM@ 00043cd0     ntdriver.obj
 0001:00033810       ??_C@_1FC@MNMCPAAJ@?$AAI?$AAO?$AAC?$AAT?$AAL?$AA_?$AAM?$AAO?$AAU?$AAN?$AAT?$AAD?$AAE?$AAV?$AA_?$AAQ?$AAU?$AAE?$AAR?$AAY?$AA_?$AAS?$AAU?$AAG?$AAG?$AAE?$AAS?$AAT?$AAE?$AAD?$AA_?$AAL@FNODOBFM@ 00043d10     ntdriver.obj
 0001:00033870       ??_C@_1EC@HFOIOEOM@?$AAI?$AAO?$AAC?$AAT?$AAL?$AA_?$AAM?$AAO?$AAU?$AAN?$AAT?$AAD?$AAE?$AAV?$AA_?$AAQ?$AAU?$AAE?$AAR?$AAY?$AA_?$AAD?$AAE?$AAV?$AAI?$AAC?$AAE?$AA_?$AAN?$AAA?$AAM?$AAE@FNODOBFM@ 00043d70     ntdriver.obj
 0001:000338c0       ??_C@_1EC@NPAFBAMN@?$AAI?$AAO?$AAC?$AAT?$AAL?$AA_?$AAD?$AAI?$AAS?$AAK?$AA_?$AAG?$AAE?$AAT?$AA_?$AAD?$AAR?$AAI?$AAV?$AAE?$AA_?$AAG?$AAE?$AAO?$AAM?$AAE?$AAT?$AAR?$AAY?$AA_?$AAE?$AAX@FNODOBFM@ 00043dc0     ntdriver.obj
 0001:00033910       ??_C@_1DM@KPKDNCHM@?$AAI?$AAO?$AAC?$AAT?$AAL?$AA_?$AAD?$AAI?$AAS?$AAK?$AA_?$AAG?$AAE?$AAT?$AA_?$AAD?$AAR?$AAI?$AAV?$AAE?$AA_?$AAG?$AAE?$AAO?$AAM?$AAE?$AAT?$AAR?$AAY?$AA?$AA@FNODOBFM@ 00043e10     ntdriver.obj
 0001:00033950       ??_C@_1EK@FDCJEFAP@?$AAI?$AAO?$AAC?$AAT?$AAL?$AA_?$AAV?$AAO?$AAL?$AAU?$AAM?$AAE?$AA_?$AAG?$AAE?$AAT?$AA_?$AAV?$AAO?$AAL?$AAU?$AAM?$AAE?$AA_?$AAD?$AAI?$AAS?$AAK?$AA_?$AAE?$AAX?$AAT@FNODOBFM@ 00043e50     ntdriver.obj
 0001:000339a0       ??_C@_1EC@FOOPNHFI@?$AAT?$AAC?$AA_?$AAI?$AAO?$AAC?$AAT?$AAL?$AA_?$AAW?$AAR?$AAI?$AAT?$AAE?$AA_?$AAB?$AAO?$AAO?$AAT?$AA_?$AAD?$AAR?$AAI?$AAV?$AAE?$AA_?$AAS?$AAE?$AAC?$AAT?$AAO?$AAR@FNODOBFM@ 00043ea0     ntdriver.obj
 0001:000339f0       ??_C@_1DK@BNKDMLAM@?$AAT?$AAC?$AA_?$AAI?$AAO?$AAC?$AAT?$AAL?$AA_?$AAW?$AAI?$AAP?$AAE?$AA_?$AAP?$AAA?$AAS?$AAS?$AAW?$AAO?$AAR?$AAD?$AA_?$AAC?$AAA?$AAC?$AAH?$AAE?$AA?$AA@FNODOBFM@ 00043ef0     ntdriver.obj
 0001:00033a30       ??_C@_1EC@FGBEDIDI@?$AAT?$AAC?$AA_?$AAI?$AAO?$AAC?$AAT?$AAL?$AA_?$AAS?$AAT?$AAA?$AAR?$AAT?$AA_?$AAD?$AAE?$AAC?$AAO?$AAY?$AA_?$AAS?$AAY?$AAS?$AAT?$AAE?$AAM?$AA_?$AAW?$AAI?$AAP?$AAE@FNODOBFM@ 00043f30     ntdriver.obj
 0001:00033a80       ??_C@_1FE@EBAIHKDI@?$AAT?$AAC?$AA_?$AAI?$AAO?$AAC?$AAT?$AAL?$AA_?$AAS?$AAE?$AAT?$AA_?$AAS?$AAY?$AAS?$AAT?$AAE?$AAM?$AA_?$AAF?$AAA?$AAV?$AAO?$AAR?$AAI?$AAT?$AAE?$AA_?$AAV?$AAO?$AAL@FNODOBFM@ 00043f80     ntdriver.obj
 0001:00033ae0       ??_C@_1DM@JFJLBNLP@?$AAT?$AAC?$AA_?$AAI?$AAO?$AAC?$AAT?$AAL?$AA_?$AAR?$AAE?$AAR?$AAE?$AAA?$AAD?$AA_?$AAD?$AAR?$AAI?$AAV?$AAE?$AAR?$AA_?$AAC?$AAO?$AAN?$AAF?$AAI?$AAG?$AA?$AA@FNODOBFM@ 00043fe0     ntdriver.obj
 0001:00033b20       ??_C@_1EG@GGODONFK@?$AAT?$AAC?$AA_?$AAI?$AAO?$AAC?$AAT?$AAL?$AA_?$AAR?$AAE?$AAO?$AAP?$AAE?$AAN?$AA_?$AAB?$AAO?$AAO?$AAT?$AA_?$AAV?$AAO?$AAL?$AAU?$AAM?$AAE?$AA_?$AAH?$AAE?$AAA?$AAD@FNODOBFM@ 00044020     ntdriver.obj
 0001:00033b70       ??_C@_1DO@BKHLMLHN@?$AAT?$AAC?$AA_?$AAI?$AAO?$AAC?$AAT?$AAL?$AA_?$AAP?$AAR?$AAO?$AAB?$AAE?$AA_?$AAR?$AAE?$AAA?$AAL?$AA_?$AAD?$AAR?$AAI?$AAV?$AAE?$AA_?$AAS?$AAI?$AAZ?$AAE?$AA?$AA@FNODOBFM@ 00044070     ntdriver.obj
 0001:00033bb0       ??_C@_1CG@HPPKKEKP@?$AAT?$AAC?$AA_?$AAI?$AAO?$AAC?$AAT?$AAL?$AA_?$AAO?$AAP?$AAE?$AAN?$AA_?$AAT?$AAE?$AAS?$AAT?$AA?$AA@FNODOBFM@ 000440b0     ntdriver.obj
 0001:00033be0       ??_C@_1CM@HJCGFKAD@?$AAT?$AAC?$AA_?$AAI?$AAO?$AAC?$AAT?$AAL?$AA_?$AAM?$AAO?$AAU?$AAN?$AAT?$AA_?$AAV?$AAO?$AAL?$AAU?$AAM?$AAE?$AA?$AA@FNODOBFM@ 000440e0     ntdriver.obj
 0001:00033c10       ??_C@_1EE@HPDOLCKH@?$AAT?$AAC?$AA_?$AAI?$AAO?$AAC?$AAT?$AAL?$AA_?$AAI?$AAS?$AA_?$AAH?$AAI?$AAD?$AAD?$AAE?$AAN?$AA_?$AAS?$AAY?$AAS?$AAT?$AAE?$AAM?$AA_?$AAR?$AAU?$AAN?$AAN?$AAI?$AAN@FNODOBFM@ 00044110     ntdriver.obj
 0001:00033c60       ??_C@_1EG@HPLFHOOO@?$AAT?$AAC?$AA_?$AAI?$AAO?$AAC?$AAT?$AAL?$AA_?$AAI?$AAS?$AA_?$AAD?$AAR?$AAI?$AAV?$AAE?$AAR?$AA_?$AAU?$AAN?$AAL?$AAO?$AAA?$AAD?$AA_?$AAD?$AAI?$AAS?$AAA?$AAB?$AAL@FNODOBFM@ 00044160     ntdriver.obj
 0001:00033cb0       ??_C@_1DO@ICDMEENM@?$AAT?$AAC?$AA_?$AAI?$AAO?$AAC?$AAT?$AAL?$AA_?$AAI?$AAS?$AA_?$AAA?$AAN?$AAY?$AA_?$AAV?$AAO?$AAL?$AAU?$AAM?$AAE?$AA_?$AAM?$AAO?$AAU?$AAN?$AAT?$AAE?$AAD?$AA?$AA@FNODOBFM@ 000441b0     ntdriver.obj
 0001:00033cf0       ??_C@_1DE@JNPINMHP@?$AAT?$AAC?$AA_?$AAI?$AAO?$AAC?$AAT?$AAL?$AA_?$AAD?$AAI?$AAS?$AAK?$AA_?$AAI?$AAS?$AA_?$AAW?$AAR?$AAI?$AAT?$AAA?$AAB?$AAL?$AAE?$AA?$AA@FNODOBFM@ 000441f0     ntdriver.obj
 0001:00033d30       ??_C@_1DG@LBDEDPBA@?$AAT?$AAC?$AA_?$AAI?$AAO?$AAC?$AAT?$AAL?$AA_?$AAG?$AAE?$AAT?$AA_?$AAW?$AAA?$AAR?$AAN?$AAI?$AAN?$AAG?$AA_?$AAF?$AAL?$AAA?$AAG?$AAS?$AA?$AA@FNODOBFM@ 00044230     ntdriver.obj
 0001:00033d70       ??_C@_1DO@DMIHGGIB@?$AAT?$AAC?$AA_?$AAI?$AAO?$AAC?$AAT?$AAL?$AA_?$AAG?$AAE?$AAT?$AA_?$AAV?$AAO?$AAL?$AAU?$AAM?$AAE?$AA_?$AAP?$AAR?$AAO?$AAP?$AAE?$AAR?$AAT?$AAI?$AAE?$AAS?$AA?$AA@FNODOBFM@ 00044270     ntdriver.obj
 0001:00033db0       ??_C@_1EM@GFDNBFC@?$AAT?$AAC?$AA_?$AAI?$AAO?$AAC?$AAT?$AAL?$AA_?$AAG?$AAE?$AAT?$AA_?$AAS?$AAY?$AAS?$AAT?$AAE?$AAM?$AA_?$AAD?$AAR?$AAI?$AAV?$AAE?$AA_?$AAD?$AAU?$AAM?$AAP?$AA_?$AAC@FNODOBFM@ 000442b0     ntdriver.obj
 0001:00033e00       ??_C@_1DM@GFCMCNDC@?$AAT?$AAC?$AA_?$AAI?$AAO?$AAC?$AAT?$AAL?$AA_?$AAG?$AAE?$AAT?$AA_?$AAR?$AAE?$AAS?$AAO?$AAL?$AAV?$AAE?$AAD?$AA_?$AAS?$AAY?$AAM?$AAL?$AAI?$AAN?$AAK?$AA?$AA@FNODOBFM@ 00044300     ntdriver.obj
 0001:00033e40       ??_C@_1EE@NMKCMMBM@?$AAT?$AAC?$AA_?$AAI?$AAO?$AAC?$AAT?$AAL?$AA_?$AAS?$AAE?$AAT?$AA_?$AAP?$AAO?$AAR?$AAT?$AAA?$AAB?$AAL?$AAE?$AA_?$AAM?$AAO?$AAD?$AAE?$AA_?$AAS?$AAT?$AAA?$AAT?$AAU@FNODOBFM@ 00044340     ntdriver.obj
 0001:00033e90       ??_C@_1EE@IPNJBDEG@?$AAT?$AAC?$AA_?$AAI?$AAO?$AAC?$AAT?$AAL?$AA_?$AAG?$AAE?$AAT?$AA_?$AAP?$AAO?$AAR?$AAT?$AAA?$AAB?$AAL?$AAE?$AA_?$AAM?$AAO?$AAD?$AAE?$AA_?$AAS?$AAT?$AAA?$AAT?$AAU@FNODOBFM@ 00044390     ntdriver.obj
 0001:00033ee0       ??_C@_1EC@FADHDJPK@?$AAT?$AAC?$AA_?$AAI?$AAO?$AAC?$AAT?$AAL?$AA_?$AAG?$AAE?$AAT?$AA_?$AAS?$AAY?$AAS?$AAT?$AAE?$AAM?$AA_?$AAD?$AAR?$AAI?$AAV?$AAE?$AA_?$AAC?$AAO?$AAN?$AAF?$AAI?$AAG@FNODOBFM@ 000443e0     ntdriver.obj
 0001:00033f30       ??_C@_1EG@LLJHBPJF@?$AAT?$AAC?$AA_?$AAI?$AAO?$AAC?$AAT?$AAL?$AA_?$AAG?$AAE?$AAT?$AA_?$AAP?$AAA?$AAS?$AAS?$AAW?$AAO?$AAR?$AAD?$AA_?$AAC?$AAA?$AAC?$AAH?$AAE?$AA_?$AAS?$AAT?$AAA?$AAT@FNODOBFM@ 00044430     ntdriver.obj
 0001:00033f80       ??_C@_1DK@KJKOFIJA@?$AAT?$AAC?$AA_?$AAI?$AAO?$AAC?$AAT?$AAL?$AA_?$AAG?$AAE?$AAT?$AA_?$AAM?$AAO?$AAU?$AAN?$AAT?$AAE?$AAD?$AA_?$AAV?$AAO?$AAL?$AAU?$AAM?$AAE?$AAS?$AA?$AA@FNODOBFM@ 00044480     ntdriver.obj
 0001:00033fc0       ??_C@_1DI@ODPPPDDO@?$AAT?$AAC?$AA_?$AAI?$AAO?$AAC?$AAT?$AAL?$AA_?$AAG?$AAE?$AAT?$AA_?$AAD?$AAR?$AAI?$AAV?$AAE?$AAR?$AA_?$AAV?$AAE?$AAR?$AAS?$AAI?$AAO?$AAN?$AA?$AA@FNODOBFM@ 000444c0     ntdriver.obj
 0001:00034000       ??_C@_1EE@HEELFNND@?$AAT?$AAC?$AA_?$AAI?$AAO?$AAC?$AAT?$AAL?$AA_?$AAG?$AAE?$AAT?$AA_?$AAD?$AAR?$AAI?$AAV?$AAE?$AA_?$AAP?$AAA?$AAR?$AAT?$AAI?$AAT?$AAI?$AAO?$AAN?$AA_?$AAI?$AAN?$AAF@FNODOBFM@ 00044500     ntdriver.obj
 0001:00034050       ??_C@_1DI@LAIAIOML@?$AAT?$AAC?$AA_?$AAI?$AAO?$AAC?$AAT?$AAL?$AA_?$AAG?$AAE?$AAT?$AA_?$AAD?$AAR?$AAI?$AAV?$AAE?$AA_?$AAG?$AAE?$AAO?$AAM?$AAE?$AAT?$AAR?$AAY?$AA?$AA@FNODOBFM@ 00044550     ntdriver.obj
 0001:00034090       ??_C@_1DK@DFEJGDBK@?$AAT?$AAC?$AA_?$AAI?$AAO?$AAC?$AAT?$AAL?$AA_?$AAG?$AAE?$AAT?$AA_?$AAD?$AAE?$AAV?$AAI?$AAC?$AAE?$AA_?$AAR?$AAE?$AAF?$AAC?$AAO?$AAU?$AAN?$AAT?$AA?$AA@FNODOBFM@ 00044590     ntdriver.obj
 0001:000340d0       ??_C@_1EM@LMAMOKGA@?$AAT?$AAC?$AA_?$AAI?$AAO?$AAC?$AAT?$AAL?$AA_?$AAG?$AAE?$AAT?$AA_?$AAD?$AAE?$AAC?$AAO?$AAY?$AA_?$AAS?$AAY?$AAS?$AAT?$AAE?$AAM?$AA_?$AAW?$AAI?$AAP?$AAE?$AA_?$AAS@FNODOBFM@ 000445d0     ntdriver.obj
 0001:00034120       ??_C@_1EM@OAEBJACE@?$AAT?$AAC?$AA_?$AAI?$AAO?$AAC?$AAT?$AAL?$AA_?$AAG?$AAE?$AAT?$AA_?$AAD?$AAE?$AAC?$AAO?$AAY?$AA_?$AAS?$AAY?$AAS?$AAT?$AAE?$AAM?$AA_?$AAW?$AAI?$AAP?$AAE?$AA_?$AAR@FNODOBFM@ 00044620     ntdriver.obj
 0001:00034170       ??_C@_1EC@OPCJHCIG@?$AAT?$AAC?$AA_?$AAI?$AAO?$AAC?$AAT?$AAL?$AA_?$AAG?$AAE?$AAT?$AA_?$AAB?$AAO?$AAO?$AAT?$AA_?$AAL?$AAO?$AAA?$AAD?$AAE?$AAR?$AA_?$AAV?$AAE?$AAR?$AAS?$AAI?$AAO?$AAN@FNODOBFM@ 00044670     ntdriver.obj
 0001:000341c0       ??_C@_1EI@GAKLFLAF@?$AAT?$AAC?$AA_?$AAI?$AAO?$AAC?$AAT?$AAL?$AA_?$AAG?$AAE?$AAT?$AA_?$AAB?$AAO?$AAO?$AAT?$AA_?$AAE?$AAN?$AAC?$AAR?$AAY?$AAP?$AAT?$AAI?$AAO?$AAN?$AA_?$AAS?$AAT?$AAA@FNODOBFM@ 000446c0     ntdriver.obj
 0001:00034210       ??_C@_1FE@OJNNCONL@?$AAT?$AAC?$AA_?$AAI?$AAO?$AAC?$AAT?$AAL?$AA_?$AAG?$AAE?$AAT?$AA_?$AAB?$AAO?$AAO?$AAT?$AA_?$AAE?$AAN?$AAC?$AAR?$AAY?$AAP?$AAT?$AAI?$AAO?$AAN?$AA_?$AAS?$AAE?$AAT@FNODOBFM@ 00044710     ntdriver.obj
 0001:00034270       ??_C@_1FI@CDJGLMPJ@?$AAT?$AAC?$AA_?$AAI?$AAO?$AAC?$AAT?$AAL?$AA_?$AAG?$AAE?$AAT?$AA_?$AAB?$AAO?$AAO?$AAT?$AA_?$AAE?$AAN?$AAC?$AAR?$AAY?$AAP?$AAT?$AAI?$AAO?$AAN?$AA_?$AAA?$AAL?$AAG@FNODOBFM@ 00044770     ntdriver.obj
 0001:000342d0       ??_C@_1FE@BEJBLKBA@?$AAT?$AAC?$AA_?$AAI?$AAO?$AAC?$AAT?$AAL?$AA_?$AAG?$AAE?$AAT?$AA_?$AAB?$AAO?$AAO?$AAT?$AA_?$AAD?$AAR?$AAI?$AAV?$AAE?$AA_?$AAV?$AAO?$AAL?$AAU?$AAM?$AAE?$AA_?$AAP@FNODOBFM@ 000447d0     ntdriver.obj
 0001:00034330       ??_C@_1DC@CLEBJPLG@?$AAT?$AAC?$AA_?$AAI?$AAO?$AAC?$AAT?$AAL?$AA_?$AAD?$AAI?$AAS?$AAM?$AAO?$AAU?$AAN?$AAT?$AA_?$AAV?$AAO?$AAL?$AAU?$AAM?$AAE?$AA?$AA@FNODOBFM@ 00044830     ntdriver.obj
 0001:00034370       ??_C@_1DM@OLONGNGL@?$AAT?$AAC?$AA_?$AAI?$AAO?$AAC?$AAT?$AAL?$AA_?$AAD?$AAI?$AAS?$AAM?$AAO?$AAU?$AAN?$AAT?$AA_?$AAA?$AAL?$AAL?$AA_?$AAV?$AAO?$AAL?$AAU?$AAM?$AAE?$AAS?$AA?$AA@FNODOBFM@ 00044870     ntdriver.obj
 0001:000343b0       ??_C@_1DO@JPMJPMCJ@?$AAT?$AAC?$AA_?$AAI?$AAO?$AAC?$AAT?$AAL?$AA_?$AAB?$AAO?$AAO?$AAT?$AA_?$AAE?$AAN?$AAC?$AAR?$AAY?$AAP?$AAT?$AAI?$AAO?$AAN?$AA_?$AAS?$AAE?$AAT?$AAU?$AAP?$AA?$AA@FNODOBFM@ 000448b0     ntdriver.obj
 0001:000343f0       ??_C@_1EC@HMNCILMA@?$AAT?$AAC?$AA_?$AAI?$AAO?$AAC?$AAT?$AAL?$AA_?$AAA?$AAB?$AAO?$AAR?$AAT?$AA_?$AAD?$AAE?$AAC?$AAO?$AAY?$AA_?$AAS?$AAY?$AAS?$AAT?$AAE?$AAM?$AA_?$AAW?$AAI?$AAP?$AAE@FNODOBFM@ 000448f0     ntdriver.obj
 0001:00034440       ??_C@_1EK@CMLLEBIK@?$AAT?$AAC?$AA_?$AAI?$AAO?$AAC?$AAT?$AAL?$AA_?$AAA?$AAB?$AAO?$AAR?$AAT?$AA_?$AAB?$AAO?$AAO?$AAT?$AA_?$AAE?$AAN?$AAC?$AAR?$AAY?$AAP?$AAT?$AAI?$AAO?$AAN?$AA_?$AAS@FNODOBFM@ 00044940     ntdriver.obj
 0001:00034490       ??_C@_0BK@EIFNDPP@TCDeleteDeviceObject?5END?6?$AA@FNODOBFM@ 00044990     ntdriver.obj
 0001:000344b0       ??_C@_1EA@FPAPEGHJ@?$AAP?$AAs?$AAD?$AAe?$AAr?$AAe?$AAf?$AAe?$AAr?$AAe?$AAn?$AAc?$AAe?$AAI?$AAm?$AAp?$AAe?$AAr?$AAs?$AAo?$AAn?$AAa?$AAt?$AAi?$AAo?$AAn?$AAT?$AAo?$AAk?$AAe?$AAn?$AA?$AA@FNODOBFM@ 000449b0     ntdriver.obj
 0001:000344f0       ??_C@_0CP@NIIDLADO@IoDeleteSymbolicLink?5failed?5ntSt@FNODOBFM@ 000449f0     ntdriver.obj
 0001:00034520       ??_C@_1CM@KJDLPNIG@?$AA?2?$AAD?$AAo?$AAs?$AAD?$AAe?$AAv?$AAi?$AAc?$AAe?$AAs?$AA?2?$AAT?$AAr?$AAu?$AAe?$AAC?$AAr?$AAy?$AAp?$AAt?$AA?$AA@FNODOBFM@ 00044a20     ntdriver.obj
 0001:00034550       ??_C@_0BM@GNHEHBJH@TCDeleteDeviceObject?5BEGIN?6?$AA@FNODOBFM@ 00044a50     ntdriver.obj
 0001:00034570       ??_C@_0BE@CJGLKHCK@TCUnloadDriver?5END?6?$AA@FNODOBFM@ 00044a70     ntdriver.obj
 0001:00034590       ??_C@_0BG@MGFDNIAG@TCUnloadDriver?5BEGIN?6?$AA@FNODOBFM@ 00044a90     ntdriver.obj
 0001:000345b0       ??_C@_0BH@BPCEMJJB@IRP?5allocation?5failed?6?$AA@FNODOBFM@ 00044ab0     ntdriver.obj
 0001:000345d0       ??_C@_0CO@FHHNLLNJ@Real?5drive?5size?5?$DN?5?$CFI64d?5bytes?5?$CI?$CF@FNODOBFM@ 00044ad0     ntdriver.obj
 0001:00034600       ??_C@_0CF@BFNPLHIK@Failed?5to?5get?5drive?5size?5?9?5error@FNODOBFM@ 00044b00     ntdriver.obj
 0001:00034630       ??_C@_0CB@JIDCFMLM@Volume?5?$CFls?5open?5NTSTATUS?50x?$CF08x?6@FNODOBFM@ 00044b30     ntdriver.obj
 0001:00034660       ??_C@_0CA@MOHACMBH@KeGetCurrentIrql?$CI?$CJ?5?$DM?$DN?5APC_LEVEL?$AA@FNODOBFM@ 00044b60     ntdriver.obj
 0001:00034680       ??_C@_0CC@INHNDJGI@IoCreateSymbolicLink?5returned?5?$CFX@FNODOBFM@ 00044b80     ntdriver.obj
 0001:000346b0       ??_C@_0CC@KAFJKDAC@IoDeleteSymbolicLink?5returned?5?$CFX@FNODOBFM@ 00044bb0     ntdriver.obj
 0001:000346e0       ??_C@_1DE@MJJBHHAG@?$AA?2?$AAD?$AAe?$AAv?$AAi?$AAc?$AAe?$AA?2?$AAM?$AAo?$AAu?$AAn?$AAt?$AAP?$AAo?$AAi?$AAn?$AAt?$AAM?$AAa?$AAn?$AAa?$AAg?$AAe?$AAr?$AA?$AA@FNODOBFM@ 00044be0     ntdriver.obj
 0001:00034720       ??_C@_0CO@FHIENMIJ@IOCTL_MOUNTMGR_DELETE_POINTS?5ret@FNODOBFM@ 00044c20     ntdriver.obj
 0001:00034750       ??_C@_0CA@IJMBHFOD@Mount?5FAILURE?5TC?5code?5?$DN?50x?$CF08x?6?$AA@FNODOBFM@ 00044c50     ntdriver.obj
 0001:00034770       ??_C@_0CP@DBOFILAH@Mount?5SUCCESS?5TC?5code?5?$DN?50x?$CF08x?5R@FNODOBFM@ 00044c70     ntdriver.obj
 0001:000347a0       ??_C@_0CL@KIIHMHE@Mount?5FAILURE?5NT?5ERROR?0?5ntStatus@FNODOBFM@ 00044ca0     ntdriver.obj
 0001:000347d0       ??_C@_0CO@NNHGPFIJ@Mount?5CREATE?5DEVICE?5ERROR?0?5ntSta@FNODOBFM@ 00044cd0     ntdriver.obj
 0001:00034800       ??_C@_0CF@CGPMKDKJ@WARNING?3?5MOUNT?5DRIVE?5LETTER?5INVA@FNODOBFM@ 00044d00     ntdriver.obj
 0001:00034830       ??_C@_0BL@PIKDDHEP@Mount?5request?5looks?5valid?6?$AA@FNODOBFM@ 00044d30     ntdriver.obj
 0001:00034850       ??_C@_0CD@FFMFJFAI@FSCTL_DISMOUNT_VOLUME?5returned?5?$CF@FNODOBFM@ 00044d50     ntdriver.obj
 0001:00034880       ??_C@_0BP@EOHNIHMK@FSCTL_LOCK_VOLUME?5returned?5?$CFX?6?$AA@FNODOBFM@ 00044d80     ntdriver.obj
 0001:000348a0       ??_C@_0BC@FNOALNCB@UnmountDevice?5?$CFd?6?$AA@FNODOBFM@ 00044da0     ntdriver.obj
 0001:000348c0       ??_C@_0BI@OJEECLJN@Unmounting?5all?5volumes?6?$AA@FNODOBFM@ 00044dc0     ntdriver.obj
 0001:000348e0       ??_C@_0CJ@KBGIGBCB@?$CBIoIsSystemThread?5?$CIPsGetCurrentT@FNODOBFM@ 00044de0     ntdriver.obj
 0001:00034910       ??_C@_0BK@BGEEJMHD@?$CImaxSizeInBytes?5?$CG?51?$CJ?5?$DN?$DN?50?$AA@FNODOBFM@ 00044e10     ntdriver.obj
 0001:00034930       ??_C@_0BM@GOBMMLHF@Volume?5class?5filter?5active?6?$AA@FNODOBFM@ 00044e30     ntdriver.obj
 0001:00034950       ??_C@_1BE@OBOIPPHP@?$AAt?$AAr?$AAu?$AAe?$AAc?$AAr?$AAy?$AAp?$AAt?$AA?$AA@FNODOBFM@ 00044e50     ntdriver.obj
 0001:00034970       ??_C@_1BK@FNJCPENK@?$AAU?$AAp?$AAp?$AAe?$AAr?$AAF?$AAi?$AAl?$AAt?$AAe?$AAr?$AAs?$AA?$AA@FNODOBFM@ 00044e70     ntdriver.obj
 0001:00034990       ??_C@_1MA@BNNNAGDA@?$AA?2?$AAR?$AAE?$AAG?$AAI?$AAS?$AAT?$AAR?$AAY?$AA?2?$AAM?$AAA?$AAC?$AAH?$AAI?$AAN?$AAE?$AA?2?$AAS?$AAY?$AAS?$AAT?$AAE?$AAM?$AA?2?$AAC?$AAu?$AAr?$AAr?$AAe?$AAn?$AAt@FNODOBFM@ 00044e90     ntdriver.obj
 0001:00034a50       ??_C@_1EA@CEOJFLPD@?$AAT?$AAr?$AAu?$AAe?$AAC?$AAr?$AAy?$AAp?$AAt?$AAE?$AAn?$AAc?$AAr?$AAy?$AAp?$AAt?$AAi?$AAo?$AAn?$AAF?$AAr?$AAe?$AAe?$AAC?$AAp?$AAu?$AAC?$AAo?$AAu?$AAn?$AAt?$AA?$AA@FNODOBFM@ 00044f50     ntdriver.obj
 0001:00034a90       ??_C@_0BM@LHOAOPML@Configuration?5flags?5?$DN?50x?$CFx?6?$AA@FNODOBFM@ 00044f90     ntdriver.obj
 0001:00034ab0       ??_C@_1CA@LGEHFLCO@?$AAT?$AAr?$AAu?$AAe?$AAC?$AAr?$AAy?$AAp?$AAt?$AAC?$AAo?$AAn?$AAf?$AAi?$AAg?$AA?$AA@FNODOBFM@ 00044fb0     ntdriver.obj
 0001:00034ad0       ??_C@_1HM@GLBNDPGI@?$AA?2?$AAR?$AAE?$AAG?$AAI?$AAS?$AAT?$AAR?$AAY?$AA?2?$AAM?$AAA?$AAC?$AAH?$AAI?$AAN?$AAE?$AA?2?$AAS?$AAY?$AAS?$AAT?$AAE?$AAM?$AA?2?$AAC?$AAu?$AAr?$AAr?$AAe?$AAn?$AAt@FNODOBFM@ 00044fd0     ntdriver.obj
 0001:00034b50       ??_C@_0BJ@BHMICMIC@Zeroing?5sector?5at?5?$CFI64d?6?$AA@FNODOBFM@ 00045050     ntdriver.obj
 0001:00034b70       ??_C@_0BO@NFNIJFEK@Skipping?5bad?5sector?5at?5?$CFI64d?6?$AA@FNODOBFM@ 00045070     ntdriver.obj
 0001:00034b90       ??_C@_0BE@JBJOLBIB@OsMajorVersion?5?$CB?$DN?50?$AA@FNODOBFM@ 00045090     ntdriver.obj
 0001:00034bb0       ??_C@_1BA@GIIKONIJ@?$AA?2?$AA?$DP?$AA?$DP?$AA?2?$AA?2?$AA?$CF?$AAs?$AA?$AA@FNODOBFM@ 000450b0     ntvol.obj
 0001:00034bc0       ??_C@_1BC@MAMPPFNN@?$AA?2?$AA?$DP?$AA?$DP?$AA?2?$AAU?$AAN?$AAC?$AA?2?$AA?$AA@FNODOBFM@ 000450c0     ntvol.obj
 0001:00034be0       ??_C@_0BH@JONGPBLO@Incorrect?5volume?5size?6?$AA@FNODOBFM@ 000450e0     ntvol.obj
 0001:00034c00       ??_C@_0BJ@MEKDGODO@Volume?5data?5end?5?$DN?5?$CFI64d?6?$AA@FNODOBFM@ 00045100     ntvol.obj
 0001:00034c20       ??_C@_0BK@BIKGCOPF@Volume?5data?5size?5?$DN?5?$CFI64d?6?$AA@FNODOBFM@ 00045120     ntvol.obj
 0001:00034c40       ??_C@_0BM@CDNAEGGM@Volume?5data?5offset?5?$DN?5?$CFI64d?6?$AA@FNODOBFM@ 00045140     ntvol.obj
 0001:00034c60       ??_C@_0DG@NLAOEFNO@Hidden?5volume?5protection?5active?3@FNODOBFM@ 00045160     ntvol.obj
 0001:00034ca0       ??_C@_0BL@DBKGLLJI@Hidden?5volume?5end?5?$DN?5?$CFI64d?6?$AA@FNODOBFM@ 000451a0     ntvol.obj
 0001:00034cc0       ??_C@_0BM@CHOGCNPN@Hidden?5volume?5size?5?$DN?5?$CFI64d?6?$AA@FNODOBFM@ 000451c0     ntvol.obj
 0001:00034ce0       ??_C@_0BO@HCAAKCJO@Hidden?5volume?5offset?5?$DN?5?$CFI64d?6?$AA@FNODOBFM@ 000451e0     ntvol.obj
 0001:00034d00       ??_C@_0BE@LHJMDIKA@Legacy?5volume?5?$DN?5?$CFd?6?$AA@FNODOBFM@ 00045200     ntvol.obj
 0001:00034d20       ??_C@_0BP@GNIOJEAD@Required?5program?5version?5?$DN?5?$CFx?6?$AA@FNODOBFM@ 00045220     ntvol.obj
 0001:00034d40       ??_C@_0BJ@JCBFCEPL@Volume?5header?5decrypted?6?$AA@FNODOBFM@ 00045240     ntvol.obj
 0001:00034d60       ??_C@_0BO@DBKGEMGK@Read?5didn?8t?5read?5enough?5data?6?$AA@FNODOBFM@ 00045260     ntvol.obj
 0001:00034d80       ??_C@_0BO@FHFPMFGI@Read?5failed?3?5NTSTATUS?50x?$CF08x?6?$AA@FNODOBFM@ 00045280     ntvol.obj
 0001:00034da0       ??_C@_0BB@IPFFEHBJ@Cannot?5open?5?$CFls?6?$AA@FNODOBFM@ 000452a0     ntvol.obj
 0001:00034dc0       ??_C@_0FD@BKFNIFNN@Mounting?5partition?5within?5scope?5@FNODOBFM@ 000452c0     ntvol.obj
 0001:00034e20       ??_C@_1DM@FMJIKGBL@?$AA?2?$AAD?$AAe?$AAv?$AAi?$AAc?$AAe?$AA?2?$AAH?$AAa?$AAr?$AAd?$AAd?$AAi?$AAs?$AAk?$AA?$CF?$AAd?$AA?2?$AAP?$AAa?$AAr?$AAt?$AAi?$AAt?$AAi?$AAo?$AAn?$AA0?$AA?$AA@FNODOBFM@ 00045320     ntvol.obj
 0001:00034e60       ??_C@_0CA@IGALEGOK@Reading?5volume?5header?5at?5?$CFI64d?6?$AA@FNODOBFM@ 00045360     ntvol.obj
 0001:00034e80       ??_C@_0BP@BKDGGJEA@Trying?5to?5open?5volume?5type?5?$CFd?6?$AA@FNODOBFM@ 00045380     ntvol.obj
 0001:00034ea0       ??_C@_0DF@LEPAODFF@File?5?$CC?$CFls?$CC?5is?5marked?5as?5compress@FNODOBFM@ 000453a0     ntvol.obj
 0001:00034ee0       ??_C@_0ED@EAABHCEJ@ZwQueryInformationFile?5failed?5wh@FNODOBFM@ 000453e0     ntvol.obj
 0001:00034f30       ??_C@_0EC@JFODFBAB@ZwSetInformationFile?5failed?5in?5R@FNODOBFM@ 00045430     ntvol.obj
 0001:00034f80       ??_C@_0EE@JIJFFNGM@ZwQueryInformationFile?5failed?5in@FNODOBFM@ 00045480     ntvol.obj
 0001:00034fd0       ??_C@_0BO@INEJHKOL@VolumeFilterAddDevice?5pdo?$DN?$CFp?6?$AA@FNODOBFM@ 000454d0     volumefilter.obj
 0001:00034ff0       ??_C@_0DL@GNELLIFI@?$CBExtension?9?$DObRootDevice?5?$CG?$CG?5Exten@FNODOBFM@ 000454f0     volumefilter.obj
 0001:00035030       ??_C@_0CG@DHBKNEBH@e?3?2truecrypt7?41?2driver?2volumefil@FNODOBFM@ 00045530     volumefilter.obj
 0001:00035060       ??_C@_0CC@FPKIEKIL@TC_IOCTL_DISK_IS_WRITABLE?5pdo?$DN?$CFp@FNODOBFM@ 00045560     volumefilter.obj
 0001:00035090       ??_C@_0CE@GJODMOBD@IRP_MN_REMOVE_DEVICE?5volume?5pdo?$DN@FNODOBFM@ 00045590     volumefilter.obj
 0001:000350c0       ??_C@_0CD@BENKCDLN@IRP_MN_START_DEVICE?5volume?5pdo?$DN?$CF@FNODOBFM@ 000455c0     volumefilter.obj
 0001:000350f0       ??_C@_01JOAMLHOP@?9?$AA@FNODOBFM@ 000455f0     Common:crypto.obj
 0001:00035100       ??_C@_01OGPIMHDM@?$DP?$AA@FNODOBFM@ 00045600     Common:crypto.obj
 0001:00035110       ??_C@_0L@NEGMAKNF@Triple?5DES?$AA@FNODOBFM@ 00045610     Common:crypto.obj
 0001:00035120       ??_C@_03BKNEFOAH@AES?$AA@FNODOBFM@ 00045620     Common:tests.obj
 0001:00035130       ??_C@_0BA@DNGGBODD@Twofish?9Serpent?$AA@FNODOBFM@ 00045630     Common:tests.obj
 0001:00035140       ??_C@_0BE@HADLPGPH@Serpent?9Twofish?9AES?$AA@FNODOBFM@ 00045640     Common:tests.obj
 0001:00035160       ??_C@_0M@MCFMFOIH@Serpent?9AES?$AA@FNODOBFM@ 00045660     Common:tests.obj
 0001:00035170       ??_C@_0BE@LPKAFENL@AES?9Twofish?9Serpent?$AA@FNODOBFM@ 00045670     Common:tests.obj
 0001:00035190       ??_C@_0M@DKAIMMJ@AES?9Twofish?$AA@FNODOBFM@ 00045690     Common:tests.obj
 0001:000351a0       ??_C@_07DABDIDEC@Twofish?$AA@FNODOBFM@ 000456a0     Common:tests.obj
 0001:000351b0       ??_C@_07CCCAKGBN@Serpent?$AA@FNODOBFM@ 000456b0     Common:tests.obj
 0001:000351c0       ??_C@_0BF@GDBAFGNG@AES?9Blowfish?9Serpent?$AA@FNODOBFM@ 000456c0     Common:tests.obj
 0001:000351e0       ??_C@_0N@NEJJJADE@AES?9Blowfish?$AA@FNODOBFM@ 000456e0     Common:tests.obj
 0001:000351f0       ??_C@_05LCFOLDPB@CAST5?$AA@FNODOBFM@ 000456f0     Common:tests.obj
 0001:00035200       ??_C@_08KOMAHJJD@Blowfish?$AA@FNODOBFM@ 00045700     Common:tests.obj
 0001:00035210       ??_C@_0GB@BHABHNEI@P?$HM6o?n?$BA?4?$JK?b?$IK?U?$ICr?$HN?8?$AP?hM?$HPhz?O?$LF?gCg?$KK?$JI?$JDR?$CL?7@FNODOBFM@ 00045710     Common:tests.obj
 0001:00035280       ??_C@_04OCKEDGEH@P?$HM6o?$AA@FNODOBFM@ 00045780     Common:tests.obj
 0001:00035290       ??_C@_0DB@KJBGHKFA@z?$DN?$HM?$AD?g?$CGk?x?$DNx?$PL?$CJ?Rd?$BPV?j?p?e?u?L?D?31?$KI?$IEp?$LP?$LNo?$IOx@FNODOBFM@ 00045790     Common:tests.obj
 0001:000352d0       ??_C@_04PODIBCAH@z?$DN?$HM?$AD?$AA@FNODOBFM@ 000457d0     Common:tests.obj
 0001:000352e0       ??_C@_04BHFCCAHB@?2u?N?p?$AA@FNODOBFM@ 000457e0     Common:tests.obj
 0001:000352f0       ??_C@_0DB@MAMEFANK@?2u?N?p?$BK?$JG?$AN?wL?$LG?$LE?$JL?$JO8?f?$LF?$DL?$BB?$IA?c?1?w?$OA?$NN?$KK?J?$IP?$IB?8?v?$JPO@FNODOBFM@ 000457f0     Common:tests.obj
 0001:00035330       ??_C@_0JB@EEHAMOLN@?$BDd?$KO?x?$AN?uWl0?UqL?$KHu?$DP?$PN?$AA?e?$CF?$IL9?GD?$HP?N?$CD?$DN?$AIu?$OA?1H@FNODOBFM@ 00045830     Common:tests.obj
 0001:000353d0       ??_C@_04KFFKJODL@?$BDd?$KO?x?$AA@FNODOBFM@ 000458d0     Common:tests.obj
 0001:000353e0       ??_C@_08NLHBPEGP@password?$AA@FNODOBFM@ 000458e0     Common:tests.obj
 0001:000353f0       ??_C@_04NDGDACAK@?$BC4Vx?$AA@FNODOBFM@ 000458f0     Common:tests.obj
 0002:00000000       __imp_@ExAcquireFastMutex@4 00045900     hal:HAL.dll
 0002:00000004       __imp_@KfAcquireSpinLock@4 00045904     hal:HAL.dll
 0002:00000008       __imp_@KfReleaseSpinLock@8 00045908     hal:HAL.dll
 0002:0000000c       __imp__KeRaiseIrqlToDpcLevel@0 0004590c     hal:HAL.dll
 0002:00000010       __imp_@KfLowerIrql@4       00045910     hal:HAL.dll
 0002:00000014       __imp__KeGetCurrentIrql@0  00045914     hal:HAL.dll
 0002:00000018       __imp_@ExReleaseFastMutex@4 00045918     hal:HAL.dll
 0002:0000001c       \177HAL_NULL_THUNK_DATA    0004591c     hal:HAL.dll
 0002:00000020       __imp__IoAttachDeviceToDeviceStack@8 00045920     ntoskrnl:ntoskrnl.exe
 0002:00000024       __imp_@ObfDereferenceObject@4 00045924     ntoskrnl:ntoskrnl.exe
 0002:00000028       __imp__IoCreateDevice@28   00045928     ntoskrnl:ntoskrnl.exe
 0002:0000002c       __imp__IoGetAttachedDeviceReference@4 0004592c     ntoskrnl:ntoskrnl.exe
 0002:00000030       __imp__IoReleaseRemoveLockEx@12 00045930     ntoskrnl:ntoskrnl.exe
 0002:00000034       __imp__IoAcquireRemoveLockEx@20 00045934     ntoskrnl:ntoskrnl.exe
 0002:00000038       __imp__RtlAssert@16        00045938     ntoskrnl:ntoskrnl.exe
 0002:0000003c       __imp_@IofCallDriver@8     0004593c     ntoskrnl:ntoskrnl.exe
 0002:00000040       __imp__IoReleaseRemoveLockAndWaitEx@12 00045940     ntoskrnl:ntoskrnl.exe
 0002:00000044       __imp__IoFreeWorkItem@4    00045944     ntoskrnl:ntoskrnl.exe
 0002:00000048       __imp__KeWaitForSingleObject@20 00045948     ntoskrnl:ntoskrnl.exe
 0002:0000004c       __imp__IoQueueWorkItem@16  0004594c     ntoskrnl:ntoskrnl.exe
 0002:00000050       __imp__KeInitializeEvent@12 00045950     ntoskrnl:ntoskrnl.exe
 0002:00000054       __imp__IoAllocateWorkItem@4 00045954     ntoskrnl:ntoskrnl.exe
 0002:00000058       __imp__KeReleaseMutex@8    00045958     ntoskrnl:ntoskrnl.exe
 0002:0000005c       __imp__ExFreePoolWithTag@8 0004595c     ntoskrnl:ntoskrnl.exe
 0002:00000060       __imp__ExAllocatePoolWithTag@12 00045960     ntoskrnl:ntoskrnl.exe
 0002:00000064       __imp___alldiv             00045964     ntoskrnl:ntoskrnl.exe
 0002:00000068       __imp___aulldiv            00045968     ntoskrnl:ntoskrnl.exe
 0002:0000006c       __imp__KeSetEvent@12       0004596c     ntoskrnl:ntoskrnl.exe
 0002:00000070       __imp__PoCallDriver@8      00045970     ntoskrnl:ntoskrnl.exe
 0002:00000074       __imp__PoStartNextPowerIrp@4 00045974     ntoskrnl:ntoskrnl.exe
 0002:00000078       __imp__IoIsSystemThread@4  00045978     ntoskrnl:ntoskrnl.exe
 0002:0000007c       __imp__KeGetCurrentThread@0 0004597c     ntoskrnl:ntoskrnl.exe
 0002:00000080       __imp__MmFreeContiguousMemory@4 00045980     ntoskrnl:ntoskrnl.exe
 0002:00000084       __imp__IoFreeMdl@4         00045984     ntoskrnl:ntoskrnl.exe
 0002:00000088       __imp__PsSetLoadImageNotifyRoutine@4 00045988     ntoskrnl:ntoskrnl.exe
 0002:0000008c       __imp__MmBuildMdlForNonPagedPool@4 0004598c     ntoskrnl:ntoskrnl.exe
 0002:00000090       __imp__IoAllocateMdl@20    00045990     ntoskrnl:ntoskrnl.exe
 0002:00000094       __imp__MmAllocateContiguousMemory@12 00045994     ntoskrnl:ntoskrnl.exe
 0002:00000098       __imp__memcpy              00045998     ntoskrnl:ntoskrnl.exe
 0002:0000009c       __imp__PsTerminateSystemThread@4 0004599c     ntoskrnl:ntoskrnl.exe
 0002:000000a0       __imp___aullshr            000459a0     ntoskrnl:ntoskrnl.exe
 0002:000000a4       __imp__MmMapLockedPagesSpecifyCache@24 000459a4     ntoskrnl:ntoskrnl.exe
 0002:000000a8       __imp_@ExfInterlockedInsertTailList@12 000459a8     ntoskrnl:ntoskrnl.exe
 0002:000000ac       __imp__KeClearEvent@4      000459ac     ntoskrnl:ntoskrnl.exe
 0002:000000b0       __imp___allmul             000459b0     ntoskrnl:ntoskrnl.exe
 0002:000000b4       __imp_@ExfInterlockedRemoveHeadList@8 000459b4     ntoskrnl:ntoskrnl.exe
 0002:000000b8       __imp__KeSetPriorityThread@8 000459b8     ntoskrnl:ntoskrnl.exe
 0002:000000bc       __imp__ZwReadFile@36       000459bc     ntoskrnl:ntoskrnl.exe
 0002:000000c0       __imp__ZwWriteFile@36      000459c0     ntoskrnl:ntoskrnl.exe
 0002:000000c4       __imp__SeImpersonateClientEx@8 000459c4     ntoskrnl:ntoskrnl.exe
 0002:000000c8       __imp__PsGetVersion@16     000459c8     ntoskrnl:ntoskrnl.exe
 0002:000000cc       __imp__IoGetDeviceInterfaces@16 000459cc     ntoskrnl:ntoskrnl.exe
 0002:000000d0       __imp__ObQueryNameString@16 000459d0     ntoskrnl:ntoskrnl.exe
 0002:000000d4       __imp__KeReleaseSemaphore@16 000459d4     ntoskrnl:ntoskrnl.exe
 0002:000000d8       __imp__IoRegisterShutdownNotification@4 000459d8     ntoskrnl:ntoskrnl.exe
 0002:000000dc       __imp__IoCreateSymbolicLink@8 000459dc     ntoskrnl:ntoskrnl.exe
 0002:000000e0       __imp__IoInitializeRemoveLockEx@20 000459e0     ntoskrnl:ntoskrnl.exe
 0002:000000e4       __imp__KeInitializeSemaphore@12 000459e4     ntoskrnl:ntoskrnl.exe
 0002:000000e8       __imp__IoGetDeviceObjectPointer@16 000459e8     ntoskrnl:ntoskrnl.exe
 0002:000000ec       __imp__ZwClose@4           000459ec     ntoskrnl:ntoskrnl.exe
 0002:000000f0       __imp__ZwCreateFile@44     000459f0     ntoskrnl:ntoskrnl.exe
 0002:000000f4       __imp__IoEnumerateDeviceObjectList@16 000459f4     ntoskrnl:ntoskrnl.exe
 0002:000000f8       __imp__ObReferenceObjectByHandle@24 000459f8     ntoskrnl:ntoskrnl.exe
 0002:000000fc       __imp__PsCreateSystemThread@28 000459fc     ntoskrnl:ntoskrnl.exe
 0002:00000100       __imp__ObOpenObjectByPointer@28 00045a00     ntoskrnl:ntoskrnl.exe
 0002:00000104       __imp__SeCreateClientSecurity@16 00045a04     ntoskrnl:ntoskrnl.exe
 0002:00000108       __imp__KeSetTimerEx@20     00045a08     ntoskrnl:ntoskrnl.exe
 0002:0000010c       __imp__KeInitializeTimerEx@8 00045a0c     ntoskrnl:ntoskrnl.exe
 0002:00000110       __imp__wcsncat             00045a10     ntoskrnl:ntoskrnl.exe
 0002:00000114       __imp__SeTokenType@4       00045a14     ntoskrnl:ntoskrnl.exe
 0002:00000118       __imp__MmGetSystemRoutineAddress@4 00045a18     ntoskrnl:ntoskrnl.exe
 0002:0000011c       __imp__IoDeleteSymbolicLink@4 00045a1c     ntoskrnl:ntoskrnl.exe
 0002:00000120       __imp__IoBuildDeviceIoControlRequest@36 00045a20     ntoskrnl:ntoskrnl.exe
 0002:00000124       __imp_@ObfReferenceObject@4 00045a24     ntoskrnl:ntoskrnl.exe
 0002:00000128       __imp__KeQueryInterruptTime@0 00045a28     ntoskrnl:ntoskrnl.exe
 0002:0000012c       __imp__IoBuildSynchronousFsdRequest@28 00045a2c     ntoskrnl:ntoskrnl.exe
 0002:00000130       __imp__IoGetRelatedDeviceObject@4 00045a30     ntoskrnl:ntoskrnl.exe
 0002:00000134       __imp__SeReleaseSubjectContext@4 00045a34     ntoskrnl:ntoskrnl.exe
 0002:00000138       __imp__RtlCopySid@12       00045a38     ntoskrnl:ntoskrnl.exe
 0002:0000013c       __imp__RtlLengthSid@4      00045a3c     ntoskrnl:ntoskrnl.exe
 0002:00000140       __imp__SeQueryInformationToken@12 00045a40     ntoskrnl:ntoskrnl.exe
 0002:00000144       __imp__SeCaptureSubjectContext@4 00045a44     ntoskrnl:ntoskrnl.exe
 0002:00000148       __imp__ZwQuerySymbolicLinkObject@12 00045a48     ntoskrnl:ntoskrnl.exe
 0002:0000014c       __imp__ZwOpenSymbolicLinkObject@12 00045a4c     ntoskrnl:ntoskrnl.exe
 0002:00000150       __imp_@IofCompleteRequest@8 00045a50     ntoskrnl:ntoskrnl.exe
 0002:00000154       __imp__KeQueryActiveProcessors@0 00045a54     ntoskrnl:ntoskrnl.exe
 0002:00000158       __imp__ZwQueryValueKey@24  00045a58     ntoskrnl:ntoskrnl.exe
 0002:0000015c       __imp__ZwOpenKey@12        00045a5c     ntoskrnl:ntoskrnl.exe
 0002:00000160       __imp__RtlEqualSid@8       00045a60     ntoskrnl:ntoskrnl.exe
 0002:00000164       __imp__SeTokenIsAdmin@4    00045a64     ntoskrnl:ntoskrnl.exe
 0002:00000168       __imp__wcsncpy             00045a68     ntoskrnl:ntoskrnl.exe
 0002:0000016c       __imp__wcsstr              00045a6c     ntoskrnl:ntoskrnl.exe
 0002:00000170       __imp___snwprintf          00045a70     ntoskrnl:ntoskrnl.exe
 0002:00000174       __imp__IoFileObjectType    00045a74     ntoskrnl:ntoskrnl.exe
 0002:00000174       _IoFileObjectType          00045a74     ntoskrnl:ntoskrnl.exe
 0002:00000178       __imp__ZwQueryInformationFile@20 00045a78     ntoskrnl:ntoskrnl.exe
 0002:0000017c       __imp___aullrem            00045a7c     ntoskrnl:ntoskrnl.exe
 0002:00000180       __imp__ZwSetInformationFile@20 00045a80     ntoskrnl:ntoskrnl.exe
 0002:00000184       __imp__KeTickCount         00045a84     ntoskrnl:ntoskrnl.exe
 0002:00000184       _KeTickCount               00045a84     ntoskrnl:ntoskrnl.exe
 0002:00000188       __imp__IoDetachDevice@4    00045a88     ntoskrnl:ntoskrnl.exe
 0002:0000018c       __imp__IoDeleteDevice@4    00045a8c     ntoskrnl:ntoskrnl.exe
 0002:00000190       __imp__memset              00045a90     ntoskrnl:ntoskrnl.exe
 0002:00000194       __imp__KeInitializeMutex@8 00045a94     ntoskrnl:ntoskrnl.exe
 0002:00000198       __imp__DbgPrint            00045a98     ntoskrnl:ntoskrnl.exe
 0002:0000019c       __imp__MmMapIoSpace@16     00045a9c     ntoskrnl:ntoskrnl.exe
 0002:000001a0       __imp__KeBugCheckEx@20     00045aa0     ntoskrnl:ntoskrnl.exe
 0002:000001a4       __imp__KeRestoreFloatingPointState@4 00045aa4     ntoskrnl:ntoskrnl.exe
 0002:000001a8       __imp__KeSaveFloatingPointState@4 00045aa8     ntoskrnl:ntoskrnl.exe
 0002:000001ac       __imp___allshl             00045aac     ntoskrnl:ntoskrnl.exe
 0002:000001b0       __imp__RtlUnwind@16        00045ab0     ntoskrnl:ntoskrnl.exe
 0002:000001b4       __imp__RtlInitUnicodeString@8 00045ab4     ntoskrnl:ntoskrnl.exe
 0002:000001b8       __imp__MmUnmapIoSpace@8    00045ab8     ntoskrnl:ntoskrnl.exe
 0002:000001bc       \177ntoskrnl_NULL_THUNK_DATA 00045abc     ntoskrnl:ntoskrnl.exe
 0002:000001dc       _GUID_DEVINTERFACE_VOLUME  00045adc     uuid:cguid_i.obj
 0002:000001ec       ??_C@_05HJMENKNE@SHA?91?$AA@ 00045aec     Common:crypto.obj
 0002:000001f4       ??_C@_09HLDHDDJL@Whirlpool?$AA@ 00045af4     Common:crypto.obj
 0002:00000200       ??_C@_07MEOJAOJE@SHA?9512?$AA@ 00045b00     Common:crypto.obj
 0002:00000208       ??_C@_0L@PKFJAMAA@RIPEMD?9160?$AA@ 00045b08     Common:crypto.obj
 0002:00000214       ??_C@_0L@NEGMAKNF@Triple?5DES?$AA@ 00045b14     Common:crypto.obj
 0002:00000220       ??_C@_05LCFOLDPB@CAST5?$AA@ 00045b20     Common:crypto.obj
 0002:00000228       ??_C@_08KOMAHJJD@Blowfish?$AA@ 00045b28     Common:crypto.obj
 0002:00000234       ??_C@_07DABDIDEC@Twofish?$AA@ 00045b34     Common:crypto.obj
 0002:0000023c       ??_C@_07CCCAKGBN@Serpent?$AA@ 00045b3c     Common:crypto.obj
 0002:00000244       ??_C@_03BKNEFOAH@AES?$AA@  00045b44     Common:crypto.obj
 0002:00000248       ??_C@_0EB@PHFBDMAI@?$AD?$JB?R?$IA?$AA?$LGb?$LL?$LI?f?$CD?$DO?hl?r?$LC?$IEtLs?$ILX?$AA?$LK?$CI?$BC?mRo?c?$BF?3@ 00045b48     Common:tests.obj
 0002:0000028c       ??_C@_0DJ@NGDOEGCI@abcdbcdecdefdefgefghfghighijhijk@ 00045b8c     Common:tests.obj
 0002:000002c8       ??_C@_0EB@DIMDKBBC@?$AA?$BB?$CC3DUfw?$II?$JJ?$KK?$LL?L?$NN?n?$PP?$AB?$CDEg?$IJ?$KL?M?o?$AA?$BB?$CC3DUfw@ 00045bc8     Common:tests.obj
 0002:0000030c       ??_C@_0BF@PFENIDMG@?$IF?qdp?$DOa?$KG11?$LO?$HOE?$JF?$IO?$AH?$JE?$BC9?$AE?y?$AA@ 00045c0c     Common:tests.obj
 0002:00000324       ??_C@_0BF@HFFLEHPC@?x6b?L?$IN3?$JM?$CC?$HO?$GA?$AP?MclW?RW?$BL?$BM4?$AA@ 00045c24     Common:tests.obj
 0002:00000340       ??_C@_0FB@JDIKKJCI@12345678901234567890123456789012@ 00045c40     Common:tests.obj
 0002:00000394       ??_C@_0P@ONGHGJEC@message?5digest?$AA@ 00045c94     Common:tests.obj
 0002:000003a4       ??_C@_0BF@JFBGCNOI@?$AB?$CDEg?$IJ?$KL?M?o?$PO?$NM?$LK?$JIvT2?$BA?$AA?$BB?$CC3?$AA@ 00045ca4     Common:tests.obj
 0002:000003bc       ??_C@_0BF@EKEAJOKM@?$AA?$BB?$CC3DUfw?$II?$JJ?$KK?$LL?L?$NN?n?$PP?$AB?$CDEg?$AA@ 00045cbc     Common:tests.obj
 0002:000003d4       ??_C@_0BF@OJOCDNBL@?$BC?$FNsB?$LJ?$KM?$BB?M?$JB?$KD?$JK?t?$IK?$KB?$HLOc?qu?S?$AA@ 00045cd4     Common:tests.obj
 0002:000003ec       ??_C@_0BF@NPPNDLAN@?o?$PM?$NPj?e?k?1?$KC?Rt?$BG?U?q?$IE?$NP?$JM?$CF?$JK?$HMy?$AA@ 00045cec     Common:tests.obj
 0002:00000404       ??_C@_0BF@BDDOKADE@?$LG?$BH1?$IGU?$AFrd?b?$IL?$MA?$LG?$PL7?$IM?$IO?qF?$LO?$AA?$AA@ 00045d04     Common:tests.obj
 0002:0000041c       ??_C@_0BF@KOBLBFLL@?$LM?t?$BO?$KL?$IL?$LC?X?$AC?s?P?2?$KP?$HM?$LA?$JC?l?x?Q?$KD?$KK?$AA@ 00045d1c     Common:tests.obj
 0002:00000434       ??_C@_09OCHOFPMP@Sample?5?$CD3?$AA@ 00045d34     Common:tests.obj
 0002:00000440       ??_C@_0GF@PEHFLIKL@PQRSTUVWXYZ?$FL?2?$FN?$FO_?$GAabcdefghijklmno@ 00045d40     Common:tests.obj
 0002:000004a8       ??_C@_0EB@IAGJFOJI@?c?$HLjw?$FN?H?$HN?$LK?$KE?$NP?$KJ?yn?$FO?$DP?$PN?$NO?$LNq?x?$IGr?$IJ?$IG?$FN?u?$KD?9?5?M?ID@ 00045da8     Common:tests.obj
 0002:000004f0       ??_C@_0EB@HIMJOCNA@?$IA?$LCBc?G?A?$KD?k?$LH?$BE?$JD?A?$NN?$HL?h?$LE?$JLF?Q?t?$BLJ?n?A?$BC?$BL?$AB7?$ID?x?sR@ 00045df0     Common:tests.obj
 0002:00000538       ??_C@_0EB@LPCMCIMB@?$LA?$LKFV7E?$IMi?$JA?e?$KI?E?v?$BNJ?w?ev?Y?$HP?yK?$IH?9?go?$IAP6?$BO?c?$NL@ 00045e38     Common:tests.obj
 0002:00000580       ??_C@_0EB@KHIOOKPP@?zs?$LA?$AI?$JNV?$KC?$IE?o?$LA?pul?$IJ?$AL?i?$LB?$LF?$NL?$NN?$IO?h?$BK6U?x?$DO3?$LC?8?$JN9@ 00045e80     Common:tests.obj
 0002:000005c8       ??_C@_0EB@OCCGLAFJ@?$BGKz?$HL?$PM?x?$BJ?b?c?$JF?$PL?g?$DLV?$OA?$KD?$IH?$LNd?$CC?4?$ID?$BP?V?$BA?8?$AM?W?j?$CF?$AFT@ 00045ec8     Common:tests.obj
 0002:00000610       ??_C@_0EB@NPCMCGAL@?$IH?$KK?$HM?$NO?$KF?oa?$JNO?p?$LE$?$BK?$BNl?$LA?$CDy?t?b?NN?Bxz?P?$LD?$AFE?a?$HM?$NO@ 00045f10     Common:tests.obj
 0002:00000658       ??_C@_0JJ@PIHOAKB@This?5is?5a?5test?5using?5a?5larger?5th@ 00045f58     Common:tests.obj
 0002:000006f4       ??_C@_0DH@HELOGHDO@Test?5Using?5Larger?5Than?5Block?9Siz@ 00045ff4     Common:tests.obj
 0002:0000072c       ??_C@_0DD@JCGDPDJ@?M?M?M?M?M?M?M?M?M?M?M?M?M?M?M?M?M?M?M?M?M?M?M?M?M?M?M?M?M?M?M?M@ 0004602c     Common:tests.obj
 0002:00000760       ??_C@_0DD@ODBBAMCC@?$NN?$NN?$NN?$NN?$NN?$NN?$NN?$NN?$NN?$NN?$NN?$NN?$NN?$NN?$NN?$NN?$NN?$NN?$NN?$NN?$NN?$NN?$NN?$NN?$NN?$NN?$NN?$NN?$NN?$NN?$NN?$NN@ 00046060     Common:tests.obj
 0002:00000794       ??_C@_0BN@GJJCPKAL@what?5do?5ya?5want?5for?5nothing?$DP?$AA@ 00046094     Common:tests.obj
 0002:000007b4       ??_C@_08BPPJKMC@Hi?5There?$AA@ 000460b4     Common:tests.obj
 0002:000007c0       ??_C@_0IE@FDPIKKAI@?$KK?$KK?$KK?$KK?$KK?$KK?$KK?$KK?$KK?$KK?$KK?$KK?$KK?$KK?$KK?$KK?$KK?$KK?$KK?$KK?$KK?$KK?$KK?$KK?$KK?$KK?$KK?$KK?$KK?$KK?$KK?$KK@ 000460c0     Common:tests.obj
 0002:00000844       ??_C@_0BK@LNLLCJNI@?$AB?$AC?$AD?$AE?$AF?$AG?$AH?$AI?7?6?$AL?$AM?$AN?$AO?$AP?$BA?$BB?$BC?$BD?$BE?$BF?$BG?$BH?$BI?$BJ?$AA@ 00046144     Common:tests.obj
 0002:00000860       ??_C@_0BF@GHKGHDBL@?$KK?$KK?$KK?$KK?$KK?$KK?$KK?$KK?$KK?$KK?$KK?$KK?$KK?$KK?$KK?$KK?$KK?$KK?$KK?$KK?$AA@ 00046160     Common:tests.obj
 0002:00000878       ??_C@_04HDLGGHEL@Jefe?$AA@ 00046178     Common:tests.obj
 0002:00000880       ??_C@_0BF@EOMNKBPJ@?$AL?$AL?$AL?$AL?$AL?$AL?$AL?$AL?$AL?$AL?$AL?$AL?$AL?$AL?$AL?$AL?$AL?$AL?$AL?$AL?$AA@ 00046180     Common:tests.obj
 0002:00004978       _k256                      0004a278     Crypto:sha2.obj
 0002:00004a78       _i224                      0004a378     Crypto:sha2.obj
 0002:00004a98       _i256                      0004a398     Crypto:sha2.obj
 0002:00004ab8       _k512                      0004a3b8     Crypto:sha2.obj
 0002:00004d38       _i384                      0004a638     Crypto:sha2.obj
 0002:00004fb8       _i512                      0004a8b8     Crypto:sha2.obj
 0002:000092a0       _t_rc                      0004eba0     Crypto:aestab.obj
 0002:000092e0       _t_fn                      0004ebe0     Crypto:aestab.obj
 0002:0000a2e0       _t_fl                      0004fbe0     Crypto:aestab.obj
 0002:0000b2e0       _t_in                      00050be0     Crypto:aestab.obj
 0002:0000c2e0       _t_il                      00051be0     Crypto:aestab.obj
 0002:0000d2e0       _t_im                      00052be0     Crypto:aestab.obj
 0002:0000e2e0       __load_config_used         00053be0     ntoskrnl:loadcfg.obj
 0002:0000e380       ___safe_se_handler_table   00053c80     <linker-defined>
 0003:00000000       ___security_cookie         00053d00     BufferOverflowK:gs_support.obj
 0003:00000004       ___security_cookie_complement 00053d04     BufferOverflowK:gs_support.obj
 0003:00000008       _cacheEmpty                00053d08     Common:cache.obj
 0003:00000010       _crc_32_tab                00053d10     Common:crc.obj
 0003:00000788       _XTS_vectors               00054488     Common:tests.obj
 0003:00001d04       _hmac_whirlpool_test_key   00055a04     Common:tests.obj
 0003:00001d08       _bf_ecb_vectors            00055a08     Common:tests.obj
 0003:00002038       _tripledes_vectors         00055d38     Common:tests.obj
 0003:00002060       _cast_ecb_vectors          00055d60     Common:tests.obj
 0003:00002080       _aes_ecb_vectors           00055d80     Common:tests.obj
 0003:000020c0       _serpent_vectors           00055dc0     Common:tests.obj
 0003:00002100       _twofish_vectors           00055e00     Common:tests.obj
 0003:00002140       _hmac_sha512_test_keys     00055e40     Common:tests.obj
 0003:00002158       _hmac_sha512_test_data     00055e58     Common:tests.obj
 0003:00002170       _hmac_sha512_test_vectors  00055e70     Common:tests.obj
 0003:00002188       _hmac_sha1_test_keys       00055e88     Common:tests.obj
 0003:00002198       _hmac_sha1_test_data       00055e98     Common:tests.obj
 0003:000021a8       _hmac_sha1_test_vectors    00055ea8     Common:tests.obj
 0003:000021b8       _hmac_ripemd160_test_keys  00055eb8     Common:tests.obj
 0003:000021c0       _hmac_ripemd160_test_data  00055ec0     Common:tests.obj
 0003:000021c8       _hmac_ripemd160_test_vectors 00055ec8     Common:tests.obj
 0003:000021d0       _hmac_whirlpool_test_data  00055ed0     Common:tests.obj
 0003:000021d4       _hmac_whirlpool_test_vectors 00055ed4     Common:tests.obj
 0003:000021d8       _lrw_vectors               00055ed8     Common:tests.obj
 0003:0000259c       _BootArgsValid             0005629c     drivefilter.obj
 0003:000025c8       _EncryptionSetupThread     000562c8     drivefilter.obj
 0003:000025d0       _DecoySystemWipeThread     000562d0     drivefilter.obj
 0003:00002610       _RootDeviceObject          00056310     ntdriver.obj
 0003:00002614       _DriverShuttingDown        00056314     ntdriver.obj
 0003:00002618       _OsMajorVersion            00056318     ntdriver.obj
 0003:0000261c       _DriverUnloadDisabled      0005631c     ntdriver.obj
 0003:00002620       _PortableMode              00056320     ntdriver.obj
 0003:00002624       _VolumeClassFilterRegistered 00056324     ntdriver.obj
 0003:00002628       _CacheBootPassword         00056328     ntdriver.obj
 0003:0000262c       _NonAdminSystemFavoritesAccessDisabled 0005632c     ntdriver.obj
 0003:0000263c       _ProbingHostDeviceForWrite 0005633c     ntvol.obj
 0003:00002640       _HiddenSysLeakProtectionCount 00056340     volumefilter.obj
 0003:00002654       _ReadVolumeHeaderRecoveryMode 00056354     Common:volumes.obj
 0003:00005dd8       _SelfTestsPassed           00059ad8     <common>
 0003:00005ddc       _OsMinorVersion            00059adc     <common>
 0003:00005de0       _LastUniqueVolumeId        00059ae0     <common>
 0003:00005de4       _TCDriverObject            00059ae4     <common>
 0003:00005e00       _VirtualVolumeDeviceObjects 00059b00     <common>
 0003:00005e80       _BootArgs                  00059b80     <common>
 0003:00005f00       _ks_tmp                    00059c00     <common>
 0003:000073e0       _CachedPasswords           0005b0e0     <common>
 0005:00000010       _DriverEntry@8             0005b390 f   ntdriver.obj
 0005:00000160       _TCCreateRootDeviceObject@4 0005b4e0 f   ntdriver.obj
 0005:000003c0       ___security_init_cookie    0005b740 f   BufferOverflowK:gs_support.obj
 0005:000003f9       _GsDriverEntry@8           0005b779 f   BufferOverflowK:gs_support.obj
 0005:00000410       ??_C@_1M@IOJLKPKK@?$AAS?$AAt?$AAa?$AAr?$AAt?$AA?$AA@PBOPGDP@ 0005b790     ntdriver.obj
 0005:00000420       ??_C@_1CE@IPABBIFA@?$AA?2?$AAD?$AAe?$AAv?$AAi?$AAc?$AAe?$AA?2?$AAT?$AAr?$AAu?$AAe?$AAC?$AAr?$AAy?$AAp?$AAt?$AA?$AA@PBOPGDP@ 0005b7a0     ntdriver.obj
 0005:00000450       ??_C@_0BM@JPABFBBC@DriverEntry?5TrueCrypt?57?41a?6?$AA@PBOPGDP@ 0005b7d0     ntdriver.obj
 0005:00000470       ??_C@_0CN@PMFMKKNC@TCCreateRootDeviceObject?5STATUS_@PBOPGDP@ 0005b7f0     ntdriver.obj
 0005:000004a0       ??_C@_0DA@OJGNPLJ@TCCreateRootDeviceObject?5NTSTATU@PBOPGDP@ 0005b820     ntdriver.obj
 0005:000004d0       ??_C@_0CF@KMOPKHLE@Creating?5root?5device?5nt?$DN?$CFls?5dos?$DN@PBOPGDP@ 0005b850     ntdriver.obj
 0005:00000500       ??_C@_1CM@KJDLPNIG@?$AA?2?$AAD?$AAo?$AAs?$AAD?$AAe?$AAv?$AAi?$AAc?$AAe?$AAs?$AA?2?$AAT?$AAr?$AAu?$AAe?$AAC?$AAr?$AAy?$AAp?$AAt?$AA?$AA@PBOPGDP@ 0005b880     ntdriver.obj
 0005:00000530       ??_C@_0CE@KKOENIAD@KeGetCurrentIrql?$CI?$CJ?5?$DN?$DN?5PASSIVE_LE@PBOPGDP@ 0005b8b0     ntdriver.obj
 0005:00000560       ??_C@_0CC@LEOBGDBK@e?3?2truecrypt7?41?2driver?2ntdriver?4@PBOPGDP@ 0005b8e0     ntdriver.obj
 0005:00000590       ??_C@_0CA@NGANHIBM@TCCreateRootDeviceObject?5BEGIN?6?$AA@PBOPGDP@ 0005b910     ntdriver.obj
 0005:000005b0       __IMPORT_DESCRIPTOR_ntoskrnl 0005b930     ntoskrnl:ntoskrnl.exe
 0005:000005c4       __IMPORT_DESCRIPTOR_HAL    0005b944     hal:HAL.dll
 0005:000005d8       __NULL_IMPORT_DESCRIPTOR   0005b958     ntoskrnl:ntoskrnl.exe

 entry point at        0005:000003f9

 Static symbols

 0001:00000710       _PassIrp@8                 00010c10 f   drivefilter.obj
 0001:00000710       _PassIrp@8                 00010c10 f   drivefilter.obj
 0001:000007b0       _DispatchPnp@16            00010cb0 f   drivefilter.obj
 0001:00000a10       _DismountDrive@8           00010f10 f   drivefilter.obj
 0001:00000c80       _OnStartDeviceCompleted@12 00011180 f   drivefilter.obj
 0001:00000d70       _CheckDeviceTypeAndMount@4 00011270 f   drivefilter.obj
 0001:00000e40       _MountDrive@12             00011340 f   drivefilter.obj
 0001:000017b0       _IsVolumeDevice@4          00011cb0 f   drivefilter.obj
 0001:000018b0       _MountDriveWorkItemRoutine@8 00011db0 f   drivefilter.obj
 0001:000018e0       _DispatchPower@16          00011de0 f   drivefilter.obj
 0001:00001e20       _LoadImageNotifyRoutine@12 00012320 f   drivefilter.obj
 0001:00001ff0       _HiberDriverEntryFilter0@8 000124f0 f   drivefilter.obj
 0001:00002010       _HiberDriverEntryFilter@12 00012510 f   drivefilter.obj
 0001:00002200       _HiberDriverWriteFunctionAFilter0@16 00012700 f   drivefilter.obj
 0001:00002230       _HiberDriverWriteFunctionFilter@24 00012730 f   drivefilter.obj
 0001:000024d0       _HiberDriverWriteFunctionAFilter1@16 000129d0 f   drivefilter.obj
 0001:00002500       _HiberDriverWriteFunctionAFilter2@16 00012a00 f   drivefilter.obj
 0001:00002530       _HiberDriverWriteFunctionBFilter0@8 00012a30 f   drivefilter.obj
 0001:00002560       _HiberDriverWriteFunctionBFilter1@8 00012a60 f   drivefilter.obj
 0001:00002590       _HiberDriverWriteFunctionBFilter2@8 00012a90 f   drivefilter.obj
 0001:000025c0       _HiberDriverEntryFilter1@8 00012ac0 f   drivefilter.obj
 0001:000025e0       _HiberDriverEntryFilter2@8 00012ae0 f   drivefilter.obj
 0001:00002750       _SetupThreadProc@4         00012c50 f   drivefilter.obj
 0001:000033a0       _SaveDriveVolumeHeader@4   000138a0 f   drivefilter.obj
 0001:00003f60       _DecoySystemWipeThreadProc@4 00014460 f   drivefilter.obj
 0001:00004840       _DumpFilterStart@4         00014d40 f   dumpfilter.obj
 0001:000048c0       _DumpFilterWrite@12        00014dc0 f   dumpfilter.obj
 0001:00004c00       _DumpFilterFinish@4        00015100 f   dumpfilter.obj
 0001:00004c30       _DumpFilterUnload@4        00015130 f   dumpfilter.obj
 0001:00004d60       _DecrementOutstandingIoCount@4 00015260 f   encryptedioqueue.obj
 0001:00005400       _GetPoolBuffer@8           00015900 f   encryptedioqueue.obj
 0001:00005580       _AcquireBufferPoolMutex@4  00015a80 f   encryptedioqueue.obj
 0001:000055d0       _ReleaseBufferPoolMutex@4  00015ad0 f   encryptedioqueue.obj
 0001:000055f0       _FreePoolBuffers@4         00015af0 f   encryptedioqueue.obj
 0001:000056a0       _CompletionThreadProc@4    00015ba0 f   encryptedioqueue.obj
 0001:000058d0       _ReleasePoolBuffer@8       00015dd0 f   encryptedioqueue.obj
 0001:00005970       _CompleteOriginalIrp@12    00015e70 f   encryptedioqueue.obj
 0001:000059b0       _OnItemCompleted@8         00015eb0 f   encryptedioqueue.obj
 0001:00005a70       _IoThreadProc@4            00015f70 f   encryptedioqueue.obj
 0001:00006100       _ReleaseFragmentBuffer@8   00016600 f   encryptedioqueue.obj
 0001:00006170       _TCCachedRead@24           00016670 f   encryptedioqueue.obj
 0001:00006270       _MainThreadProc@4          00016770 f   encryptedioqueue.obj
 0001:00006df0       _AcquireFragmentBuffer@8   000172f0 f   encryptedioqueue.obj
 0001:0000b680       _SendDeviceIoControlRequestWorkItemRoutine@8 0001bb80 f   ntdriver.obj
 0001:0000ba00       _TCReadWriteDevice@24      0001bf00 f   ntdriver.obj
 0001:0000c7e0       _FindVolumeWithHighestUniqueId@4 0001cce0 f   ntdriver.obj
 0001:0000ebf0       _TCSendHostDeviceIoControlRequest@20 0001f0f0 f   ntvol.obj
 0001:0000ece0       _RestoreTimeStamp@4        0001f1e0 f   ntvol.obj
 0001:0000f070       _DispatchControl@16        0001f570 f   volumefilter.obj
 0001:0000f330       _DispatchPnp@16            0001f830 f   volumefilter.obj
 0001:0000f4c0       _PassFilteredIrp@16        0001f9c0 f   volumefilter.obj
 0001:0000f4c0       _PassFilteredIrp@16        0001f9c0 f   volumefilter.obj
 0001:0000f500       _OnDeviceUsageNotificationCompleted@12 0001fa00 f   volumefilter.obj
 0001:0000f500       _OnDeviceUsageNotificationCompleted@12 0001fa00 f   volumefilter.obj
 0001:0000f560       _OnStartDeviceCompleted@12 0001fa60 f   volumefilter.obj
 0001:0000f5c0       _DispatchPower@16          0001fac0 f   volumefilter.obj
 0001:00011400       _EncryptBufferCBC@28       00021900 f   Common:crypto.obj
 0001:00011a30       _InitSectorIVAndWhitening@24 00021f30 f   Common:crypto.obj
 0001:00011dd0       _DecryptBufferCBC@28       000222d0 f   Common:crypto.obj
 0001:00013410       _Wipe1PseudoRandom@12      00023910 f   Common:wipe.obj
 0001:00013420       _Wipe3Dod5220@12           00023920 f   Common:wipe.obj
 0001:00013480       _Wipe7Dod5220@16           00023980 f   Common:wipe.obj
 0001:00013530       _Wipe35Gutmann@12          00023a30 f   Common:wipe.obj
 0001:00016d10       _DoAutoTestAlgorithms@0    00027210 f   Common:tests.obj
 0001:00017bb0       _EncryptionThreadProc@4    000280b0 f   Common:encryptionthreadpool.obj
 0001:00017ec0       _GetWorkItemState@4        000283c0 f   Common:encryptionthreadpool.obj
 0001:00017ee0       _SetWorkItemState@8        000283e0 f   Common:encryptionthreadpool.obj
 0001:00018ef0       _IsBitSet128@8             000293f0 f   Common:gfmul.obj
 0001:00018f30       _SetBit128@8               00029430 f   Common:gfmul.obj
 0001:00019040       _IsBitSet64@8              00029540 f   Common:gfmul.obj
 0001:00019080       _SetBit64@8                00029580 f   Common:gfmul.obj
 0001:000199d0       _EncryptBufferXTSParallel@32 00029ed0 f   Common:xts.obj
 0001:00019fd0       _EncryptBufferXTSNonParallel@32 0002a4d0 f   Common:xts.obj
 0001:0001a370       _DecryptBufferXTSParallel@32 0002a870 f   Common:xts.obj
 0001:0001a970       _DecryptBufferXTSNonParallel@32 0002ae70 f   Common:xts.obj
 0001:0001cb80       _RawSetKey@12              0002d080 f   Crypto:des.obj
 0001:0001d160       _rotlVariable@8            0002d660 f   Crypto:des.obj
 0001:0001d160       _rotlFixed@8               0002d660 f   Crypto:des.obj
 0001:0001d160       _rotlFixed@8               0002d660 f   Crypto:des.obj
 0001:0001d190       _rotrFixed@8               0002d690 f   Crypto:des.obj
 0001:0001d1c0       _RawProcessBlock@12        0002d6c0 f   Crypto:des.obj
 0001:0001ec20       _crypt_block@12            0002f120 f   Crypto:blowfish.obj
 0001:0001f000       _gen_qtab@0                0002f500 f   Crypto:twofish.obj
 0001:0001f060       _qp@8                      0002f560 f   Crypto:twofish.obj
 0001:0001f140       _gen_mtab@0                0002f640 f   Crypto:twofish.obj
 0001:0001f2a0       _h_fun@12                  0002f7a0 f   Crypto:twofish.obj
 0001:0001f4d0       _gen_mk_tab@8              0002f9d0 f   Crypto:twofish.obj
 0001:0001f980       _mds_rem@8                 0002fe80 f   Crypto:twofish.obj
 0001:0002a760       _sha_end2@12               0003ac60 f   Crypto:sha2.obj
 0001:0002d3b0       _RMD160Pad@4               0003d8b0 f   Crypto:rmd160.obj
 0001:0002fdb0       _processBuffer@4           000402b0 f   Crypto:whirlpool.obj
 0001:0003183f       __unwind_handler4          00041d3f f   sehupd:exsup4.obj
