 truecrypt

 Timestamp is 5462f51c (Wed Nov 12 13:50:20 2014)

 Preferred load address is 0000000000010000

 Start         Length     Name                   Class
 0001:00000000 0003a595H .text                   CODE
 0001:0003a5a0 00003ad1H .text$s                 CODE
 0001:0003e080 0000002dH .text$x                 CODE
 0002:00000000 000002f8H .idata$5                DATA
 0002:00000300 0000e1b0H .rdata                  DATA
 0002:0000e4b0 00000054H .rdata$debug            DATA
 0002:0000e504 00000720H .xdata                  DATA
 0003:00000000 00004650H .data                   DATA
 0003:00004660 00006b16H .bss                    DATA
 0004:00000000 00000e88H .pdata                  DATA
 0005:00000000 0000053eH INIT                    CODE
 0005:00000540 0000019dH INIT$s                  CODE
 0005:000006e0 00000014H .idata$2                CODE
 0005:000006f4 00000014H .idata$3                CODE
 0005:00000708 000002f8H .idata$4                CODE
 0005:00000a00 00000808H .idata$6                CODE
 0006:00000000 00000058H .rsrc$01                DATA
 0006:00000060 00000288H .rsrc$02                DATA

  Address         Publics by Value              Rva+Base               Lib:Object

 0000:00000000       ___safe_se_handler_count   0000000000000000     <absolute>
 0000:00000000       ___safe_se_handler_table   0000000000000000     <absolute>
 0000:00000000       __ImageBase                0000000000010000     <linker-defined>
 0001:00000010       KeGetCurrentThread         0000000000011010 f i drivefilter.obj
 0001:00000020       DbgRaiseAssertionFailure   0000000000011020 f i drivefilter.obj
 0001:00000030       RtlSecureZeroMemory        0000000000011030 f i drivefilter.obj
 0001:00000070       KeGetCurrentIrql           0000000000011070 f i drivefilter.obj
 0001:00000080       KeLowerIrql                0000000000011080 f i drivefilter.obj
 0001:000000d0       KfRaiseIrql                00000000000110d0 f i drivefilter.obj
 0001:00000120       KeInitializeSpinLock       0000000000011120 f i drivefilter.obj
 0001:00000140       PsGetCurrentThread         0000000000011140 f i drivefilter.obj
 0001:00000160       IoGetCurrentIrpStackLocation 0000000000011160 f i drivefilter.obj
 0001:000001d0       IoGetNextIrpStackLocation  00000000000111d0 f i drivefilter.obj
 0001:00000230       IoMarkIrpPending           0000000000011230 f i drivefilter.obj
 0001:00000270       IoSetCompletionRoutine     0000000000011270 f i drivefilter.obj
 0001:000003a0       IoCopyCurrentIrpStackLocationToNext 00000000000113a0 f i drivefilter.obj
 0001:000003f0       IoSkipCurrentIrpStackLocation 00000000000113f0 f i drivefilter.obj
 0001:00000480       KeRaiseIrqlToDpcLevel      0000000000011480 f i drivefilter.obj
 0001:000004a0       LoadBootArguments          00000000000114a0 f   drivefilter.obj
 0001:00000810       DriveFilterAddDevice       0000000000011810 f   drivefilter.obj
 0001:00002330       DriveFilterDispatchIrp     0000000000013330 f   drivefilter.obj
 0001:000024f0       ReopenBootVolumeHeader     00000000000134f0 f   drivefilter.obj
 0001:00003290       StartLegacyHibernationDriverFilter 0000000000014290 f   drivefilter.obj
 0001:00003ff0       StartBootEncryptionSetup   0000000000014ff0 f   drivefilter.obj
 0001:00004140       GetBootDriveVolumeProperties 0000000000015140 f   drivefilter.obj
 0001:00004310       GetBootEncryptionStatus    0000000000015310 f   drivefilter.obj
 0001:00004570       GetBootLoaderVersion       0000000000015570 f   drivefilter.obj
 0001:00004600       GetBootEncryptionAlgorithmName 0000000000015600 f   drivefilter.obj
 0001:000046b0       GetSetupResult             00000000000156b0 f   drivefilter.obj
 0001:000046c0       IsBootDriveMounted         00000000000156c0 f   drivefilter.obj
 0001:00004700       IsHiddenSystemRunning      0000000000015700 f   drivefilter.obj
 0001:00004740       GetBootDriveFilterExtension 0000000000015740 f   drivefilter.obj
 0001:00004750       GetSystemDriveCryptoInfo   0000000000015750 f   drivefilter.obj
 0001:00004770       AbortBootEncryptionSetup   0000000000015770 f   drivefilter.obj
 0001:00004ca0       StartDecoySystemWipe       0000000000015ca0 f   drivefilter.obj
 0001:00004e20       GetDecoySystemWipeStatus   0000000000015e20 f   drivefilter.obj
 0001:00004f10       GetDecoySystemWipeResult   0000000000015f10 f   drivefilter.obj
 0001:00004f20       AbortDecoySystemWipe       0000000000015f20 f   drivefilter.obj
 0001:00004f90       GetBootDriveLength         0000000000015f90 f   drivefilter.obj
 0001:00004fa0       WriteBootDriveSector       0000000000015fa0 f   drivefilter.obj
 0001:00005020       DumpFilterEntry            0000000000016020 f   dumpfilter.obj
 0001:00005850       InitializeListHead         0000000000016850 f i encryptedioqueue.obj
 0001:000078c0       EncryptedIoQueueAddIrp     00000000000188c0 f   encryptedioqueue.obj
 0001:000079c0       EncryptedIoQueueHoldWhenIdle 00000000000189c0 f   encryptedioqueue.obj
 0001:00007ba0       EncryptedIoQueueIsSuspended 0000000000018ba0 f   encryptedioqueue.obj
 0001:00007bc0       EncryptedIoQueueIsRunning  0000000000018bc0 f   encryptedioqueue.obj
 0001:00007c00       EncryptedIoQueueResumeFromHold 0000000000018c00 f   encryptedioqueue.obj
 0001:00007c80       EncryptedIoQueueStart      0000000000018c80 f   encryptedioqueue.obj
 0001:00008130       EncryptedIoQueueStop       0000000000019130 f   encryptedioqueue.obj
 0001:000082c0       DriverAddDevice            00000000000192c0 f   ntdriver.obj
 0001:00008450       DumpMemory                 0000000000019450 f   ntdriver.obj
 0001:000085e0       ValidateIOBufferSize       00000000000195e0 f   ntdriver.obj
 0001:00008740       GetVirtualVolumeDeviceObject 0000000000019740 f   ntdriver.obj
 0001:00008770       TCDispatchQueueIRP         0000000000019770 f   ntdriver.obj
 0001:00008d70       TCCreateDeviceObject       0000000000019d70 f   ntdriver.obj
 0001:00009100       RootDeviceControlMutexAcquireNoWait 000000000001a100 f   ntdriver.obj
 0001:00009170       RootDeviceControlMutexRelease 000000000001a170 f   ntdriver.obj
 0001:00009190       ProcessVolumeDeviceControlIrp 000000000001a190 f   ntdriver.obj
 0001:00009f80       ProcessMainDeviceControlIrp 000000000001af80 f   ntdriver.obj
 0001:0000c0a0       TCStartThread              000000000001d0a0 f   ntdriver.obj
 0001:0000c0e0       TCStartThreadInProcess     000000000001d0e0 f   ntdriver.obj
 0001:0000c280       TCStopThread               000000000001d280 f   ntdriver.obj
 0001:0000c2e0       TCStartVolumeThread        000000000001d2e0 f   ntdriver.obj
 0001:0000c530       TCStopVolumeThread         000000000001d530 f   ntdriver.obj
 0001:0000c600       TCSleep                    000000000001d600 f   ntdriver.obj
 0001:0000c6a0       VolumeThreadProc           000000000001d6a0 f   ntdriver.obj
 0001:0000cb00       TCGetNTNameFromNumber      000000000001db00 f   ntdriver.obj
 0001:0000cbe0       TCGetDosNameFromNumber     000000000001dbe0 f   ntdriver.obj
 0001:0000ccd0       TCTranslateCode            000000000001dcd0 f   ntdriver.obj
 0001:0000d5a0       TCDeleteDeviceObject       000000000001e5a0 f   ntdriver.obj
 0001:0000d740       TCUnloadDriver             000000000001e740 f   ntdriver.obj
 0001:0000d7c0       OnShutdownPending          000000000001e7c0 f   ntdriver.obj
 0001:0000d860       TCDeviceIoControl          000000000001e860 f   ntdriver.obj
 0001:0000da50       SendDeviceIoControlRequest 000000000001ea50 f   ntdriver.obj
 0001:0000dc70       ProbeRealDriveSize         000000000001ec70 f   ntdriver.obj
 0001:0000de30       TCOpenFsVolume             000000000001ee30 f   ntdriver.obj
 0001:0000dfd0       TCCloseFsVolume            000000000001efd0 f   ntdriver.obj
 0001:0000e160       TCReadDevice               000000000001f160 f   ntdriver.obj
 0001:0000e1b0       TCWriteDevice              000000000001f1b0 f   ntdriver.obj
 0001:0000e200       TCFsctlCall                000000000001f200 f   ntdriver.obj
 0001:0000e340       CreateDriveLink            000000000001f340 f   ntdriver.obj
 0001:0000e3f0       RemoveDriveLink            000000000001f3f0 f   ntdriver.obj
 0001:0000e470       MountManagerMount          000000000001f470 f   ntdriver.obj
 0001:0000e740       MountManagerUnmount        000000000001f740 f   ntdriver.obj
 0001:0000e840       MountDevice                000000000001f840 f   ntdriver.obj
 0001:0000ec30       UnmountDevice              000000000001fc30 f   ntdriver.obj
 0001:0000f010       UnmountAllDevices          0000000000020010 f   ntdriver.obj
 0001:0000f110       SymbolicLinkToTarget       0000000000020110 f   ntdriver.obj
 0001:0000f200       RegionsOverlap             0000000000020200 f   ntdriver.obj
 0001:0000f280       GetIntersection            0000000000020280 f   ntdriver.obj
 0001:0000f360       IsAccessibleByUser         0000000000020360 f   ntdriver.obj
 0001:0000f4b0       UserCanAccessDriveDevice   00000000000204b0 f   ntdriver.obj
 0001:0000f4e0       IsDriveLetterAvailable     00000000000204e0 f   ntdriver.obj
 0001:0000f5b0       TCCompleteIrp              00000000000205b0 f   ntdriver.obj
 0001:0000f600       TCCompleteDiskIrp          0000000000020600 f   ntdriver.obj
 0001:0000f670       GetCpuCount                0000000000020670 f   ntdriver.obj
 0001:0000f700       EnsureNullTerminatedString 0000000000020700 f   ntdriver.obj
 0001:0000f780       TCReadRegistryKey          0000000000020780 f   ntdriver.obj
 0001:0000f950       IsVolumeClassFilterRegistered 0000000000020950 f   ntdriver.obj
 0001:0000fa40       ReadRegistryConfigFlags    0000000000020a40 f   ntdriver.obj
 0001:0000fb80       GetDeviceSectorSize        0000000000020b80 f   ntdriver.obj
 0001:0000fbe0       ZeroUnreadableSectors      0000000000020be0 f   ntdriver.obj
 0001:0000fd50       ReadDeviceSkipUnreadableSectors 0000000000020d50 f   ntdriver.obj
 0001:0000fe50       IsVolumeAccessibleByCurrentUser 0000000000020e50 f   ntdriver.obj
 0001:0000ff70       IsOSAtLeast                0000000000020f70 f   ntdriver.obj
 0001:000100b0       TCOpenVolume               00000000000210b0 f   ntvol.obj
 0001:00011cb0       TCCloseVolume              0000000000022cb0 f   ntvol.obj
 0001:00011e70       COMPLETE_IRP               0000000000022e70 f   ntvol.obj
 0001:00012010       VolumeFilterAddDevice      0000000000023010 f   volumefilter.obj
 0001:000128f0       VolumeFilterDispatchIrp    00000000000238f0 f   volumefilter.obj
 0001:00012a70       CipherInit                 0000000000023a70 f   Common:crypto.obj
 0001:00012c60       EncipherBlock              0000000000023c60 f   Common:crypto.obj
 0001:00012da0       EncipherBlocks             0000000000023da0 f   Common:crypto.obj
 0001:00012e80       DecipherBlock              0000000000023e80 f   Common:crypto.obj
 0001:00012fd0       DecipherBlocks             0000000000023fd0 f   Common:crypto.obj
 0001:000130b0       CipherGet                  00000000000240b0 f   Common:crypto.obj
 0001:00013120       CipherGetName              0000000000024120 f   Common:crypto.obj
 0001:00013140       CipherGetBlockSize         0000000000024140 f   Common:crypto.obj
 0001:00013160       CipherGetKeySize           0000000000024160 f   Common:crypto.obj
 0001:00013180       CipherGetKeyScheduleSize   0000000000024180 f   Common:crypto.obj
 0001:000131a0       CipherSupportsIntraDataUnitParallelization 00000000000241a0 f   Common:crypto.obj
 0001:000131e0       EAGetFirst                 00000000000241e0 f   Common:crypto.obj
 0001:000131f0       EAGetNext                  00000000000241f0 f   Common:crypto.obj
 0001:00013230       EAInit                     0000000000024230 f   Common:crypto.obj
 0001:00013300       EAInitMode                 0000000000024300 f   Common:crypto.obj
 0001:00013430       EAGetName                  0000000000024430 f   Common:crypto.obj
 0001:00013550       EAGetByName                0000000000024550 f   Common:crypto.obj
 0001:00013600       EAGetKeySize               0000000000024600 f   Common:crypto.obj
 0001:00013670       EAGetFirstMode             0000000000024670 f   Common:crypto.obj
 0001:00013690       EAGetNextMode              0000000000024690 f   Common:crypto.obj
 0001:00013710       EAGetKeyScheduleSize       0000000000024710 f   Common:crypto.obj
 0001:00013780       EAGetLargestKeyForMode     0000000000024780 f   Common:crypto.obj
 0001:000137f0       EAGetCipherCount           00000000000247f0 f   Common:crypto.obj
 0001:00013840       EAGetFirstCipher           0000000000024840 f   Common:crypto.obj
 0001:00013860       EAGetLastCipher            0000000000024860 f   Common:crypto.obj
 0001:000138d0       EAGetNextCipher            00000000000248d0 f   Common:crypto.obj
 0001:00013950       EAGetPreviousCipher        0000000000024950 f   Common:crypto.obj
 0001:00013a00       EAIsModeSupported          0000000000024a00 f   Common:crypto.obj
 0001:00013a60       crypto_open                0000000000024a60 f   Common:crypto.obj
 0001:00013ac0       crypto_loadkey             0000000000024ac0 f   Common:crypto.obj
 0001:00013b60       crypto_close               0000000000024b60 f   Common:crypto.obj
 0001:00013be0       Xor128                     0000000000024be0 f   Common:crypto.obj
 0001:00013c50       Xor64                      0000000000024c50 f   Common:crypto.obj
 0001:00013c80       EncryptBufferLRW128        0000000000024c80 f   Common:crypto.obj
 0001:00013ee0       EncryptBufferLRW64         0000000000024ee0 f   Common:crypto.obj
 0001:000140b0       DecryptBufferLRW128        00000000000250b0 f   Common:crypto.obj
 0001:00014330       DecryptBufferLRW64         0000000000025330 f   Common:crypto.obj
 0001:00014cc0       EncryptBuffer              0000000000025cc0 f   Common:crypto.obj
 0001:00014fd0       DataUnit2LRWIndex          0000000000025fd0 f   Common:crypto.obj
 0001:00015090       EncryptDataUnits           0000000000026090 f   Common:crypto.obj
 0001:000150e0       EncryptDataUnitsCurrentThread 00000000000260e0 f   Common:crypto.obj
 0001:00015560       DecryptBuffer              0000000000026560 f   Common:crypto.obj
 0001:000158b0       DecryptDataUnits           00000000000268b0 f   Common:crypto.obj
 0001:00015900       DecryptDataUnitsCurrentThread 0000000000026900 f   Common:crypto.obj
 0001:00015dc0       GetMaxPkcs5OutSize         0000000000026dc0 f   Common:crypto.obj
 0001:00015ef0       IsAesHwCpuSupported        0000000000026ef0 f   Common:crypto.obj
 0001:00015f70       EnableHwEncryption         0000000000026f70 f   Common:crypto.obj
 0001:00015fb0       IsHwEncryptionEnabled      0000000000026fb0 f   Common:crypto.obj
 0001:00015fe0       GetCrc32                   0000000000026fe0 f   Common:crc.obj
 0001:00016060       crc32int                   0000000000027060 f   Common:crc.obj
 0001:00016160       crc32_selftests            0000000000027160 f   Common:crc.obj
 0001:00016240       GetHeaderField16           0000000000027240 f   Common:volumes.obj
 0001:00016270       GetHeaderField32           0000000000027270 f   Common:volumes.obj
 0001:000162a0       GetHeaderField64           00000000000272a0 f   Common:volumes.obj
 0001:000162e0       ReadVolumeHeader           00000000000272e0 f   Common:volumes.obj
 0001:00017580       GetWipePassCount           0000000000028580 f   Common:wipe.obj
 0001:00017600       WipeBuffer                 0000000000028600 f   Common:wipe.obj
 0001:000176d0       ReadVolumeHeaderWCache     00000000000286d0 f   Common:cache.obj
 0001:000178a0       AddPasswordToCache         00000000000288a0 f   Common:cache.obj
 0001:00017960       WipeCache                  0000000000028960 f   Common:cache.obj
 0001:000179e0       XTSAesTest                 00000000000289e0 f   Common:tests.obj
 0001:00017c00       CipherInit2                0000000000028c00 f   Common:tests.obj
 0001:00017d20       LRWAesTest                 0000000000028d20 f   Common:tests.obj
 0001:00017ea0       TestSectorBufEncryption    0000000000028ea0 f   Common:tests.obj
 0001:00018e30       TestLegacySectorBufEncryption 0000000000029e30 f   Common:tests.obj
 0001:0001a750       AutoTestAlgorithms         000000000002b750 f   Common:tests.obj
 0001:0001a7b0       test_hmac_sha512           000000000002b7b0 f   Common:tests.obj
 0001:0001a900       test_hmac_sha1             000000000002b900 f   Common:tests.obj
 0001:0001aa30       test_hmac_ripemd160        000000000002ba30 f   Common:tests.obj
 0001:0001ab40       test_hmac_whirlpool        000000000002bb40 f   Common:tests.obj
 0001:0001abf0       test_pkcs5                 000000000002bbf0 f   Common:tests.obj
 0001:0001af40       ExInitializeFastMutex      000000000002bf40 f i Common:encryptionthreadpool.obj
 0001:0001b3c0       EncryptionThreadPoolStart  000000000002c3c0 f   Common:encryptionthreadpool.obj
 0001:0001b570       EncryptionThreadPoolStop   000000000002c570 f   Common:encryptionthreadpool.obj
 0001:0001b610       EncryptionThreadPoolBeginKeyDerivation 000000000002c610 f   Common:encryptionthreadpool.obj
 0001:0001b7c0       EncryptionThreadPoolDoWork 000000000002c7c0 f   Common:encryptionthreadpool.obj
 0001:0001bb30       GetEncryptionThreadCount   000000000002cb30 f   Common:encryptionthreadpool.obj
 0001:0001bb60       IsEncryptionThreadPoolRunning 000000000002cb60 f   Common:encryptionthreadpool.obj
 0001:0001bb70       MirrorBytes16              000000000002cb70 f   Common:endian.obj
 0001:0001bb90       MirrorBytes32              000000000002cb90 f   Common:endian.obj
 0001:0001bc00       MirrorBytes64              000000000002cc00 f   Common:endian.obj
 0001:0001bd10       bsw_32                     000000000002cd10 f i Common:gfmul.obj
 0001:0001bda0       move_block_aligned         000000000002cda0 f i Common:gfmul.obj
 0001:0001bdf0       move_block_aligned64       000000000002cdf0 f i Common:gfmul.obj
 0001:0001be20       xor_block_aligned          000000000002ce20 f i Common:gfmul.obj
 0001:0001bea0       xor_block_aligned64        000000000002cea0 f i Common:gfmul.obj
 0001:0001bef0       mul_x                      000000000002cef0 f i Common:gfmul.obj
 0001:0001bfb0       mul_x64                    000000000002cfb0 f i Common:gfmul.obj
 0001:0001c030       mul_lex8                   000000000002d030 f i Common:gfmul.obj
 0001:0001c0e0       mul_lex8_64                000000000002d0e0 f i Common:gfmul.obj
 0001:0001c150       compile_8k_table           000000000002d150 f   Common:gfmul.obj
 0001:0001c500       compile_4k_table64         000000000002d500 f   Common:gfmul.obj
 0001:0001ca10       MirrorBits128              000000000002da10 f   Common:gfmul.obj
 0001:0001cb10       MirrorBits64               000000000002db10 f   Common:gfmul.obj
 0001:0001cc00       Gf128Tab64Init             000000000002dc00 f   Common:gfmul.obj
 0001:0001ce70       Gf64TabInit                000000000002de70 f   Common:gfmul.obj
 0001:0001d0d0       Gf128MulBy64Tab            000000000002e0d0 f   Common:gfmul.obj
 0001:0001d3c0       Gf64MulTab                 000000000002e3c0 f   Common:gfmul.obj
 0001:0001d680       EncryptBufferXTS           000000000002e680 f   Common:xts.obj
 0001:0001e190       DecryptBufferXTS           000000000002f190 f   Common:xts.obj
 0001:0001eca0       hmac_truncate              000000000002fca0 f   Common:pkcs5.obj
 0001:0001ed00       hmac_sha512                000000000002fd00 f   Common:pkcs5.obj
 0001:0001f2a0       derive_u_sha512            00000000000302a0 f   Common:pkcs5.obj
 0001:0001f540       derive_key_sha512          0000000000030540 f   Common:pkcs5.obj
 0001:0001f760       hmac_sha1                  0000000000030760 f   Common:pkcs5.obj
 0001:0001fce0       derive_u_sha1              0000000000030ce0 f   Common:pkcs5.obj
 0001:0001ff80       derive_key_sha1            0000000000030f80 f   Common:pkcs5.obj
 0001:00020150       hmac_ripemd160             0000000000031150 f   Common:pkcs5.obj
 0001:00020580       derive_u_ripemd160         0000000000031580 f   Common:pkcs5.obj
 0001:00020810       derive_key_ripemd160       0000000000031810 f   Common:pkcs5.obj
 0001:000209e0       hmac_whirlpool             00000000000319e0 f   Common:pkcs5.obj
 0001:00020f80       derive_u_whirlpool         0000000000031f80 f   Common:pkcs5.obj
 0001:00021220       derive_key_whirlpool       0000000000032220 f   Common:pkcs5.obj
 0001:00021440       get_pkcs5_iteration_count  0000000000032440 f   Common:pkcs5.obj
 0001:000214e0       Cast5Encrypt               00000000000324e0 f   Crypto:cast.obj
 0001:00021d80       Cast5Decrypt               0000000000032d80 f   Crypto:cast.obj
 0001:00022640       Cast5SetKey                0000000000033640 f   Crypto:cast.obj
 0001:000237a0       aes_encrypt_key256         00000000000347a0 f   Crypto:aeskey.obj
 0001:000242b0       aes_decrypt_key256         00000000000352b0 f   Crypto:aeskey.obj
 0001:00025b80       BlowfishSetKey             0000000000036b80 f   Crypto:blowfish.obj
 0001:00025d90       BlowfishEncryptLE          0000000000036d90 f   Crypto:blowfish.obj
 0001:00026e20       twofish_set_key            0000000000037e20 f   Crypto:twofish.obj
 0001:00027010       twofish_encrypt            0000000000038010 f   Crypto:twofish.obj
 0001:00028330       twofish_decrypt            0000000000039330 f   Crypto:twofish.obj
 0001:00029e50       TripleDesSetKey            000000000003ae50 f   Crypto:des.obj
 0001:00029f10       TripleDesEncrypt           000000000003af10 f   Crypto:des.obj
 0001:0002a290       serpent_set_key            000000000003b290 f   Crypto:serpent.obj
 0001:0002b060       serpent_encrypt            000000000003c060 f   Crypto:serpent.obj
 0001:0002c230       serpent_decrypt            000000000003d230 f   Crypto:serpent.obj
 0001:0002d320       sha1_compile               000000000003e320 f   Crypto:sha1.obj
 0001:00030250       sha1_begin                 0000000000041250 f   Crypto:sha1.obj
 0001:000302b0       sha1_hash                  00000000000412b0 f   Crypto:sha1.obj
 0001:00030430       sha1_end                   0000000000041430 f   Crypto:sha1.obj
 0001:00030650       RMD160Init                 0000000000041650 f   Crypto:rmd160.obj
 0001:000306b0       RMD160Update               00000000000416b0 f   Crypto:rmd160.obj
 0001:00030910       RMD160Final                0000000000041910 f   Crypto:rmd160.obj
 0001:00030a10       RMD160Transform            0000000000041a10 f   Crypto:rmd160.obj
 0001:00033e30       sha512_compile             0000000000044e30 f   Crypto:sha2.obj
 0001:00035f50       sha512_hash                0000000000046f50 f   Crypto:sha2.obj
 0001:00036440       sha512_begin               0000000000047440 f   Crypto:sha2.obj
 0001:00036480       sha512_end                 0000000000047480 f   Crypto:sha2.obj
 0001:000378c0       WHIRLPOOL_init             00000000000488c0 f   Crypto:whirlpool.obj
 0001:00037940       WHIRLPOOL_add              0000000000048940 f   Crypto:whirlpool.obj
 0001:00037c90       WHIRLPOOL_finalize         0000000000048c90 f   Crypto:whirlpool.obj
 0001:00037ed0       __security_check_cookie    0000000000048ed0 f   BufferOverflowK:amdsecgs.obj
 0001:00037ef8       __report_gsfailure         0000000000048ef8 f   BufferOverflowK:gs_report.obj
 0001:00037f26       DbgPrint                   0000000000048f26 f   ntoskrnl:ntoskrnl.exe
 0001:00037f30       aes_encrypt                0000000000048f30     Crypto:aes_x64.obj
 0001:00038930       aes_decrypt                0000000000049930     Crypto:aes_x64.obj
 0001:00039330       aes_hw_cpu_enable_sse      000000000004a330     Crypto:aes_hw_cpu.obj
 0001:0003933b       is_aes_hw_cpu_supported    000000000004a33b     Crypto:aes_hw_cpu.obj
 0001:0003934d       aes_hw_cpu_decrypt         000000000004a34d     Crypto:aes_hw_cpu.obj
 0001:000393ff       aes_hw_cpu_decrypt_32_blocks 000000000004a3ff     Crypto:aes_hw_cpu.obj
 0001:00039bb4       aes_hw_cpu_encrypt         000000000004abb4     Crypto:aes_hw_cpu.obj
 0001:00039c66       aes_hw_cpu_encrypt_32_blocks 000000000004ac66     Crypto:aes_hw_cpu.obj
 0001:0003a430       memcmp                     000000000004b430 f   ntoskrnl:memcmp.obj
 0001:0003a4fe       __C_specific_handler       000000000004b4fe f   ntoskrnl:ntoskrnl.exe
 0001:0003a50c       __GSHandlerCheckCommon     000000000004b50c f   sehupd:gshandler.obj
 0001:0003a578       __GSHandlerCheck           000000000004b578 f   sehupd:gshandler.obj
 0001:0003a5a0       ??_C@_0CF@LIHGPBLF@c?3?2winddk?27600?416385?41?2inc?2ddk?2w@FNODOBFM@ 000000000004b5a0     drivefilter.obj
 0001:0003a5d0       ??_C@_0CM@LOONDNKF@Irp?9?$DOCurrentLocation?5?$DM?$DN?5Irp?9?$DOSta@FNODOBFM@ 000000000004b5d0     drivefilter.obj
 0001:0003a600       ??_C@_0BJ@HKMILGM@Irp?9?$DOCurrentLocation?5?$DO?50?$AA@FNODOBFM@ 000000000004b600     drivefilter.obj
 0001:0003a620       ??_C@_0FK@JAEDPCKJ@?$CIInvokeOnSuccess?5?$HM?$HM?5InvokeOnErro@FNODOBFM@ 000000000004b620     drivefilter.obj
 0001:0003a680       ??_C@_0CI@HDMHMCGD@Irp?9?$DOCurrentLocation?5?$DM?$DN?5Irp?9?$DOSta@FNODOBFM@ 000000000004b680     drivefilter.obj
 0001:0003a6b0       ??_C@_0CA@ILBJGGPO@Checking?5BootArguments?5at?50x?$CFx?6?$AA@FNODOBFM@ 000000000004b6b0     drivefilter.obj
 0001:0003a6d0       ??_C@_0BN@JFNHMJPM@BootArguments?5found?5at?50x?$CFx?6?$AA@FNODOBFM@ 000000000004b6d0     drivefilter.obj
 0001:0003a6f0       ??_C@_0BN@NBHIKKLK@BootArguments?5CRC?5incorrect?6?$AA@FNODOBFM@ 000000000004b6f0     drivefilter.obj
 0001:0003a710       ??_C@_0BI@NEHGCDJA@BootLoaderVersion?5?$DN?5?$CFx?6?$AA@FNODOBFM@ 000000000004b710     drivefilter.obj
 0001:0003a730       ??_C@_0BG@PNJAPAAK@HeaderSaltCrc32?5?$DN?5?$CFx?6?$AA@FNODOBFM@ 000000000004b730     drivefilter.obj
 0001:0003a750       ??_C@_0BH@DOJHKKND@CryptoInfoOffset?5?$DN?5?$CFx?6?$AA@FNODOBFM@ 000000000004b750     drivefilter.obj
 0001:0003a770       ??_C@_0BH@OFNGPMHI@CryptoInfoLength?5?$DN?5?$CFd?6?$AA@FNODOBFM@ 000000000004b770     drivefilter.obj
 0001:0003a790       ??_C@_0CE@JLLKOMJD@HiddenSystemPartitionStart?5?$DN?5?$CFI6@FNODOBFM@ 000000000004b790     drivefilter.obj
 0001:0003a7c0       ??_C@_0CD@BAEBNNNN@DecoySystemPartitionStart?5?$DN?5?$CFI64@FNODOBFM@ 000000000004b7c0     drivefilter.obj
 0001:0003a7f0       ??_C@_0M@KEDLLGKK@Flags?5?$DN?5?$CFx?6?$AA@FNODOBFM@ 000000000004b7f0     drivefilter.obj
 0001:0003a800       ??_C@_0BJ@DENLEODJ@BootDriveSignature?5?$DN?5?$CFx?6?$AA@FNODOBFM@ 000000000004b800     drivefilter.obj
 0001:0003a820       ??_C@_0BJ@FBGGCCGI@BootArgumentsCrc32?5?$DN?5?$CFx?6?$AA@FNODOBFM@ 000000000004b820     drivefilter.obj
 0001:0003a840       ??_C@_0BN@FJJFAJFG@DriveFilterAddDevice?5pdo?$DN?$CFp?6?$AA@FNODOBFM@ 000000000004b840     drivefilter.obj
 0001:0003a860       ??_C@_0BD@EAAMLHLJ@Dismounting?5drive?6?$AA@FNODOBFM@ 000000000004b860     drivefilter.obj
 0001:0003a880       ??_C@_0CF@JNBKAODJ@e?3?2truecrypt7?41?2driver?2drivefilt@FNODOBFM@ 000000000004b880     drivefilter.obj
 0001:0003a8b0       ??_C@_0BI@ONACDOIC@Extension?9?$DODriveMounted?$AA@FNODOBFM@ 000000000004b8b0     drivefilter.obj
 0001:0003a8d0       ??_C@_0BD@JFDPBFDA@MountDrive?5pdo?$DN?$CFp?6?$AA@FNODOBFM@ 000000000004b8d0     drivefilter.obj
 0001:0003a8f0       ??_C@_0CE@KKOENIAD@KeGetCurrentIrql?$CI?$CJ?5?$DN?$DN?5PASSIVE_LE@FNODOBFM@ 000000000004b8f0     drivefilter.obj
 0001:0003a920       ??_C@_0CA@JLOPIPKN@Reading?5volume?5header?5at?5?$CFI64u?6?$AA@FNODOBFM@ 000000000004b920     drivefilter.obj
 0001:0003a940       ??_C@_0BH@FBDKNNGH@TCReadDevice?5error?5?$CFx?6?$AA@FNODOBFM@ 000000000004b940     drivefilter.obj
 0001:0003a960       ??_C@_0BC@LMOOMJMK@Header?5decrypted?6?$AA@FNODOBFM@ 000000000004b960     drivefilter.obj
 0001:0003a980       ??_C@_0CE@ONLIABPH@Hidden?5volume?5start?5offset?5?$DN?5?$CFI6@FNODOBFM@ 000000000004b980     drivefilter.obj
 0001:0003a9b0       ??_C@_0BM@GBKCGBDB@RemappedAreaOffset?5?$DN?5?$CFI64d?6?$AA@FNODOBFM@ 000000000004b9b0     drivefilter.obj
 0001:0003a9d0       ??_C@_0CE@NLPFMAEC@RemappedAreaDataUnitOffset?5?$DN?5?$CFI6@FNODOBFM@ 000000000004b9d0     drivefilter.obj
 0001:0003aa00       ??_C@_0FO@PAPPJPK@Loaded?3?5ConfiguredEncryptedAreaS@FNODOBFM@ 000000000004ba00     drivefilter.obj
 0001:0003aa60       ??_C@_0EK@PHFABMCK@Loaded?3?5EncryptedAreaStart?$DN?$CFI64d@FNODOBFM@ 000000000004ba60     drivefilter.obj
 0001:0003aab0       ??_C@_0BF@DFBDNCBE@Wiping?5memory?5?$CFx?5?$CFd?6?$AA@FNODOBFM@ 000000000004bab0     drivefilter.obj
 0001:0003aad0       ??_C@_0CH@LNDECHEL@Failed?5to?5get?5drive?5number?5?9?5err@FNODOBFM@ 000000000004bad0     drivefilter.obj
 0001:0003ab00       ??_C@_0CH@IHPMFJGA@Failed?5to?5get?5drive?5length?5?9?5err@FNODOBFM@ 000000000004bb00     drivefilter.obj
 0001:0003ab30       ??_C@_0BG@CKLJIMPP@Header?5not?5decrypted?6?$AA@FNODOBFM@ 000000000004bb30     drivefilter.obj
 0001:0003ab50       ??_C@_0BG@EAILECP@TCReadDevice?5error?5?$CFx?$AA@FNODOBFM@ 000000000004bb50     drivefilter.obj
 0001:0003ab70       ??_C@_0FO@BIDJBKJB@Saving?3?5ConfiguredEncryptedAreaS@FNODOBFM@ 000000000004bb70     drivefilter.obj
 0001:0003abd0       ??_C@_0EK@MOIFFFBD@Saving?3?5EncryptedAreaStart?$DN?$CFI64d@FNODOBFM@ 000000000004bbd0     drivefilter.obj
 0001:0003ac20       ??_C@_0BF@DGHCICOF@Header?5not?5decrypted?$AA@FNODOBFM@ 000000000004bc20     drivefilter.obj
 0001:0003ac40       ??_C@_0BH@PIJMMLOC@TCWriteDevice?5error?5?$CFx?$AA@FNODOBFM@ 000000000004bc40     drivefilter.obj
 0001:0003ac60       ??_C@_0BP@NOBPEAIN@Drive?5and?5volume?5merged?5pdo?$DN?$CFp?$AA@FNODOBFM@ 000000000004bc60     drivefilter.obj
 0001:0003ac80       ??_C@_0BM@EOGIDBIC@IRP_MN_START_DEVICE?5pdo?$DN?$CFp?6?$AA@FNODOBFM@ 000000000004bc80     drivefilter.obj
 0001:0003aca0       ??_C@_0CK@HDNODHHC@IRP_MN_DEVICE_USAGE_NOTIFICATION@FNODOBFM@ 000000000004bca0     drivefilter.obj
 0001:0003acd0       ??_C@_0BJ@ECOGMEFG@Preventing?5dump?5type?$DN?$CFd?6?$AA@FNODOBFM@ 000000000004bcd0     drivefilter.obj
 0001:0003acf0       ??_C@_0BN@GINPCIAN@IRP_MN_REMOVE_DEVICE?5pdo?$DN?$CFp?6?$AA@FNODOBFM@ 000000000004bcf0     drivefilter.obj
 0001:0003ad10       ??_C@_0CL@JHMIFAKG@IRP_MJ_POWER?5minor?$DN?$CFd?5type?$DN?$CFd?5sh@FNODOBFM@ 000000000004bd10     drivefilter.obj
 0001:0003ad40       ??_C@_0DK@ECCPCMLD@?$CBExtension?9?$DObRootDevice?5?$CG?$CG?5Exten@FNODOBFM@ 000000000004bd40     drivefilter.obj
 0001:0003ad80       ??_C@_0BB@DLMCDLIB@Header?5reopened?6?$AA@FNODOBFM@ 000000000004bd80     drivefilter.obj
 0001:0003ada0       ??_C@_0BF@GFCPIAML@Header?5not?5reopened?6?$AA@FNODOBFM@ 000000000004bda0     drivefilter.obj
 0001:0003adc0       ??_C@_0BN@EAICPFDC@Filtering?5WriteFunctionA?5?$CFd?6?$AA@FNODOBFM@ 000000000004bdc0     drivefilter.obj
 0001:0003ade0       ??_C@_0BN@MGBGIHJM@Filtering?5WriteFunctionB?5?$CFd?6?$AA@FNODOBFM@ 000000000004bde0     drivefilter.obj
 0001:0003ae00       ??_C@_1M@IMEHFNOE@?$AAh?$AAi?$AAb?$AAe?$AAr?$AA?$AA@FNODOBFM@ 000000000004be00     drivefilter.obj
 0001:0003ae10       ??_C@_1M@JEHGIGBM@?$AAH?$AAi?$AAb?$AAe?$AAr?$AA?$AA@FNODOBFM@ 000000000004be10     drivefilter.obj
 0001:0003ae20       ??_C@_1M@IFMDENJC@?$AAH?$AAI?$AAB?$AAE?$AAR?$AA?$AA@FNODOBFM@ 000000000004be20     drivefilter.obj
 0001:0003ae30       ??_C@_0BJ@CFHEDMMF@?$CBIsOSAtLeast?5?$CIWIN_VISTA?$CJ?$AA@FNODOBFM@ 000000000004be30     drivefilter.obj
 0001:0003ae50       ??_C@_0P@MEMLEIEJ@Encrypting?4?4?4?6?$AA@FNODOBFM@ 000000000004be50     drivefilter.obj
 0001:0003ae60       ??_C@_0P@DCAIKIEM@Decrypting?4?4?4?6?$AA@FNODOBFM@ 000000000004be60     drivefilter.obj
 0001:0003ae70       ??_C@_0BK@NLGNMKFH@EncryptedAreaStart?$DN?$CFI64d?6?$AA@FNODOBFM@ 000000000004be70     drivefilter.obj
 0001:0003ae90       ??_C@_0BI@NGOBDECI@EncryptedAreaEnd?$DN?$CFI64d?6?$AA@FNODOBFM@ 000000000004be90     drivefilter.obj
 0001:0003aeb0       ??_C@_0CE@PHJPGEOK@ConfiguredEncryptedAreaStart?$DN?$CFI6@FNODOBFM@ 000000000004beb0     drivefilter.obj
 0001:0003aee0       ??_C@_0CC@FCINBIJC@ConfiguredEncryptedAreaEnd?$DN?$CFI64d@FNODOBFM@ 000000000004bee0     drivefilter.obj
 0001:0003af10       ??_C@_0O@CPDGLKAG@offset?$DN?$CFI64d?6?$AA@FNODOBFM@ 000000000004bf10     drivefilter.obj
 0001:0003af20       ??_C@_0DK@GDPNMFEK@EncryptedAreaStart?$DN?$CFI64d?5?$CI?$CFI64d?$CJ@FNODOBFM@ 000000000004bf20     drivefilter.obj
 0001:0003af60       ??_C@_0CF@CKMJEIIB@TCReadDevice?5error?5?$CFx?5?5offset?$DN?$CFI@FNODOBFM@ 000000000004bf60     drivefilter.obj
 0001:0003af90       ??_C@_0BI@LEBDPHBF@TCWriteDevice?5error?5?$CFx?6?$AA@FNODOBFM@ 000000000004bf90     drivefilter.obj
 0001:0003afb0       ??_C@_0BE@IDPHHPHP@NT_SUCCESS?5?$CIstatus?$CJ?$AA@FNODOBFM@ 000000000004bfb0     drivefilter.obj
 0001:0003afd0       ??_C@_0FE@OKPCPDJI@Setup?5completed?3?5?5EncryptedAreaS@FNODOBFM@ 000000000004bfd0     drivefilter.obj
 0001:0003b030       ??_C@_0CM@PJEGGJLG@Wiping?5decoy?5system?3?5?5start?5offs@FNODOBFM@ 000000000004c030     drivefilter.obj
 0001:0003b060       ??_C@_0DB@OHMKNOCN@Wipe?5end?3?5DecoySystemWipedAreaEn@FNODOBFM@ 000000000004c060     drivefilter.obj
 0001:0003b0a0       ??_C@_0BJ@DKEIHACK@DumpFilterEntry?5type?$DN?$CFd?6?$AA@FNODOBFM@ 000000000004c0a0     dumpfilter.obj
 0001:0003b0c0       ??_C@_1CE@IPABBIFA@?$AA?2?$AAD?$AAe?$AAv?$AAi?$AAc?$AAe?$AA?2?$AAT?$AAr?$AAu?$AAe?$AAC?$AAr?$AAy?$AAp?$AAt?$AA?$AA@FNODOBFM@ 000000000004c0c0     dumpfilter.obj
 0001:0003b0f0       ??_C@_0BM@NIHDEFIH@Dump?5filter?5loaded?5type?$DN?$CFd?6?$AA@FNODOBFM@ 000000000004c0f0     dumpfilter.obj
 0001:0003b110       ??_C@_0BK@MPDBPBLL@DumpFilterEntry?5error?5?$CFx?6?$AA@FNODOBFM@ 000000000004c110     dumpfilter.obj
 0001:0003b130       ??_C@_0BJ@IKOJIFKO@DumpFilterStart?5type?$DN?$CFd?6?$AA@FNODOBFM@ 000000000004c130     dumpfilter.obj
 0001:0003b150       ??_C@_0BK@EIOFNLAN@DumpFilterFinish?5type?$DN?$CFd?6?$AA@FNODOBFM@ 000000000004c150     dumpfilter.obj
 0001:0003b170       ??_C@_0BK@LHLJKEKP@DumpFilterUnload?5type?$DN?$CFd?6?$AA@FNODOBFM@ 000000000004c170     dumpfilter.obj
 0001:0003b190       ??_C@_0CK@BDMNJIPB@e?3?2truecrypt7?41?2driver?2encrypted@FNODOBFM@ 000000000004c190     encryptedioqueue.obj
 0001:0003b1c0       ??_C@_0O@FECNDOKE@buffer?9?$DOInUse?$AA@FNODOBFM@ 000000000004c1c0     encryptedioqueue.obj
 0001:0003b1d0       ??_C@_0CG@COCFEEEN@?$CBbuffer?9?$DOInUse?5?$HM?$HM?5queue?9?$DOStartPe@FNODOBFM@ 000000000004c1d0     encryptedioqueue.obj
 0001:0003b200       ??_C@_0GC@JKEACOCL@request?9?$DOEncryptedOffset?5?$CL?5reque@FNODOBFM@ 000000000004c200     encryptedioqueue.obj
 0001:0003b270       ??_C@_0EP@IGAPPBIF@Hidden?5volume?5protection?5trigger@FNODOBFM@ 000000000004c270     encryptedioqueue.obj
 0001:0003b2c0       ??_C@_0DJ@KOLNOKOK@Preventing?5write?5to?5the?5system?5e@FNODOBFM@ 000000000004c2c0     encryptedioqueue.obj
 0001:0003b300       ??_C@_0DI@GBCOIBFH@Preventing?5write?5to?5boot?5loader?5@FNODOBFM@ 000000000004c300     encryptedioqueue.obj
 0001:0003b340       ??_C@_0CB@JMNJFHBF@STATUS_DEVICE_NOT_READY?5?5out?$DN?$CFd?6@FNODOBFM@ 000000000004c340     encryptedioqueue.obj
 0001:0003b370       ??_C@_0BC@DPKEMNCN@?$CBqueue?9?$DOSuspended?$AA@FNODOBFM@ 000000000004c370     encryptedioqueue.obj
 0001:0003b390       ??_C@_0BB@CDEEPNAM@queue?9?$DOSuspended?$AA@FNODOBFM@ 000000000004c390     encryptedioqueue.obj
 0001:0003b3b0       ??_C@_0P@IPONPJEA@Queue?5started?6?$AA@FNODOBFM@ 000000000004c3b0     encryptedioqueue.obj
 0001:0003b3c0       ??_C@_0BE@PAKNKFEC@?$CBqueue?9?$DOStopPending?$AA@FNODOBFM@ 000000000004c3c0     encryptedioqueue.obj
 0001:0003b3e0       ??_C@_0BI@FIKKAEEK@Queue?5stopping?5?5out?$DN?$CFd?6?$AA@FNODOBFM@ 000000000004c3e0     encryptedioqueue.obj
 0001:0003b400       ??_C@_0BH@LHJJPAN@Queue?5stopped?5?5out?$DN?$CFd?6?$AA@FNODOBFM@ 000000000004c400     encryptedioqueue.obj
 0001:0003b420       ??_C@_13HGPDMIBE@?$AA?$DP?$AA?$AA@FNODOBFM@ 000000000004c420     ntdriver.obj
 0001:0003b430       ??_C@_0CD@FCIMJPEM@AddDevice?5pdo?$DN?$CFp?5type?$DN?$CFx?5name?$DN?$CFw@FNODOBFM@ 000000000004c430     ntdriver.obj
 0001:0003b460       ??_C@_0BN@PIELMKDH@Volume?5pdo?$DN?$CFp?5interface?$DN?$CFws?6?$AA@FNODOBFM@ 000000000004c460     ntdriver.obj
 0001:0003b480       ??_C@_0DF@IHIBAGEA@0x?$CF08p?5?5?$CF02x?5?$CF02x?5?$CF02x?5?$CF02x?5?$CF02x@FNODOBFM@ 000000000004c480     ntdriver.obj
 0001:0003b4c0       ??_C@_0FE@HIDEPCAO@STATUS_BUFFER_TOO_SMALL?5ioctl?$DN0x@FNODOBFM@ 000000000004c4c0     ntdriver.obj
 0001:0003b520       ??_C@_0P@CMDFIGFB@?$CFls?5?$CI0x?$CFx?5?$CFd?$CJ?6?$AA@FNODOBFM@ 000000000004c520     ntdriver.obj
 0001:0003b530       ??_C@_0BG@JHFMBFJC@Driver?5shutting?5down?6?$AA@FNODOBFM@ 000000000004c530     ntdriver.obj
 0001:0003b550       ??_C@_0DA@HGPNLENJ@Device?5?$CFd?5shutting?5down?3?5STATUS_@FNODOBFM@ 000000000004c550     ntdriver.obj
 0001:0003b580       ??_C@_0EI@NJLFEPKD@Removable?5device?5?$CFd?5has?5DO_VERIF@FNODOBFM@ 000000000004c580     ntdriver.obj
 0001:0003b5d0       ??_C@_0CC@LEOBGDBK@e?3?2truecrypt7?41?2driver?2ntdriver?4@FNODOBFM@ 000000000004c5d0     ntdriver.obj
 0001:0003b600       ??_C@_0BM@HAIECJHN@TCCreateDeviceObject?5BEGIN?6?$AA@FNODOBFM@ 000000000004c600     ntdriver.obj
 0001:0003b620       ??_C@_0CA@MBKOBJGH@Creating?5device?5nt?$DN?$CFls?5dos?$DN?$CFls?6?$AA@FNODOBFM@ 000000000004c620     ntdriver.obj
 0001:0003b640       ??_C@_0CM@DAAJFNOI@TCCreateDeviceObject?5NTSTATUS?5?$DN?5@FNODOBFM@ 000000000004c640     ntdriver.obj
 0001:0003b670       ??_C@_0CJ@CAANMOOG@TCCreateDeviceObject?5STATUS_SUCC@FNODOBFM@ 000000000004c670     ntdriver.obj
 0001:0003b6a0       ??_C@_0M@FBJPBOL@name?5?$DN?5?$CFls?6?$AA@FNODOBFM@ 000000000004c6a0     ntdriver.obj
 0001:0003b6b0       ??_C@_0BA@OLBPPLP@TrueCryptVolume?$AA@FNODOBFM@ 000000000004c6b0     ntdriver.obj
 0001:0003b6c0       ??_C@_08DALLBBIL@id?5?$DN?5?$CFs?6?$AA@FNODOBFM@ 000000000004c6c0     ntdriver.obj
 0001:0003b6d0       ??_C@_0M@HABEOOKA@link?5?$DN?5?$CFls?6?$AA@FNODOBFM@ 000000000004c6d0     ntdriver.obj
 0001:0003b6e0       ??_C@_0BO@BEMMNDOD@IOCTL?5error?50x?$CF08x?5?$CI0x?$CFx?5?$CFd?$CJ?6?$AA@FNODOBFM@ 000000000004c6e0     ntdriver.obj
 0001:0003b700       ??_C@_09EMKKFGIH@TrueCrypt?$AA@FNODOBFM@ 000000000004c700     ntdriver.obj
 0001:0003b710       ??_C@_0CA@FCHCHJKN@Open?5test?5on?5file?5?$CFls?5success?4?6?$AA@FNODOBFM@ 000000000004c710     ntdriver.obj
 0001:0003b730       ??_C@_0BH@GFMHOPFN@Setting?5portable?5mode?6?$AA@FNODOBFM@ 000000000004c730     ntdriver.obj
 0001:0003b750       ??_C@_0BE@MLCKFMJI@IOCTL?5error?50x?$CF08x?6?$AA@FNODOBFM@ 000000000004c750     ntdriver.obj
 0001:0003b770       ??_C@_0BE@DCPHDOHD@Starting?5thread?4?4?4?6?$AA@FNODOBFM@ 000000000004c770     ntdriver.obj
 0001:0003b790       ??_C@_0CB@DGOAIPAC@PsCreateSystemThread?5Failed?5END?6@FNODOBFM@ 000000000004c790     ntdriver.obj
 0001:0003b7c0       ??_C@_0CF@DMBFEFC@Waiting?5for?5thread?5to?5initialize@FNODOBFM@ 000000000004c7c0     ntdriver.obj
 0001:0003b7f0       ??_C@_0CK@KIOPBGEO@Waiting?5completed?$CB?5Thread?5return@FNODOBFM@ 000000000004c7f0     ntdriver.obj
 0001:0003b820       ??_C@_0BO@IDJGLOL@Signalling?5thread?5to?5quit?4?4?4?6?$AA@FNODOBFM@ 000000000004c820     ntdriver.obj
 0001:0003b840       ??_C@_0BG@MEOILBFO@NT_SUCCESS?5?$CIntStatus?$CJ?$AA@FNODOBFM@ 000000000004c840     ntdriver.obj
 0001:0003b860       ??_C@_0P@OPFPPFJJ@Thread?5exited?6?$AA@FNODOBFM@ 000000000004c860     ntdriver.obj
 0001:0003b870       ??_C@_0CD@LOGBEHKH@Mount?5THREAD?5OPENING?5VOLUME?5BEGI@FNODOBFM@ 000000000004c870     ntdriver.obj
 0001:0003b8a0       ??_C@_1BA@CCLAPIHO@?$AA?2?$AAD?$AAe?$AAv?$AAi?$AAc?$AAe?$AA?$AA@FNODOBFM@ 000000000004c8a0     ntdriver.obj
 0001:0003b8b0       ??_C@_19JHEHLFPM@?$AA?2?$AA?$DP?$AA?$DP?$AA?2?$AA?$AA@FNODOBFM@ 000000000004c8b0     ntdriver.obj
 0001:0003b8c0       ??_C@_0DO@GJJNBBEG@Mount?5THREAD?5request?5for?5File?5?$CFl@FNODOBFM@ 000000000004c8c0     ntdriver.obj
 0001:0003b900       ??_C@_0CO@PADHEFHE@irpSp?9?$DOMajorFunction?5?$DN?$DN?5IRP_MJ_D@FNODOBFM@ 000000000004c900     ntdriver.obj
 0001:0003b930       ??_C@_0BA@OMKHINCH@Closing?5volume?6?$AA@FNODOBFM@ 000000000004c930     ntdriver.obj
 0001:0003b940       ??_C@_1DA@GMJGMIMP@?$AA?2?$AAD?$AAe?$AAv?$AAi?$AAc?$AAe?$AA?2?$AAT?$AAr?$AAu?$AAe?$AAC?$AAr?$AAy?$AAp?$AAt?$AAV?$AAo?$AAl?$AAu?$AAm?$AAe?$AA?$AA@FNODOBFM@ 000000000004c940     ntdriver.obj
 0001:0003b970       ??_C@_1BK@LABJKOM@?$AA?2?$AAD?$AAo?$AAs?$AAD?$AAe?$AAv?$AAi?$AAc?$AAe?$AAs?$AA?2?$AA?$AA@FNODOBFM@ 000000000004c970     ntdriver.obj
 0001:0003b990       ??_C@_1EK@CMLLEBIK@?$AAT?$AAC?$AA_?$AAI?$AAO?$AAC?$AAT?$AAL?$AA_?$AAA?$AAB?$AAO?$AAR?$AAT?$AA_?$AAB?$AAO?$AAO?$AAT?$AA_?$AAE?$AAN?$AAC?$AAR?$AAY?$AAP?$AAT?$AAI?$AAO?$AAN?$AA_?$AAS@FNODOBFM@ 000000000004c990     ntdriver.obj
 0001:0003b9e0       ??_C@_1EC@HMNCILMA@?$AAT?$AAC?$AA_?$AAI?$AAO?$AAC?$AAT?$AAL?$AA_?$AAA?$AAB?$AAO?$AAR?$AAT?$AA_?$AAD?$AAE?$AAC?$AAO?$AAY?$AA_?$AAS?$AAY?$AAS?$AAT?$AAE?$AAM?$AA_?$AAW?$AAI?$AAP?$AAE@FNODOBFM@ 000000000004c9e0     ntdriver.obj
 0001:0003ba30       ??_C@_1DO@JPMJPMCJ@?$AAT?$AAC?$AA_?$AAI?$AAO?$AAC?$AAT?$AAL?$AA_?$AAB?$AAO?$AAO?$AAT?$AA_?$AAE?$AAN?$AAC?$AAR?$AAY?$AAP?$AAT?$AAI?$AAO?$AAN?$AA_?$AAS?$AAE?$AAT?$AAU?$AAP?$AA?$AA@FNODOBFM@ 000000000004ca30     ntdriver.obj
 0001:0003ba70       ??_C@_1DM@OLONGNGL@?$AAT?$AAC?$AA_?$AAI?$AAO?$AAC?$AAT?$AAL?$AA_?$AAD?$AAI?$AAS?$AAM?$AAO?$AAU?$AAN?$AAT?$AA_?$AAA?$AAL?$AAL?$AA_?$AAV?$AAO?$AAL?$AAU?$AAM?$AAE?$AAS?$AA?$AA@FNODOBFM@ 000000000004ca70     ntdriver.obj
 0001:0003bab0       ??_C@_1DC@CLEBJPLG@?$AAT?$AAC?$AA_?$AAI?$AAO?$AAC?$AAT?$AAL?$AA_?$AAD?$AAI?$AAS?$AAM?$AAO?$AAU?$AAN?$AAT?$AA_?$AAV?$AAO?$AAL?$AAU?$AAM?$AAE?$AA?$AA@FNODOBFM@ 000000000004cab0     ntdriver.obj
 0001:0003baf0       ??_C@_1FE@BEJBLKBA@?$AAT?$AAC?$AA_?$AAI?$AAO?$AAC?$AAT?$AAL?$AA_?$AAG?$AAE?$AAT?$AA_?$AAB?$AAO?$AAO?$AAT?$AA_?$AAD?$AAR?$AAI?$AAV?$AAE?$AA_?$AAV?$AAO?$AAL?$AAU?$AAM?$AAE?$AA_?$AAP@FNODOBFM@ 000000000004caf0     ntdriver.obj
 0001:0003bb50       ??_C@_1FI@CDJGLMPJ@?$AAT?$AAC?$AA_?$AAI?$AAO?$AAC?$AAT?$AAL?$AA_?$AAG?$AAE?$AAT?$AA_?$AAB?$AAO?$AAO?$AAT?$AA_?$AAE?$AAN?$AAC?$AAR?$AAY?$AAP?$AAT?$AAI?$AAO?$AAN?$AA_?$AAA?$AAL?$AAG@FNODOBFM@ 000000000004cb50     ntdriver.obj
 0001:0003bbb0       ??_C@_1FE@OJNNCONL@?$AAT?$AAC?$AA_?$AAI?$AAO?$AAC?$AAT?$AAL?$AA_?$AAG?$AAE?$AAT?$AA_?$AAB?$AAO?$AAO?$AAT?$AA_?$AAE?$AAN?$AAC?$AAR?$AAY?$AAP?$AAT?$AAI?$AAO?$AAN?$AA_?$AAS?$AAE?$AAT@FNODOBFM@ 000000000004cbb0     ntdriver.obj
 0001:0003bc10       ??_C@_1EI@GAKLFLAF@?$AAT?$AAC?$AA_?$AAI?$AAO?$AAC?$AAT?$AAL?$AA_?$AAG?$AAE?$AAT?$AA_?$AAB?$AAO?$AAO?$AAT?$AA_?$AAE?$AAN?$AAC?$AAR?$AAY?$AAP?$AAT?$AAI?$AAO?$AAN?$AA_?$AAS?$AAT?$AAA@FNODOBFM@ 000000000004cc10     ntdriver.obj
 0001:0003bc60       ??_C@_1EC@OPCJHCIG@?$AAT?$AAC?$AA_?$AAI?$AAO?$AAC?$AAT?$AAL?$AA_?$AAG?$AAE?$AAT?$AA_?$AAB?$AAO?$AAO?$AAT?$AA_?$AAL?$AAO?$AAA?$AAD?$AAE?$AAR?$AA_?$AAV?$AAE?$AAR?$AAS?$AAI?$AAO?$AAN@FNODOBFM@ 000000000004cc60     ntdriver.obj
 0001:0003bcb0       ??_C@_1EM@OAEBJACE@?$AAT?$AAC?$AA_?$AAI?$AAO?$AAC?$AAT?$AAL?$AA_?$AAG?$AAE?$AAT?$AA_?$AAD?$AAE?$AAC?$AAO?$AAY?$AA_?$AAS?$AAY?$AAS?$AAT?$AAE?$AAM?$AA_?$AAW?$AAI?$AAP?$AAE?$AA_?$AAR@FNODOBFM@ 000000000004ccb0     ntdriver.obj
 0001:0003bd00       ??_C@_1EM@LMAMOKGA@?$AAT?$AAC?$AA_?$AAI?$AAO?$AAC?$AAT?$AAL?$AA_?$AAG?$AAE?$AAT?$AA_?$AAD?$AAE?$AAC?$AAO?$AAY?$AA_?$AAS?$AAY?$AAS?$AAT?$AAE?$AAM?$AA_?$AAW?$AAI?$AAP?$AAE?$AA_?$AAS@FNODOBFM@ 000000000004cd00     ntdriver.obj
 0001:0003bd50       ??_C@_1DK@DFEJGDBK@?$AAT?$AAC?$AA_?$AAI?$AAO?$AAC?$AAT?$AAL?$AA_?$AAG?$AAE?$AAT?$AA_?$AAD?$AAE?$AAV?$AAI?$AAC?$AAE?$AA_?$AAR?$AAE?$AAF?$AAC?$AAO?$AAU?$AAN?$AAT?$AA?$AA@FNODOBFM@ 000000000004cd50     ntdriver.obj
 0001:0003bd90       ??_C@_1DI@LAIAIOML@?$AAT?$AAC?$AA_?$AAI?$AAO?$AAC?$AAT?$AAL?$AA_?$AAG?$AAE?$AAT?$AA_?$AAD?$AAR?$AAI?$AAV?$AAE?$AA_?$AAG?$AAE?$AAO?$AAM?$AAE?$AAT?$AAR?$AAY?$AA?$AA@FNODOBFM@ 000000000004cd90     ntdriver.obj
 0001:0003bdd0       ??_C@_1EE@HEELFNND@?$AAT?$AAC?$AA_?$AAI?$AAO?$AAC?$AAT?$AAL?$AA_?$AAG?$AAE?$AAT?$AA_?$AAD?$AAR?$AAI?$AAV?$AAE?$AA_?$AAP?$AAA?$AAR?$AAT?$AAI?$AAT?$AAI?$AAO?$AAN?$AA_?$AAI?$AAN?$AAF@FNODOBFM@ 000000000004cdd0     ntdriver.obj
 0001:0003be20       ??_C@_1DI@ODPPPDDO@?$AAT?$AAC?$AA_?$AAI?$AAO?$AAC?$AAT?$AAL?$AA_?$AAG?$AAE?$AAT?$AA_?$AAD?$AAR?$AAI?$AAV?$AAE?$AAR?$AA_?$AAV?$AAE?$AAR?$AAS?$AAI?$AAO?$AAN?$AA?$AA@FNODOBFM@ 000000000004ce20     ntdriver.obj
 0001:0003be60       ??_C@_1DK@KJKOFIJA@?$AAT?$AAC?$AA_?$AAI?$AAO?$AAC?$AAT?$AAL?$AA_?$AAG?$AAE?$AAT?$AA_?$AAM?$AAO?$AAU?$AAN?$AAT?$AAE?$AAD?$AA_?$AAV?$AAO?$AAL?$AAU?$AAM?$AAE?$AAS?$AA?$AA@FNODOBFM@ 000000000004ce60     ntdriver.obj
 0001:0003bea0       ??_C@_1EG@LLJHBPJF@?$AAT?$AAC?$AA_?$AAI?$AAO?$AAC?$AAT?$AAL?$AA_?$AAG?$AAE?$AAT?$AA_?$AAP?$AAA?$AAS?$AAS?$AAW?$AAO?$AAR?$AAD?$AA_?$AAC?$AAA?$AAC?$AAH?$AAE?$AA_?$AAS?$AAT?$AAA?$AAT@FNODOBFM@ 000000000004cea0     ntdriver.obj
 0001:0003bef0       ??_C@_1EC@FADHDJPK@?$AAT?$AAC?$AA_?$AAI?$AAO?$AAC?$AAT?$AAL?$AA_?$AAG?$AAE?$AAT?$AA_?$AAS?$AAY?$AAS?$AAT?$AAE?$AAM?$AA_?$AAD?$AAR?$AAI?$AAV?$AAE?$AA_?$AAC?$AAO?$AAN?$AAF?$AAI?$AAG@FNODOBFM@ 000000000004cef0     ntdriver.obj
 0001:0003bf40       ??_C@_1EE@IPNJBDEG@?$AAT?$AAC?$AA_?$AAI?$AAO?$AAC?$AAT?$AAL?$AA_?$AAG?$AAE?$AAT?$AA_?$AAP?$AAO?$AAR?$AAT?$AAA?$AAB?$AAL?$AAE?$AA_?$AAM?$AAO?$AAD?$AAE?$AA_?$AAS?$AAT?$AAA?$AAT?$AAU@FNODOBFM@ 000000000004cf40     ntdriver.obj
 0001:0003bf90       ??_C@_1EE@NMKCMMBM@?$AAT?$AAC?$AA_?$AAI?$AAO?$AAC?$AAT?$AAL?$AA_?$AAS?$AAE?$AAT?$AA_?$AAP?$AAO?$AAR?$AAT?$AAA?$AAB?$AAL?$AAE?$AA_?$AAM?$AAO?$AAD?$AAE?$AA_?$AAS?$AAT?$AAA?$AAT?$AAU@FNODOBFM@ 000000000004cf90     ntdriver.obj
 0001:0003bfe0       ??_C@_1DM@GFCMCNDC@?$AAT?$AAC?$AA_?$AAI?$AAO?$AAC?$AAT?$AAL?$AA_?$AAG?$AAE?$AAT?$AA_?$AAR?$AAE?$AAS?$AAO?$AAL?$AAV?$AAE?$AAD?$AA_?$AAS?$AAY?$AAM?$AAL?$AAI?$AAN?$AAK?$AA?$AA@FNODOBFM@ 000000000004cfe0     ntdriver.obj
 0001:0003c020       ??_C@_1EM@GFDNBFC@?$AAT?$AAC?$AA_?$AAI?$AAO?$AAC?$AAT?$AAL?$AA_?$AAG?$AAE?$AAT?$AA_?$AAS?$AAY?$AAS?$AAT?$AAE?$AAM?$AA_?$AAD?$AAR?$AAI?$AAV?$AAE?$AA_?$AAD?$AAU?$AAM?$AAP?$AA_?$AAC@FNODOBFM@ 000000000004d020     ntdriver.obj
 0001:0003c070       ??_C@_1DO@DMIHGGIB@?$AAT?$AAC?$AA_?$AAI?$AAO?$AAC?$AAT?$AAL?$AA_?$AAG?$AAE?$AAT?$AA_?$AAV?$AAO?$AAL?$AAU?$AAM?$AAE?$AA_?$AAP?$AAR?$AAO?$AAP?$AAE?$AAR?$AAT?$AAI?$AAE?$AAS?$AA?$AA@FNODOBFM@ 000000000004d070     ntdriver.obj
 0001:0003c0b0       ??_C@_1DG@LBDEDPBA@?$AAT?$AAC?$AA_?$AAI?$AAO?$AAC?$AAT?$AAL?$AA_?$AAG?$AAE?$AAT?$AA_?$AAW?$AAA?$AAR?$AAN?$AAI?$AAN?$AAG?$AA_?$AAF?$AAL?$AAA?$AAG?$AAS?$AA?$AA@FNODOBFM@ 000000000004d0b0     ntdriver.obj
 0001:0003c0f0       ??_C@_1DE@JNPINMHP@?$AAT?$AAC?$AA_?$AAI?$AAO?$AAC?$AAT?$AAL?$AA_?$AAD?$AAI?$AAS?$AAK?$AA_?$AAI?$AAS?$AA_?$AAW?$AAR?$AAI?$AAT?$AAA?$AAB?$AAL?$AAE?$AA?$AA@FNODOBFM@ 000000000004d0f0     ntdriver.obj
 0001:0003c130       ??_C@_1DO@ICDMEENM@?$AAT?$AAC?$AA_?$AAI?$AAO?$AAC?$AAT?$AAL?$AA_?$AAI?$AAS?$AA_?$AAA?$AAN?$AAY?$AA_?$AAV?$AAO?$AAL?$AAU?$AAM?$AAE?$AA_?$AAM?$AAO?$AAU?$AAN?$AAT?$AAE?$AAD?$AA?$AA@FNODOBFM@ 000000000004d130     ntdriver.obj
 0001:0003c170       ??_C@_1EG@HPLFHOOO@?$AAT?$AAC?$AA_?$AAI?$AAO?$AAC?$AAT?$AAL?$AA_?$AAI?$AAS?$AA_?$AAD?$AAR?$AAI?$AAV?$AAE?$AAR?$AA_?$AAU?$AAN?$AAL?$AAO?$AAA?$AAD?$AA_?$AAD?$AAI?$AAS?$AAA?$AAB?$AAL@FNODOBFM@ 000000000004d170     ntdriver.obj
 0001:0003c1c0       ??_C@_1EE@HPDOLCKH@?$AAT?$AAC?$AA_?$AAI?$AAO?$AAC?$AAT?$AAL?$AA_?$AAI?$AAS?$AA_?$AAH?$AAI?$AAD?$AAD?$AAE?$AAN?$AA_?$AAS?$AAY?$AAS?$AAT?$AAE?$AAM?$AA_?$AAR?$AAU?$AAN?$AAN?$AAI?$AAN@FNODOBFM@ 000000000004d1c0     ntdriver.obj
 0001:0003c210       ??_C@_1CM@HJCGFKAD@?$AAT?$AAC?$AA_?$AAI?$AAO?$AAC?$AAT?$AAL?$AA_?$AAM?$AAO?$AAU?$AAN?$AAT?$AA_?$AAV?$AAO?$AAL?$AAU?$AAM?$AAE?$AA?$AA@FNODOBFM@ 000000000004d210     ntdriver.obj
 0001:0003c240       ??_C@_1CG@HPPKKEKP@?$AAT?$AAC?$AA_?$AAI?$AAO?$AAC?$AAT?$AAL?$AA_?$AAO?$AAP?$AAE?$AAN?$AA_?$AAT?$AAE?$AAS?$AAT?$AA?$AA@FNODOBFM@ 000000000004d240     ntdriver.obj
 0001:0003c270       ??_C@_1DO@BKHLMLHN@?$AAT?$AAC?$AA_?$AAI?$AAO?$AAC?$AAT?$AAL?$AA_?$AAP?$AAR?$AAO?$AAB?$AAE?$AA_?$AAR?$AAE?$AAA?$AAL?$AA_?$AAD?$AAR?$AAI?$AAV?$AAE?$AA_?$AAS?$AAI?$AAZ?$AAE?$AA?$AA@FNODOBFM@ 000000000004d270     ntdriver.obj
 0001:0003c2b0       ??_C@_1EG@GGODONFK@?$AAT?$AAC?$AA_?$AAI?$AAO?$AAC?$AAT?$AAL?$AA_?$AAR?$AAE?$AAO?$AAP?$AAE?$AAN?$AA_?$AAB?$AAO?$AAO?$AAT?$AA_?$AAV?$AAO?$AAL?$AAU?$AAM?$AAE?$AA_?$AAH?$AAE?$AAA?$AAD@FNODOBFM@ 000000000004d2b0     ntdriver.obj
 0001:0003c300       ??_C@_1DM@JFJLBNLP@?$AAT?$AAC?$AA_?$AAI?$AAO?$AAC?$AAT?$AAL?$AA_?$AAR?$AAE?$AAR?$AAE?$AAA?$AAD?$AA_?$AAD?$AAR?$AAI?$AAV?$AAE?$AAR?$AA_?$AAC?$AAO?$AAN?$AAF?$AAI?$AAG?$AA?$AA@FNODOBFM@ 000000000004d300     ntdriver.obj
 0001:0003c340       ??_C@_1FE@EBAIHKDI@?$AAT?$AAC?$AA_?$AAI?$AAO?$AAC?$AAT?$AAL?$AA_?$AAS?$AAE?$AAT?$AA_?$AAS?$AAY?$AAS?$AAT?$AAE?$AAM?$AA_?$AAF?$AAA?$AAV?$AAO?$AAR?$AAI?$AAT?$AAE?$AA_?$AAV?$AAO?$AAL@FNODOBFM@ 000000000004d340     ntdriver.obj
 0001:0003c3a0       ??_C@_1EC@FGBEDIDI@?$AAT?$AAC?$AA_?$AAI?$AAO?$AAC?$AAT?$AAL?$AA_?$AAS?$AAT?$AAA?$AAR?$AAT?$AA_?$AAD?$AAE?$AAC?$AAO?$AAY?$AA_?$AAS?$AAY?$AAS?$AAT?$AAE?$AAM?$AA_?$AAW?$AAI?$AAP?$AAE@FNODOBFM@ 000000000004d3a0     ntdriver.obj
 0001:0003c3f0       ??_C@_1DK@BNKDMLAM@?$AAT?$AAC?$AA_?$AAI?$AAO?$AAC?$AAT?$AAL?$AA_?$AAW?$AAI?$AAP?$AAE?$AA_?$AAP?$AAA?$AAS?$AAS?$AAW?$AAO?$AAR?$AAD?$AA_?$AAC?$AAA?$AAC?$AAH?$AAE?$AA?$AA@FNODOBFM@ 000000000004d3f0     ntdriver.obj
 0001:0003c430       ??_C@_1EC@FOOPNHFI@?$AAT?$AAC?$AA_?$AAI?$AAO?$AAC?$AAT?$AAL?$AA_?$AAW?$AAR?$AAI?$AAT?$AAE?$AA_?$AAB?$AAO?$AAO?$AAT?$AA_?$AAD?$AAR?$AAI?$AAV?$AAE?$AA_?$AAS?$AAE?$AAC?$AAT?$AAO?$AAR@FNODOBFM@ 000000000004d430     ntdriver.obj
 0001:0003c480       ??_C@_1EK@FDCJEFAP@?$AAI?$AAO?$AAC?$AAT?$AAL?$AA_?$AAV?$AAO?$AAL?$AAU?$AAM?$AAE?$AA_?$AAG?$AAE?$AAT?$AA_?$AAV?$AAO?$AAL?$AAU?$AAM?$AAE?$AA_?$AAD?$AAI?$AAS?$AAK?$AA_?$AAE?$AAX?$AAT@FNODOBFM@ 000000000004d480     ntdriver.obj
 0001:0003c4d0       ??_C@_1DM@KPKDNCHM@?$AAI?$AAO?$AAC?$AAT?$AAL?$AA_?$AAD?$AAI?$AAS?$AAK?$AA_?$AAG?$AAE?$AAT?$AA_?$AAD?$AAR?$AAI?$AAV?$AAE?$AA_?$AAG?$AAE?$AAO?$AAM?$AAE?$AAT?$AAR?$AAY?$AA?$AA@FNODOBFM@ 000000000004d4d0     ntdriver.obj
 0001:0003c510       ??_C@_1EC@NPAFBAMN@?$AAI?$AAO?$AAC?$AAT?$AAL?$AA_?$AAD?$AAI?$AAS?$AAK?$AA_?$AAG?$AAE?$AAT?$AA_?$AAD?$AAR?$AAI?$AAV?$AAE?$AA_?$AAG?$AAE?$AAO?$AAM?$AAE?$AAT?$AAR?$AAY?$AA_?$AAE?$AAX@FNODOBFM@ 000000000004d510     ntdriver.obj
 0001:0003c560       ??_C@_1EC@HFOIOEOM@?$AAI?$AAO?$AAC?$AAT?$AAL?$AA_?$AAM?$AAO?$AAU?$AAN?$AAT?$AAD?$AAE?$AAV?$AA_?$AAQ?$AAU?$AAE?$AAR?$AAY?$AA_?$AAD?$AAE?$AAV?$AAI?$AAC?$AAE?$AA_?$AAN?$AAA?$AAM?$AAE@FNODOBFM@ 000000000004d560     ntdriver.obj
 0001:0003c5b0       ??_C@_1FC@MNMCPAAJ@?$AAI?$AAO?$AAC?$AAT?$AAL?$AA_?$AAM?$AAO?$AAU?$AAN?$AAT?$AAD?$AAE?$AAV?$AA_?$AAQ?$AAU?$AAE?$AAR?$AAY?$AA_?$AAS?$AAU?$AAG?$AAG?$AAE?$AAS?$AAT?$AAE?$AAD?$AA_?$AAL@FNODOBFM@ 000000000004d5b0     ntdriver.obj
 0001:0003c610       ??_C@_1DO@OGNDJPNH@?$AAI?$AAO?$AAC?$AAT?$AAL?$AA_?$AAM?$AAO?$AAU?$AAN?$AAT?$AAD?$AAE?$AAV?$AA_?$AAQ?$AAU?$AAE?$AAR?$AAY?$AA_?$AAU?$AAN?$AAI?$AAQ?$AAU?$AAE?$AA_?$AAI?$AAD?$AA?$AA@FNODOBFM@ 000000000004d610     ntdriver.obj
 0001:0003c650       ??_C@_1CI@DJEMJCBH@?$AAI?$AAO?$AAC?$AAT?$AAL?$AA_?$AAV?$AAO?$AAL?$AAU?$AAM?$AAE?$AA_?$AAO?$AAN?$AAL?$AAI?$AAN?$AAE?$AA?$AA@FNODOBFM@ 000000000004d650     ntdriver.obj
 0001:0003c680       ??_C@_1DI@HGGIOGFM@?$AAI?$AAO?$AAC?$AAT?$AAL?$AA_?$AAM?$AAO?$AAU?$AAN?$AAT?$AAD?$AAE?$AAV?$AA_?$AAL?$AAI?$AAN?$AAK?$AA_?$AAC?$AAR?$AAE?$AAA?$AAT?$AAE?$AAD?$AA?$AA@FNODOBFM@ 000000000004d680     ntdriver.obj
 0001:0003c6c0       ??_C@_1DI@BMKMBCGO@?$AAI?$AAO?$AAC?$AAT?$AAL?$AA_?$AAM?$AAO?$AAU?$AAN?$AAT?$AAD?$AAE?$AAV?$AA_?$AAL?$AAI?$AAN?$AAK?$AA_?$AAD?$AAE?$AAL?$AAE?$AAT?$AAE?$AAD?$AA?$AA@FNODOBFM@ 000000000004d6c0     ntdriver.obj
 0001:0003c700       ??_C@_1DI@LFNEEBHO@?$AAI?$AAO?$AAC?$AAT?$AAL?$AA_?$AAM?$AAO?$AAU?$AAN?$AAT?$AAM?$AAG?$AAR?$AA_?$AAQ?$AAU?$AAE?$AAR?$AAY?$AA_?$AAP?$AAO?$AAI?$AAN?$AAT?$AAS?$AA?$AA@FNODOBFM@ 000000000004d700     ntdriver.obj
 0001:0003c740       ??_C@_1FE@CLAOKMGL@?$AAI?$AAO?$AAC?$AAT?$AAL?$AA_?$AAM?$AAO?$AAU?$AAN?$AAT?$AAM?$AAG?$AAR?$AA_?$AAV?$AAO?$AAL?$AAU?$AAM?$AAE?$AA_?$AAM?$AAO?$AAU?$AAN?$AAT?$AA_?$AAP?$AAO?$AAI?$AAN@FNODOBFM@ 000000000004d740     ntdriver.obj
 0001:0003c7a0       ??_C@_1FE@EBMKFIFJ@?$AAI?$AAO?$AAC?$AAT?$AAL?$AA_?$AAM?$AAO?$AAU?$AAN?$AAT?$AAM?$AAG?$AAR?$AA_?$AAV?$AAO?$AAL?$AAU?$AAM?$AAE?$AA_?$AAM?$AAO?$AAU?$AAN?$AAT?$AA_?$AAP?$AAO?$AAI?$AAN@FNODOBFM@ 000000000004d7a0     ntdriver.obj
 0001:0003c800       ??_C@_1DG@DLDFECDE@?$AAI?$AAO?$AAC?$AAT?$AAL?$AA_?$AAD?$AAI?$AAS?$AAK?$AA_?$AAG?$AAE?$AAT?$AA_?$AAL?$AAE?$AAN?$AAG?$AAT?$AAH?$AA_?$AAI?$AAN?$AAF?$AAO?$AA?$AA@FNODOBFM@ 000000000004d800     ntdriver.obj
 0001:0003c840       ??_C@_1EA@IKPNDHCL@?$AAI?$AAO?$AAC?$AAT?$AAL?$AA_?$AAS?$AAT?$AAO?$AAR?$AAA?$AAG?$AAE?$AA_?$AAG?$AAE?$AAT?$AA_?$AAD?$AAE?$AAV?$AAI?$AAC?$AAE?$AA_?$AAN?$AAU?$AAM?$AAB?$AAE?$AAR?$AA?$AA@FNODOBFM@ 000000000004d840     ntdriver.obj
 0001:0003c880       ??_C@_1DM@LOAKHCPB@?$AAI?$AAO?$AAC?$AAT?$AAL?$AA_?$AAD?$AAI?$AAS?$AAK?$AA_?$AAG?$AAE?$AAT?$AA_?$AAP?$AAA?$AAR?$AAT?$AAI?$AAT?$AAI?$AAO?$AAN?$AA_?$AAI?$AAN?$AAF?$AAO?$AA?$AA@FNODOBFM@ 000000000004d880     ntdriver.obj
 0001:0003c8c0       ??_C@_1EC@CAILBHJF@?$AAI?$AAO?$AAC?$AAT?$AAL?$AA_?$AAD?$AAI?$AAS?$AAK?$AA_?$AAG?$AAE?$AAT?$AA_?$AAP?$AAA?$AAR?$AAT?$AAI?$AAT?$AAI?$AAO?$AAN?$AA_?$AAI?$AAN?$AAF?$AAO?$AA_?$AAE?$AAX@FNODOBFM@ 000000000004d8c0     ntdriver.obj
 0001:0003c910       ??_C@_1DM@FAAIHMNH@?$AAI?$AAO?$AAC?$AAT?$AAL?$AA_?$AAD?$AAI?$AAS?$AAK?$AA_?$AAS?$AAE?$AAT?$AA_?$AAP?$AAA?$AAR?$AAT?$AAI?$AAT?$AAI?$AAO?$AAN?$AA_?$AAI?$AAN?$AAF?$AAO?$AA?$AA@FNODOBFM@ 000000000004d910     ntdriver.obj
 0001:0003c950       ??_C@_1DI@CCDFFIEC@?$AAI?$AAO?$AAC?$AAT?$AAL?$AA_?$AAD?$AAI?$AAS?$AAK?$AA_?$AAG?$AAE?$AAT?$AA_?$AAD?$AAR?$AAI?$AAV?$AAE?$AA_?$AAL?$AAA?$AAY?$AAO?$AAU?$AAT?$AA?$AA@FNODOBFM@ 000000000004d950     ntdriver.obj
 0001:0003c990       ??_C@_1DO@EPIDKIKJ@?$AAI?$AAO?$AAC?$AAT?$AAL?$AA_?$AAD?$AAI?$AAS?$AAK?$AA_?$AAS?$AAE?$AAT?$AA_?$AAD?$AAR?$AAI?$AAV?$AAE?$AA_?$AAL?$AAA?$AAY?$AAO?$AAU?$AAT?$AA_?$AAE?$AAX?$AA?$AA@FNODOBFM@ 000000000004d990     ntdriver.obj
 0001:0003c9d0       ??_C@_1CE@LGEELOJE@?$AAI?$AAO?$AAC?$AAT?$AAL?$AA_?$AAD?$AAI?$AAS?$AAK?$AA_?$AAV?$AAE?$AAR?$AAI?$AAF?$AAY?$AA?$AA@FNODOBFM@ 000000000004d9d0     ntdriver.obj
 0001:0003ca00       ??_C@_1DC@PCKIDBBB@?$AAI?$AAO?$AAC?$AAT?$AAL?$AA_?$AAD?$AAI?$AAS?$AAK?$AA_?$AAF?$AAO?$AAR?$AAM?$AAA?$AAT?$AA_?$AAT?$AAR?$AAA?$AAC?$AAK?$AAS?$AA?$AA@FNODOBFM@ 000000000004da00     ntdriver.obj
 0001:0003ca40       ??_C@_1DG@HPLPDECO@?$AAI?$AAO?$AAC?$AAT?$AAL?$AA_?$AAD?$AAI?$AAS?$AAK?$AA_?$AAR?$AAE?$AAA?$AAS?$AAS?$AAI?$AAG?$AAN?$AA_?$AAB?$AAL?$AAO?$AAC?$AAK?$AAS?$AA?$AA@FNODOBFM@ 000000000004da40     ntdriver.obj
 0001:0003ca80       ??_C@_1CO@LEDAJMII@?$AAI?$AAO?$AAC?$AAT?$AAL?$AA_?$AAD?$AAI?$AAS?$AAK?$AA_?$AAP?$AAE?$AAR?$AAF?$AAO?$AAR?$AAM?$AAA?$AAN?$AAC?$AAE?$AA?$AA@FNODOBFM@ 000000000004da80     ntdriver.obj
 0001:0003cab0       ??_C@_1CO@MFHKENAI@?$AAI?$AAO?$AAC?$AAT?$AAL?$AA_?$AAD?$AAI?$AAS?$AAK?$AA_?$AAI?$AAS?$AA_?$AAW?$AAR?$AAI?$AAT?$AAA?$AAB?$AAL?$AAE?$AA?$AA@FNODOBFM@ 000000000004dab0     ntdriver.obj
 0001:0003cae0       ??_C@_1CG@LCBFNDKM@?$AAI?$AAO?$AAC?$AAT?$AAL?$AA_?$AAD?$AAI?$AAS?$AAK?$AA_?$AAL?$AAO?$AAG?$AAG?$AAI?$AAN?$AAG?$AA?$AA@FNODOBFM@ 000000000004dae0     ntdriver.obj
 0001:0003cb10       ??_C@_1DI@LHHOILKE@?$AAI?$AAO?$AAC?$AAT?$AAL?$AA_?$AAD?$AAI?$AAS?$AAK?$AA_?$AAF?$AAO?$AAR?$AAM?$AAA?$AAT?$AA_?$AAT?$AAR?$AAA?$AAC?$AAK?$AAS?$AA_?$AAE?$AAX?$AA?$AA@FNODOBFM@ 000000000004db10     ntdriver.obj
 0001:0003cb50       ??_C@_1DO@JMICENAF@?$AAI?$AAO?$AAC?$AAT?$AAL?$AA_?$AAD?$AAI?$AAS?$AAK?$AA_?$AAH?$AAI?$AAS?$AAT?$AAO?$AAG?$AAR?$AAA?$AAM?$AA_?$AAS?$AAT?$AAR?$AAU?$AAC?$AAT?$AAU?$AAR?$AAE?$AA?$AA@FNODOBFM@ 000000000004db50     ntdriver.obj
 0001:0003cb90       ??_C@_1DE@OGHADOL@?$AAI?$AAO?$AAC?$AAT?$AAL?$AA_?$AAD?$AAI?$AAS?$AAK?$AA_?$AAH?$AAI?$AAS?$AAT?$AAO?$AAG?$AAR?$AAA?$AAM?$AA_?$AAD?$AAA?$AAT?$AAA?$AA?$AA@FNODOBFM@ 000000000004db90     ntdriver.obj
 0001:0003cbd0       ??_C@_1DG@BLHGEOGG@?$AAI?$AAO?$AAC?$AAT?$AAL?$AA_?$AAD?$AAI?$AAS?$AAK?$AA_?$AAH?$AAI?$AAS?$AAT?$AAO?$AAG?$AAR?$AAA?$AAM?$AA_?$AAR?$AAE?$AAS?$AAE?$AAT?$AA?$AA@FNODOBFM@ 000000000004dbd0     ntdriver.obj
 0001:0003cc10       ??_C@_1DK@EFIEFEEG@?$AAI?$AAO?$AAC?$AAT?$AAL?$AA_?$AAD?$AAI?$AAS?$AAK?$AA_?$AAR?$AAE?$AAQ?$AAU?$AAE?$AAS?$AAT?$AA_?$AAS?$AAT?$AAR?$AAU?$AAC?$AAT?$AAU?$AAR?$AAE?$AA?$AA@FNODOBFM@ 000000000004dc10     ntdriver.obj
 0001:0003cc50       ??_C@_1DA@EGLLKJNO@?$AAI?$AAO?$AAC?$AAT?$AAL?$AA_?$AAD?$AAI?$AAS?$AAK?$AA_?$AAR?$AAE?$AAQ?$AAU?$AAE?$AAS?$AAT?$AA_?$AAD?$AAA?$AAT?$AAA?$AA?$AA@FNODOBFM@ 000000000004dc50     ntdriver.obj
 0001:0003cc80       ??_C@_1DK@NNJOEKIN@?$AAI?$AAO?$AAC?$AAT?$AAL?$AA_?$AAD?$AAI?$AAS?$AAK?$AA_?$AAC?$AAO?$AAN?$AAT?$AAR?$AAO?$AAL?$AAL?$AAE?$AAR?$AA_?$AAN?$AAU?$AAM?$AAB?$AAE?$AAR?$AA?$AA@FNODOBFM@ 000000000004dc80     ntdriver.obj
 0001:0003ccc0       ??_C@_1CE@PLNOGJJD@?$AAS?$AAM?$AAA?$AAR?$AAT?$AA_?$AAG?$AAE?$AAT?$AA_?$AAV?$AAE?$AAR?$AAS?$AAI?$AAO?$AAN?$AA?$AA@FNODOBFM@ 000000000004dcc0     ntdriver.obj
 0001:0003ccf0       ??_C@_1DC@MGFPICHJ@?$AAS?$AAM?$AAA?$AAR?$AAT?$AA_?$AAS?$AAE?$AAN?$AAD?$AA_?$AAD?$AAR?$AAI?$AAV?$AAE?$AA_?$AAC?$AAO?$AAM?$AAM?$AAA?$AAN?$AAD?$AA?$AA@FNODOBFM@ 000000000004dcf0     ntdriver.obj
 0001:0003cd30       ??_C@_1CK@JCHEBCIE@?$AAS?$AAM?$AAA?$AAR?$AAT?$AA_?$AAR?$AAC?$AAV?$AA_?$AAD?$AAR?$AAI?$AAV?$AAE?$AA_?$AAD?$AAA?$AAT?$AAA?$AA?$AA@FNODOBFM@ 000000000004dd30     ntdriver.obj
 0001:0003cd60       ??_C@_1DO@JKPDDEIN@?$AAI?$AAO?$AAC?$AAT?$AAL?$AA_?$AAD?$AAI?$AAS?$AAK?$AA_?$AAI?$AAN?$AAT?$AAE?$AAR?$AAN?$AAA?$AAL?$AA_?$AAS?$AAE?$AAT?$AA_?$AAV?$AAE?$AAR?$AAI?$AAF?$AAY?$AA?$AA@FNODOBFM@ 000000000004dd60     ntdriver.obj
 0001:0003cda0       ??_C@_1EC@JFOBAPGC@?$AAI?$AAO?$AAC?$AAT?$AAL?$AA_?$AAD?$AAI?$AAS?$AAK?$AA_?$AAI?$AAN?$AAT?$AAE?$AAR?$AAN?$AAA?$AAL?$AA_?$AAC?$AAL?$AAE?$AAA?$AAR?$AA_?$AAV?$AAE?$AAR?$AAI?$AAF?$AAY@FNODOBFM@ 000000000004dda0     ntdriver.obj
 0001:0003cdf0       ??_C@_1DA@DLMBEKMN@?$AAI?$AAO?$AAC?$AAT?$AAL?$AA_?$AAD?$AAI?$AAS?$AAK?$AA_?$AAC?$AAH?$AAE?$AAC?$AAK?$AA_?$AAV?$AAE?$AAR?$AAI?$AAF?$AAY?$AA?$AA@FNODOBFM@ 000000000004ddf0     ntdriver.obj
 0001:0003ce20       ??_C@_1DC@NMJCPDJD@?$AAI?$AAO?$AAC?$AAT?$AAL?$AA_?$AAD?$AAI?$AAS?$AAK?$AA_?$AAM?$AAE?$AAD?$AAI?$AAA?$AA_?$AAR?$AAE?$AAM?$AAO?$AAV?$AAA?$AAL?$AA?$AA@FNODOBFM@ 000000000004de20     ntdriver.obj
 0001:0003ce60       ??_C@_1CO@KHEOABCH@?$AAI?$AAO?$AAC?$AAT?$AAL?$AA_?$AAD?$AAI?$AAS?$AAK?$AA_?$AAE?$AAJ?$AAE?$AAC?$AAT?$AA_?$AAM?$AAE?$AAD?$AAI?$AAA?$AA?$AA@FNODOBFM@ 000000000004de60     ntdriver.obj
 0001:0003ce90       ??_C@_1CM@GNBBIMEE@?$AAI?$AAO?$AAC?$AAT?$AAL?$AA_?$AAD?$AAI?$AAS?$AAK?$AA_?$AAL?$AAO?$AAA?$AAD?$AA_?$AAM?$AAE?$AAD?$AAI?$AAA?$AA?$AA@FNODOBFM@ 000000000004de90     ntdriver.obj
 0001:0003cec0       ??_C@_1CG@MJDBKCLM@?$AAI?$AAO?$AAC?$AAT?$AAL?$AA_?$AAD?$AAI?$AAS?$AAK?$AA_?$AAR?$AAE?$AAS?$AAE?$AAR?$AAV?$AAE?$AA?$AA@FNODOBFM@ 000000000004dec0     ntdriver.obj
 0001:0003cef0       ??_C@_1CG@BFEEHHEK@?$AAI?$AAO?$AAC?$AAT?$AAL?$AA_?$AAD?$AAI?$AAS?$AAK?$AA_?$AAR?$AAE?$AAL?$AAE?$AAA?$AAS?$AAE?$AA?$AA@FNODOBFM@ 000000000004def0     ntdriver.obj
 0001:0003cf20       ??_C@_1DI@EBJJOMKC@?$AAI?$AAO?$AAC?$AAT?$AAL?$AA_?$AAD?$AAI?$AAS?$AAK?$AA_?$AAF?$AAI?$AAN?$AAD?$AA_?$AAN?$AAE?$AAW?$AA_?$AAD?$AAE?$AAV?$AAI?$AAC?$AAE?$AAS?$AA?$AA@FNODOBFM@ 000000000004df20     ntdriver.obj
 0001:0003cf60       ??_C@_1DG@MIHPHMPG@?$AAI?$AAO?$AAC?$AAT?$AAL?$AA_?$AAD?$AAI?$AAS?$AAK?$AA_?$AAG?$AAE?$AAT?$AA_?$AAM?$AAE?$AAD?$AAI?$AAA?$AA_?$AAT?$AAY?$AAP?$AAE?$AAS?$AA?$AA@FNODOBFM@ 000000000004df60     ntdriver.obj
 0001:0003cfa0       ??_C@_1DO@MEELNMKF@?$AAI?$AAO?$AAC?$AAT?$AAL?$AA_?$AAS?$AAT?$AAO?$AAR?$AAA?$AAG?$AAE?$AA_?$AAS?$AAE?$AAT?$AA_?$AAH?$AAO?$AAT?$AAP?$AAL?$AAU?$AAG?$AA_?$AAI?$AAN?$AAF?$AAO?$AA?$AA@FNODOBFM@ 000000000004dfa0     ntdriver.obj
 0001:0003cfe0       ??_C@_1BI@CFPHGFDN@?$AAI?$AAR?$AAP?$AA_?$AAM?$AAJ?$AA_?$AAR?$AAE?$AAA?$AAD?$AA?$AA@FNODOBFM@ 000000000004dfe0     ntdriver.obj
 0001:0003d000       ??_C@_1BK@HGBIKEDO@?$AAI?$AAR?$AAP?$AA_?$AAM?$AAJ?$AA_?$AAW?$AAR?$AAI?$AAT?$AAE?$AA?$AA@FNODOBFM@ 000000000004e000     ntdriver.obj
 0001:0003d020       ??_C@_1BM@KFEHBPBD@?$AAI?$AAR?$AAP?$AA_?$AAM?$AAJ?$AA_?$AAC?$AAR?$AAE?$AAA?$AAT?$AAE?$AA?$AA@FNODOBFM@ 000000000004e020     ntdriver.obj
 0001:0003d040       ??_C@_1BK@JLALPKNJ@?$AAI?$AAR?$AAP?$AA_?$AAM?$AAJ?$AA_?$AAC?$AAL?$AAO?$AAS?$AAE?$AA?$AA@FNODOBFM@ 000000000004e040     ntdriver.obj
 0001:0003d060       ??_C@_1BO@GEGOKABG@?$AAI?$AAR?$AAP?$AA_?$AAM?$AAJ?$AA_?$AAC?$AAL?$AAE?$AAA?$AAN?$AAU?$AAP?$AA?$AA@FNODOBFM@ 000000000004e060     ntdriver.obj
 0001:0003d080       ??_C@_1CK@MCKHKFDD@?$AAI?$AAR?$AAP?$AA_?$AAM?$AAJ?$AA_?$AAF?$AAL?$AAU?$AAS?$AAH?$AA_?$AAB?$AAU?$AAF?$AAF?$AAE?$AAR?$AAS?$AA?$AA@FNODOBFM@ 000000000004e080     ntdriver.obj
 0001:0003d0b0       ??_C@_1CA@FOECGGNC@?$AAI?$AAR?$AAP?$AA_?$AAM?$AAJ?$AA_?$AAS?$AAH?$AAU?$AAT?$AAD?$AAO?$AAW?$AAN?$AA?$AA@FNODOBFM@ 000000000004e0b0     ntdriver.obj
 0001:0003d0d0       ??_C@_1CM@DKLAEDLO@?$AAI?$AAR?$AAP?$AA_?$AAM?$AAJ?$AA_?$AAD?$AAE?$AAV?$AAI?$AAC?$AAE?$AA_?$AAC?$AAO?$AAN?$AAT?$AAR?$AAO?$AAL?$AA?$AA@FNODOBFM@ 000000000004e0d0     ntdriver.obj
 0001:0003d100       ??_C@_1M@KHJOIALG@?$AAI?$AAO?$AAC?$AAT?$AAL?$AA?$AA@FNODOBFM@ 000000000004e100     ntdriver.obj
 0001:0003d110       ??_C@_0BM@GNHEHBJH@TCDeleteDeviceObject?5BEGIN?6?$AA@FNODOBFM@ 000000000004e110     ntdriver.obj
 0001:0003d130       ??_C@_1CM@KJDLPNIG@?$AA?2?$AAD?$AAo?$AAs?$AAD?$AAe?$AAv?$AAi?$AAc?$AAe?$AAs?$AA?2?$AAT?$AAr?$AAu?$AAe?$AAC?$AAr?$AAy?$AAp?$AAt?$AA?$AA@FNODOBFM@ 000000000004e130     ntdriver.obj
 0001:0003d160       ??_C@_0CP@NIIDLADO@IoDeleteSymbolicLink?5failed?5ntSt@FNODOBFM@ 000000000004e160     ntdriver.obj
 0001:0003d190       ??_C@_1EA@FPAPEGHJ@?$AAP?$AAs?$AAD?$AAe?$AAr?$AAe?$AAf?$AAe?$AAr?$AAe?$AAn?$AAc?$AAe?$AAI?$AAm?$AAp?$AAe?$AAr?$AAs?$AAo?$AAn?$AAa?$AAt?$AAi?$AAo?$AAn?$AAT?$AAo?$AAk?$AAe?$AAn?$AA?$AA@FNODOBFM@ 000000000004e190     ntdriver.obj
 0001:0003d1d0       ??_C@_0BK@EIFNDPP@TCDeleteDeviceObject?5END?6?$AA@FNODOBFM@ 000000000004e1d0     ntdriver.obj
 0001:0003d1f0       ??_C@_0BG@MGFDNIAG@TCUnloadDriver?5BEGIN?6?$AA@FNODOBFM@ 000000000004e1f0     ntdriver.obj
 0001:0003d210       ??_C@_0BE@CJGLKHCK@TCUnloadDriver?5END?6?$AA@FNODOBFM@ 000000000004e210     ntdriver.obj
 0001:0003d230       ??_C@_0BH@BPCEMJJB@IRP?5allocation?5failed?6?$AA@FNODOBFM@ 000000000004e230     ntdriver.obj
 0001:0003d250       ??_C@_0CF@BFNPLHIK@Failed?5to?5get?5drive?5size?5?9?5error@FNODOBFM@ 000000000004e250     ntdriver.obj
 0001:0003d280       ??_C@_0CO@FHHNLLNJ@Real?5drive?5size?5?$DN?5?$CFI64d?5bytes?5?$CI?$CF@FNODOBFM@ 000000000004e280     ntdriver.obj
 0001:0003d2b0       ??_C@_0CB@JIDCFMLM@Volume?5?$CFls?5open?5NTSTATUS?50x?$CF08x?6@FNODOBFM@ 000000000004e2b0     ntdriver.obj
 0001:0003d2e0       ??_C@_0CA@MOHACMBH@KeGetCurrentIrql?$CI?$CJ?5?$DM?$DN?5APC_LEVEL?$AA@FNODOBFM@ 000000000004e2e0     ntdriver.obj
 0001:0003d300       ??_C@_0CC@INHNDJGI@IoCreateSymbolicLink?5returned?5?$CFX@FNODOBFM@ 000000000004e300     ntdriver.obj
 0001:0003d330       ??_C@_0CC@KAFJKDAC@IoDeleteSymbolicLink?5returned?5?$CFX@FNODOBFM@ 000000000004e330     ntdriver.obj
 0001:0003d360       ??_C@_1DE@MJJBHHAG@?$AA?2?$AAD?$AAe?$AAv?$AAi?$AAc?$AAe?$AA?2?$AAM?$AAo?$AAu?$AAn?$AAt?$AAP?$AAo?$AAi?$AAn?$AAt?$AAM?$AAa?$AAn?$AAa?$AAg?$AAe?$AAr?$AA?$AA@FNODOBFM@ 000000000004e360     ntdriver.obj
 0001:0003d3a0       ??_C@_0CO@FHIENMIJ@IOCTL_MOUNTMGR_DELETE_POINTS?5ret@FNODOBFM@ 000000000004e3a0     ntdriver.obj
 0001:0003d3d0       ??_C@_0BL@PIKDDHEP@Mount?5request?5looks?5valid?6?$AA@FNODOBFM@ 000000000004e3d0     ntdriver.obj
 0001:0003d3f0       ??_C@_0CF@CGPMKDKJ@WARNING?3?5MOUNT?5DRIVE?5LETTER?5INVA@FNODOBFM@ 000000000004e3f0     ntdriver.obj
 0001:0003d420       ??_C@_0CO@NNHGPFIJ@Mount?5CREATE?5DEVICE?5ERROR?0?5ntSta@FNODOBFM@ 000000000004e420     ntdriver.obj
 0001:0003d450       ??_C@_0CL@KIIHMHE@Mount?5FAILURE?5NT?5ERROR?0?5ntStatus@FNODOBFM@ 000000000004e450     ntdriver.obj
 0001:0003d480       ??_C@_0CP@DBOFILAH@Mount?5SUCCESS?5TC?5code?5?$DN?50x?$CF08x?5R@FNODOBFM@ 000000000004e480     ntdriver.obj
 0001:0003d4b0       ??_C@_0CA@IJMBHFOD@Mount?5FAILURE?5TC?5code?5?$DN?50x?$CF08x?6?$AA@FNODOBFM@ 000000000004e4b0     ntdriver.obj
 0001:0003d4d0       ??_C@_0BC@FNOALNCB@UnmountDevice?5?$CFd?6?$AA@FNODOBFM@ 000000000004e4d0     ntdriver.obj
 0001:0003d4f0       ??_C@_0BP@EOHNIHMK@FSCTL_LOCK_VOLUME?5returned?5?$CFX?6?$AA@FNODOBFM@ 000000000004e4f0     ntdriver.obj
 0001:0003d510       ??_C@_0CD@FFMFJFAI@FSCTL_DISMOUNT_VOLUME?5returned?5?$CF@FNODOBFM@ 000000000004e510     ntdriver.obj
 0001:0003d540       ??_C@_0BI@OJEECLJN@Unmounting?5all?5volumes?6?$AA@FNODOBFM@ 000000000004e540     ntdriver.obj
 0001:0003d560       ??_C@_0CJ@KBGIGBCB@?$CBIoIsSystemThread?5?$CIPsGetCurrentT@FNODOBFM@ 000000000004e560     ntdriver.obj
 0001:0003d590       ??_C@_0BK@BGEEJMHD@?$CImaxSizeInBytes?5?$CG?51?$CJ?5?$DN?$DN?50?$AA@FNODOBFM@ 000000000004e590     ntdriver.obj
 0001:0003d5b0       ??_C@_1MA@BNNNAGDA@?$AA?2?$AAR?$AAE?$AAG?$AAI?$AAS?$AAT?$AAR?$AAY?$AA?2?$AAM?$AAA?$AAC?$AAH?$AAI?$AAN?$AAE?$AA?2?$AAS?$AAY?$AAS?$AAT?$AAE?$AAM?$AA?2?$AAC?$AAu?$AAr?$AAr?$AAe?$AAn?$AAt@FNODOBFM@ 000000000004e5b0     ntdriver.obj
 0001:0003d670       ??_C@_1BK@FNJCPENK@?$AAU?$AAp?$AAp?$AAe?$AAr?$AAF?$AAi?$AAl?$AAt?$AAe?$AAr?$AAs?$AA?$AA@FNODOBFM@ 000000000004e670     ntdriver.obj
 0001:0003d690       ??_C@_1BE@OBOIPPHP@?$AAt?$AAr?$AAu?$AAe?$AAc?$AAr?$AAy?$AAp?$AAt?$AA?$AA@FNODOBFM@ 000000000004e690     ntdriver.obj
 0001:0003d6b0       ??_C@_0BM@GOBMMLHF@Volume?5class?5filter?5active?6?$AA@FNODOBFM@ 000000000004e6b0     ntdriver.obj
 0001:0003d6d0       ??_C@_1HM@GLBNDPGI@?$AA?2?$AAR?$AAE?$AAG?$AAI?$AAS?$AAT?$AAR?$AAY?$AA?2?$AAM?$AAA?$AAC?$AAH?$AAI?$AAN?$AAE?$AA?2?$AAS?$AAY?$AAS?$AAT?$AAE?$AAM?$AA?2?$AAC?$AAu?$AAr?$AAr?$AAe?$AAn?$AAt@FNODOBFM@ 000000000004e6d0     ntdriver.obj
 0001:0003d750       ??_C@_1CA@LGEHFLCO@?$AAT?$AAr?$AAu?$AAe?$AAC?$AAr?$AAy?$AAp?$AAt?$AAC?$AAo?$AAn?$AAf?$AAi?$AAg?$AA?$AA@FNODOBFM@ 000000000004e750     ntdriver.obj
 0001:0003d770       ??_C@_0BM@LHOAOPML@Configuration?5flags?5?$DN?50x?$CFx?6?$AA@FNODOBFM@ 000000000004e770     ntdriver.obj
 0001:0003d790       ??_C@_1EA@CEOJFLPD@?$AAT?$AAr?$AAu?$AAe?$AAC?$AAr?$AAy?$AAp?$AAt?$AAE?$AAn?$AAc?$AAr?$AAy?$AAp?$AAt?$AAi?$AAo?$AAn?$AAF?$AAr?$AAe?$AAe?$AAC?$AAp?$AAu?$AAC?$AAo?$AAu?$AAn?$AAt?$AA?$AA@FNODOBFM@ 000000000004e790     ntdriver.obj
 0001:0003d7d0       ??_C@_0BJ@BHMICMIC@Zeroing?5sector?5at?5?$CFI64d?6?$AA@FNODOBFM@ 000000000004e7d0     ntdriver.obj
 0001:0003d7f0       ??_C@_0BO@NFNIJFEK@Skipping?5bad?5sector?5at?5?$CFI64d?6?$AA@FNODOBFM@ 000000000004e7f0     ntdriver.obj
 0001:0003d810       ??_C@_0BE@JBJOLBIB@OsMajorVersion?5?$CB?$DN?50?$AA@FNODOBFM@ 000000000004e810     ntdriver.obj
 0001:0003d830       ??_C@_0ED@EAABHCEJ@ZwQueryInformationFile?5failed?5wh@FNODOBFM@ 000000000004e830     ntvol.obj
 0001:0003d880       ??_C@_0DF@LEPAODFF@File?5?$CC?$CFls?$CC?5is?5marked?5as?5compress@FNODOBFM@ 000000000004e880     ntvol.obj
 0001:0003d8c0       ??_C@_0BP@BKDGGJEA@Trying?5to?5open?5volume?5type?5?$CFd?6?$AA@FNODOBFM@ 000000000004e8c0     ntvol.obj
 0001:0003d8e0       ??_C@_0CA@IGALEGOK@Reading?5volume?5header?5at?5?$CFI64d?6?$AA@FNODOBFM@ 000000000004e8e0     ntvol.obj
 0001:0003d900       ??_C@_1DM@FMJIKGBL@?$AA?2?$AAD?$AAe?$AAv?$AAi?$AAc?$AAe?$AA?2?$AAH?$AAa?$AAr?$AAd?$AAd?$AAi?$AAs?$AAk?$AA?$CF?$AAd?$AA?2?$AAP?$AAa?$AAr?$AAt?$AAi?$AAt?$AAi?$AAo?$AAn?$AA0?$AA?$AA@FNODOBFM@ 000000000004e900     ntvol.obj
 0001:0003d940       ??_C@_0FD@BKFNIFNN@Mounting?5partition?5within?5scope?5@FNODOBFM@ 000000000004e940     ntvol.obj
 0001:0003d9a0       ??_C@_0BB@IPFFEHBJ@Cannot?5open?5?$CFls?6?$AA@FNODOBFM@ 000000000004e9a0     ntvol.obj
 0001:0003d9c0       ??_C@_0BO@FHFPMFGI@Read?5failed?3?5NTSTATUS?50x?$CF08x?6?$AA@FNODOBFM@ 000000000004e9c0     ntvol.obj
 0001:0003d9e0       ??_C@_0BO@DBKGEMGK@Read?5didn?8t?5read?5enough?5data?6?$AA@FNODOBFM@ 000000000004e9e0     ntvol.obj
 0001:0003da00       ??_C@_0BJ@JCBFCEPL@Volume?5header?5decrypted?6?$AA@FNODOBFM@ 000000000004ea00     ntvol.obj
 0001:0003da20       ??_C@_0BP@GNIOJEAD@Required?5program?5version?5?$DN?5?$CFx?6?$AA@FNODOBFM@ 000000000004ea20     ntvol.obj
 0001:0003da40       ??_C@_0BE@LHJMDIKA@Legacy?5volume?5?$DN?5?$CFd?6?$AA@FNODOBFM@ 000000000004ea40     ntvol.obj
 0001:0003da60       ??_C@_0BO@HCAAKCJO@Hidden?5volume?5offset?5?$DN?5?$CFI64d?6?$AA@FNODOBFM@ 000000000004ea60     ntvol.obj
 0001:0003da80       ??_C@_0BM@CHOGCNPN@Hidden?5volume?5size?5?$DN?5?$CFI64d?6?$AA@FNODOBFM@ 000000000004ea80     ntvol.obj
 0001:0003daa0       ??_C@_0BL@DBKGLLJI@Hidden?5volume?5end?5?$DN?5?$CFI64d?6?$AA@FNODOBFM@ 000000000004eaa0     ntvol.obj
 0001:0003dac0       ??_C@_0DG@NLAOEFNO@Hidden?5volume?5protection?5active?3@FNODOBFM@ 000000000004eac0     ntvol.obj
 0001:0003db00       ??_C@_0BM@CDNAEGGM@Volume?5data?5offset?5?$DN?5?$CFI64d?6?$AA@FNODOBFM@ 000000000004eb00     ntvol.obj
 0001:0003db20       ??_C@_0BK@BIKGCOPF@Volume?5data?5size?5?$DN?5?$CFI64d?6?$AA@FNODOBFM@ 000000000004eb20     ntvol.obj
 0001:0003db40       ??_C@_0BJ@MEKDGODO@Volume?5data?5end?5?$DN?5?$CFI64d?6?$AA@FNODOBFM@ 000000000004eb40     ntvol.obj
 0001:0003db60       ??_C@_0BH@JONGPBLO@Incorrect?5volume?5size?6?$AA@FNODOBFM@ 000000000004eb60     ntvol.obj
 0001:0003db80       ??_C@_1BC@MAMPPFNN@?$AA?2?$AA?$DP?$AA?$DP?$AA?2?$AAU?$AAN?$AAC?$AA?2?$AA?$AA@FNODOBFM@ 000000000004eb80     ntvol.obj
 0001:0003dba0       ??_C@_1BA@GIIKONIJ@?$AA?2?$AA?$DP?$AA?$DP?$AA?2?$AA?2?$AA?$CF?$AAs?$AA?$AA@FNODOBFM@ 000000000004eba0     ntvol.obj
 0001:0003dbb0       ??_C@_0EE@JIJFFNGM@ZwQueryInformationFile?5failed?5in@FNODOBFM@ 000000000004ebb0     ntvol.obj
 0001:0003dc00       ??_C@_0EC@JFODFBAB@ZwSetInformationFile?5failed?5in?5R@FNODOBFM@ 000000000004ec00     ntvol.obj
 0001:0003dc50       ??_C@_0BO@INEJHKOL@VolumeFilterAddDevice?5pdo?$DN?$CFp?6?$AA@FNODOBFM@ 000000000004ec50     volumefilter.obj
 0001:0003dc70       ??_C@_0CG@DHBKNEBH@e?3?2truecrypt7?41?2driver?2volumefil@FNODOBFM@ 000000000004ec70     volumefilter.obj
 0001:0003dca0       ??_C@_0CC@FPKIEKIL@TC_IOCTL_DISK_IS_WRITABLE?5pdo?$DN?$CFp@FNODOBFM@ 000000000004eca0     volumefilter.obj
 0001:0003dcd0       ??_C@_0CD@BENKCDLN@IRP_MN_START_DEVICE?5volume?5pdo?$DN?$CF@FNODOBFM@ 000000000004ecd0     volumefilter.obj
 0001:0003dd00       ??_C@_0CE@GJODMOBD@IRP_MN_REMOVE_DEVICE?5volume?5pdo?$DN@FNODOBFM@ 000000000004ed00     volumefilter.obj
 0001:0003dd30       ??_C@_0DL@GNELLIFI@?$CBExtension?9?$DObRootDevice?5?$CG?$CG?5Exten@FNODOBFM@ 000000000004ed30     volumefilter.obj
 0001:0003dd70       ??_C@_01OGPIMHDM@?$DP?$AA@FNODOBFM@ 000000000004ed70     Common:crypto.obj
 0001:0003dd80       ??_C@_01JOAMLHOP@?9?$AA@FNODOBFM@ 000000000004ed80     Common:crypto.obj
 0001:0003dd90       ??_C@_0L@NEGMAKNF@Triple?5DES?$AA@FNODOBFM@ 000000000004ed90     Common:crypto.obj
 0001:0003dda0       ??_C@_03BKNEFOAH@AES?$AA@FNODOBFM@ 000000000004eda0     Common:tests.obj
 0001:0003ddb0       ??_C@_07CCCAKGBN@Serpent?$AA@FNODOBFM@ 000000000004edb0     Common:tests.obj
 0001:0003ddc0       ??_C@_07DABDIDEC@Twofish?$AA@FNODOBFM@ 000000000004edc0     Common:tests.obj
 0001:0003ddd0       ??_C@_0M@DKAIMMJ@AES?9Twofish?$AA@FNODOBFM@ 000000000004edd0     Common:tests.obj
 0001:0003dde0       ??_C@_0BE@LPKAFENL@AES?9Twofish?9Serpent?$AA@FNODOBFM@ 000000000004ede0     Common:tests.obj
 0001:0003de00       ??_C@_0M@MCFMFOIH@Serpent?9AES?$AA@FNODOBFM@ 000000000004ee00     Common:tests.obj
 0001:0003de10       ??_C@_0BE@HADLPGPH@Serpent?9Twofish?9AES?$AA@FNODOBFM@ 000000000004ee10     Common:tests.obj
 0001:0003de30       ??_C@_0BA@DNGGBODD@Twofish?9Serpent?$AA@FNODOBFM@ 000000000004ee30     Common:tests.obj
 0001:0003de40       ??_C@_08KOMAHJJD@Blowfish?$AA@FNODOBFM@ 000000000004ee40     Common:tests.obj
 0001:0003de50       ??_C@_05LCFOLDPB@CAST5?$AA@FNODOBFM@ 000000000004ee50     Common:tests.obj
 0001:0003de60       ??_C@_0N@NEJJJADE@AES?9Blowfish?$AA@FNODOBFM@ 000000000004ee60     Common:tests.obj
 0001:0003de70       ??_C@_0BF@GDBAFGNG@AES?9Blowfish?9Serpent?$AA@FNODOBFM@ 000000000004ee70     Common:tests.obj
 0001:0003de90       ??_C@_04NDGDACAK@?$BC4Vx?$AA@FNODOBFM@ 000000000004ee90     Common:tests.obj
 0001:0003dea0       ??_C@_08NLHBPEGP@password?$AA@FNODOBFM@ 000000000004eea0     Common:tests.obj
 0001:0003deb0       ??_C@_04KFFKJODL@?$BDd?$KO?x?$AA@FNODOBFM@ 000000000004eeb0     Common:tests.obj
 0001:0003dec0       ??_C@_0JB@EEHAMOLN@?$BDd?$KO?x?$AN?uWl0?UqL?$KHu?$DP?$PN?$AA?e?$CF?$IL9?GD?$HP?N?$CD?$DN?$AIu?$OA?1H@FNODOBFM@ 000000000004eec0     Common:tests.obj
 0001:0003df60       ??_C@_0DB@MAMEFANK@?2u?N?p?$BK?$JG?$AN?wL?$LG?$LE?$JL?$JO8?f?$LF?$DL?$BB?$IA?c?1?w?$OA?$NN?$KK?J?$IP?$IB?8?v?$JPO@FNODOBFM@ 000000000004ef60     Common:tests.obj
 0001:0003dfa0       ??_C@_04BHFCCAHB@?2u?N?p?$AA@FNODOBFM@ 000000000004efa0     Common:tests.obj
 0001:0003dfb0       ??_C@_04PODIBCAH@z?$DN?$HM?$AD?$AA@FNODOBFM@ 000000000004efb0     Common:tests.obj
 0001:0003dfc0       ??_C@_0DB@KJBGHKFA@z?$DN?$HM?$AD?g?$CGk?x?$DNx?$PL?$CJ?Rd?$BPV?j?p?e?u?L?D?31?$KI?$IEp?$LP?$LNo?$IOx@FNODOBFM@ 000000000004efc0     Common:tests.obj
 0001:0003e000       ??_C@_04OCKEDGEH@P?$HM6o?$AA@FNODOBFM@ 000000000004f000     Common:tests.obj
 0001:0003e010       ??_C@_0GB@BHABHNEI@P?$HM6o?n?$BA?4?$JK?b?$IK?U?$ICr?$HN?8?$AP?hM?$HPhz?O?$LF?gCg?$KK?$JI?$JDR?$CL?7@FNODOBFM@ 000000000004f010     Common:tests.obj
 0002:00000000       __imp_ExFreePoolWithTag    0000000000050000     ntoskrnl:ntoskrnl.exe
 0002:00000008       __imp_KeInitializeMutex    0000000000050008     ntoskrnl:ntoskrnl.exe
 0002:00000010       __imp_PsSetLoadImageNotifyRoutine 0000000000050010     ntoskrnl:ntoskrnl.exe
 0002:00000018       __imp_IoDeleteDevice       0000000000050018     ntoskrnl:ntoskrnl.exe
 0002:00000020       __imp_KeSetEvent           0000000000050020     ntoskrnl:ntoskrnl.exe
 0002:00000028       __imp_IoFreeWorkItem       0000000000050028     ntoskrnl:ntoskrnl.exe
 0002:00000030       __imp_KeInitializeEvent    0000000000050030     ntoskrnl:ntoskrnl.exe
 0002:00000038       __imp_IoReleaseRemoveLockEx 0000000000050038     ntoskrnl:ntoskrnl.exe
 0002:00000040       __imp_KeReleaseSpinLock    0000000000050040     ntoskrnl:ntoskrnl.exe
 0002:00000048       __imp_MmFreeContiguousMemory 0000000000050048     ntoskrnl:ntoskrnl.exe
 0002:00000050       __imp_IoDetachDevice       0000000000050050     ntoskrnl:ntoskrnl.exe
 0002:00000058       __imp_MmUnmapIoSpace       0000000000050058     ntoskrnl:ntoskrnl.exe
 0002:00000060       __imp_MmBuildMdlForNonPagedPool 0000000000050060     ntoskrnl:ntoskrnl.exe
 0002:00000068       __imp_IoFreeMdl            0000000000050068     ntoskrnl:ntoskrnl.exe
 0002:00000070       __imp_KeReleaseMutex       0000000000050070     ntoskrnl:ntoskrnl.exe
 0002:00000078       __imp_PsTerminateSystemThread 0000000000050078     ntoskrnl:ntoskrnl.exe
 0002:00000080       __imp_IoAllocateWorkItem   0000000000050080     ntoskrnl:ntoskrnl.exe
 0002:00000088       __imp_MmMapIoSpace         0000000000050088     ntoskrnl:ntoskrnl.exe
 0002:00000090       __imp_PoStartNextPowerIrp  0000000000050090     ntoskrnl:ntoskrnl.exe
 0002:00000098       __imp_IoReleaseRemoveLockAndWaitEx 0000000000050098     ntoskrnl:ntoskrnl.exe
 0002:000000a0       __imp_KeWaitForSingleObject 00000000000500a0     ntoskrnl:ntoskrnl.exe
 0002:000000a8       __imp_KeBugCheckEx         00000000000500a8     ntoskrnl:ntoskrnl.exe
 0002:000000b0       __imp_IoGetAttachedDeviceReference 00000000000500b0     ntoskrnl:ntoskrnl.exe
 0002:000000b8       __imp_IoAttachDeviceToDeviceStack 00000000000500b8     ntoskrnl:ntoskrnl.exe
 0002:000000c0       __imp_PoCallDriver         00000000000500c0     ntoskrnl:ntoskrnl.exe
 0002:000000c8       __imp_ObfDereferenceObject 00000000000500c8     ntoskrnl:ntoskrnl.exe
 0002:000000d0       __imp_IoInitializeRemoveLockEx 00000000000500d0     ntoskrnl:ntoskrnl.exe
 0002:000000d8       __imp_IoCreateDevice       00000000000500d8     ntoskrnl:ntoskrnl.exe
 0002:000000e0       __imp_IoQueueWorkItem      00000000000500e0     ntoskrnl:ntoskrnl.exe
 0002:000000e8       __imp_RtlAssert            00000000000500e8     ntoskrnl:ntoskrnl.exe
 0002:000000f0       __imp_IoIsSystemThread     00000000000500f0     ntoskrnl:ntoskrnl.exe
 0002:000000f8       __imp_DbgPrint             00000000000500f8     ntoskrnl:ntoskrnl.exe
 0002:00000100       __imp_IoAllocateMdl        0000000000050100     ntoskrnl:ntoskrnl.exe
 0002:00000108       __imp_MmAllocateContiguousMemory 0000000000050108     ntoskrnl:ntoskrnl.exe
 0002:00000110       __imp_IofCallDriver        0000000000050110     ntoskrnl:ntoskrnl.exe
 0002:00000118       __imp_KeAcquireSpinLockRaiseToDpc 0000000000050118     ntoskrnl:ntoskrnl.exe
 0002:00000120       __imp_MmMapLockedPagesSpecifyCache 0000000000050120     ntoskrnl:ntoskrnl.exe
 0002:00000128       __imp_KeClearEvent         0000000000050128     ntoskrnl:ntoskrnl.exe
 0002:00000130       __imp_ZwReadFile           0000000000050130     ntoskrnl:ntoskrnl.exe
 0002:00000138       __imp_KeSetPriorityThread  0000000000050138     ntoskrnl:ntoskrnl.exe
 0002:00000140       __imp_ExInterlockedInsertTailList 0000000000050140     ntoskrnl:ntoskrnl.exe
 0002:00000148       __imp_SeImpersonateClientEx 0000000000050148     ntoskrnl:ntoskrnl.exe
 0002:00000150       __imp_ExInterlockedRemoveHeadList 0000000000050150     ntoskrnl:ntoskrnl.exe
 0002:00000158       __imp_ZwWriteFile          0000000000050158     ntoskrnl:ntoskrnl.exe
 0002:00000160       __imp_SeTokenIsAdmin       0000000000050160     ntoskrnl:ntoskrnl.exe
 0002:00000168       __imp_IoAcquireRemoveLockEx 0000000000050168     ntoskrnl:ntoskrnl.exe
 0002:00000170       __imp_IoBuildDeviceIoControlRequest 0000000000050170     ntoskrnl:ntoskrnl.exe
 0002:00000178       __imp_IoDeleteSymbolicLink 0000000000050178     ntoskrnl:ntoskrnl.exe
 0002:00000180       __imp_IoRegisterShutdownNotification 0000000000050180     ntoskrnl:ntoskrnl.exe
 0002:00000188       __imp_IoBuildSynchronousFsdRequest 0000000000050188     ntoskrnl:ntoskrnl.exe
 0002:00000190       __imp_ZwQuerySymbolicLinkObject 0000000000050190     ntoskrnl:ntoskrnl.exe
 0002:00000198       __imp_IoGetRelatedDeviceObject 0000000000050198     ntoskrnl:ntoskrnl.exe
 0002:000001a0       __imp_RtlInitUnicodeString 00000000000501a0     ntoskrnl:ntoskrnl.exe
 0002:000001a8       __imp_RtlEqualSid          00000000000501a8     ntoskrnl:ntoskrnl.exe
 0002:000001b0       __imp_RtlCopySid           00000000000501b0     ntoskrnl:ntoskrnl.exe
 0002:000001b8       __imp_MmGetSystemRoutineAddress 00000000000501b8     ntoskrnl:ntoskrnl.exe
 0002:000001c0       __imp_wcsncat              00000000000501c0     ntoskrnl:ntoskrnl.exe
 0002:000001c8       __imp_ZwOpenSymbolicLinkObject 00000000000501c8     ntoskrnl:ntoskrnl.exe
 0002:000001d0       __imp_KeSetTimerEx         00000000000501d0     ntoskrnl:ntoskrnl.exe
 0002:000001d8       __imp_SeReleaseSubjectContext 00000000000501d8     ntoskrnl:ntoskrnl.exe
 0002:000001e0       __imp_SeCreateClientSecurity 00000000000501e0     ntoskrnl:ntoskrnl.exe
 0002:000001e8       __imp_ObQueryNameString    00000000000501e8     ntoskrnl:ntoskrnl.exe
 0002:000001f0       __imp_ZwCreateFile         00000000000501f0     ntoskrnl:ntoskrnl.exe
 0002:000001f8       __imp_PsCreateSystemThread 00000000000501f8     ntoskrnl:ntoskrnl.exe
 0002:00000200       __imp_IoGetDeviceObjectPointer 0000000000050200     ntoskrnl:ntoskrnl.exe
 0002:00000208       __imp_ZwQueryValueKey      0000000000050208     ntoskrnl:ntoskrnl.exe
 0002:00000210       __imp_SeCaptureSubjectContext 0000000000050210     ntoskrnl:ntoskrnl.exe
 0002:00000218       __imp_ZwClose              0000000000050218     ntoskrnl:ntoskrnl.exe
 0002:00000220       __imp_IofCompleteRequest   0000000000050220     ntoskrnl:ntoskrnl.exe
 0002:00000228       __imp_SeQueryInformationToken 0000000000050228     ntoskrnl:ntoskrnl.exe
 0002:00000230       __imp_KeInitializeSemaphore 0000000000050230     ntoskrnl:ntoskrnl.exe
 0002:00000238       __imp_ObReferenceObjectByHandle 0000000000050238     ntoskrnl:ntoskrnl.exe
[...]
 0002:00000478       ??_C@_0BF@PFENIDMG@?$IF?qdp?$DOa?$KG11?$LO?$HOE?$JF?$IO?$AH?$JE?$BC9?$AE?y?$AA@ 0000000000050478     Common:tests.obj
 0002:00000490       ??_C@_0BF@HFFLEHPC@?x6b?L?$IN3?$JM?$CC?$HO?$GA?$AP?MclW?RW?$BL?$BM4?$AA@ 0000000000050490     Common:tests.obj
 0002:000004b0       ??_C@_0FB@JDIKKJCI@12345678901234567890123456789012@ 00000000000504b0     Common:tests.obj
 0002:00000508       ??_C@_0P@ONGHGJEC@message?5digest?$AA@ 0000000000050508     Common:tests.obj
 0002:00000518       ??_C@_0BF@JFBGCNOI@?$AB?$CDEg?$IJ?$KL?M?o?$PO?$NM?$LK?$JIvT2?$BA?$AA?$BB?$CC3?$AA@ 0000000000050518     Common:tests.obj
 0002:00000530       ??_C@_0BF@EKEAJOKM@?$AA?$BB?$CC3DUfw?$II?$JJ?$KK?$LL?L?$NN?n?$PP?$AB?$CDEg?$AA@ 0000000000050530     Common:tests.obj
 0002:00000548       ??_C@_0BF@OJOCDNBL@?$BC?$FNsB?$LJ?$KM?$BB?M?$JB?$KD?$JK?t?$IK?$KB?$HLOc?qu?S?$AA@ 0000000000050548     Common:tests.obj
 0002:00000560       ??_C@_0BF@NPPNDLAN@?o?$PM?$NPj?e?k?1?$KC?Rt?$BG?U?q?$IE?$NP?$JM?$CF?$JK?$HMy?$AA@ 0000000000050560     Common:tests.obj
 0002:00000578       ??_C@_0BF@BDDOKADE@?$LG?$BH1?$IGU?$AFrd?b?$IL?$MA?$LG?$PL7?$IM?$IO?qF?$LO?$AA?$AA@ 0000000000050578     Common:tests.obj
 0002:00000590       ??_C@_0BF@KOBLBFLL@?$LM?t?$BO?$KL?$IL?$LC?X?$AC?s?P?2?$KP?$HM?$LA?$JC?l?x?Q?$KD?$KK?$AA@ 0000000000050590     Common:tests.obj
 0002:000005a8       ??_C@_09OCHOFPMP@Sample?5?$CD3?$AA@ 00000000000505a8     Common:tests.obj
 0002:000005c0       ??_C@_0GF@PEHFLIKL@PQRSTUVWXYZ?$FL?2?$FN?$FO_?$GAabcdefghijklmno@ 00000000000505c0     Common:tests.obj
 0002:00000630       ??_C@_0EB@IAGJFOJI@?c?$HLjw?$FN?H?$HN?$LK?$KE?$NP?$KJ?yn?$FO?$DP?$PN?$NO?$LNq?x?$IGr?$IJ?$IG?$FN?u?$KD?9?5?M?ID@ 0000000000050630     Common:tests.obj
 0002:00000680       ??_C@_0EB@HIMJOCNA@?$IA?$LCBc?G?A?$KD?k?$LH?$BE?$JD?A?$NN?$HL?h?$LE?$JLF?Q?t?$BLJ?n?A?$BC?$BL?$AB7?$ID?x?sR@ 0000000000050680     Common:tests.obj
 0002:000006d0       ??_C@_0EB@LPCMCIMB@?$LA?$LKFV7E?$IMi?$JA?e?$KI?E?v?$BNJ?w?ev?Y?$HP?yK?$IH?9?go?$IAP6?$BO?c?$NL@ 00000000000506d0     Common:tests.obj
 0002:00000720       ??_C@_0EB@KHIOOKPP@?zs?$LA?$AI?$JNV?$KC?$IE?o?$LA?pul?$IJ?$AL?i?$LB?$LF?$NL?$NN?$IO?h?$BK6U?x?$DO3?$LC?8?$JN9@ 0000000000050720     Common:tests.obj
 0002:00000770       ??_C@_0EB@OCCGLAFJ@?$BGKz?$HL?$PM?x?$BJ?b?c?$JF?$PL?g?$DLV?$OA?$KD?$IH?$LNd?$CC?4?$ID?$BP?V?$BA?8?$AM?W?j?$CF?$AFT@ 0000000000050770     Common:tests.obj
 0002:000007c0       ??_C@_0EB@NPCMCGAL@?$IH?$KK?$HM?$NO?$KF?oa?$JNO?p?$LE$?$BK?$BNl?$LA?$CDy?t?b?NN?Bxz?P?$LD?$AFE?a?$HM?$NO@ 00000000000507c0     Common:tests.obj
 0002:00000810       ??_C@_0JJ@PIHOAKB@This?5is?5a?5test?5using?5a?5larger?5th@ 0000000000050810     Common:tests.obj
 0002:000008b0       ??_C@_0DH@HELOGHDO@Test?5Using?5Larger?5Than?5Block?9Siz@ 00000000000508b0     Common:tests.obj
 0002:000008e8       ??_C@_0DD@JCGDPDJ@?M?M?M?M?M?M?M?M?M?M?M?M?M?M?M?M?M?M?M?M?M?M?M?M?M?M?M?M?M?M?M?M@ 00000000000508e8     Common:tests.obj
 0002:00000920       ??_C@_0DD@ODBBAMCC@?$NN?$NN?$NN?$NN?$NN?$NN?$NN?$NN?$NN?$NN?$NN?$NN?$NN?$NN?$NN?$NN?$NN?$NN?$NN?$NN?$NN?$NN?$NN?$NN?$NN?$NN?$NN?$NN?$NN?$NN?$NN?$NN@ 0000000000050920     Common:tests.obj
 0002:00000958       ??_C@_0BN@GJJCPKAL@what?5do?5ya?5want?5for?5nothing?$DP?$AA@ 0000000000050958     Common:tests.obj
 0002:00000978       ??_C@_08BPPJKMC@Hi?5There?$AA@ 0000000000050978     Common:tests.obj
 0002:00000990       ??_C@_0IE@FDPIKKAI@?$KK?$KK?$KK?$KK?$KK?$KK?$KK?$KK?$KK?$KK?$KK?$KK?$KK?$KK?$KK?$KK?$KK?$KK?$KK?$KK?$KK?$KK?$KK?$KK?$KK?$KK?$KK?$KK?$KK?$KK?$KK?$KK@ 0000000000050990     Common:tests.obj
 0002:00000a18       ??_C@_0BK@LNLLCJNI@?$AB?$AC?$AD?$AE?$AF?$AG?$AH?$AI?7?6?$AL?$AM?$AN?$AO?$AP?$BA?$BB?$BC?$BD?$BE?$BF?$BG?$BH?$BI?$BJ?$AA@ 0000000000050a18     Common:tests.obj
 0002:00000a38       ??_C@_0BF@GHKGHDBL@?$KK?$KK?$KK?$KK?$KK?$KK?$KK?$KK?$KK?$KK?$KK?$KK?$KK?$KK?$KK?$KK?$KK?$KK?$KK?$KK?$AA@ 0000000000050a38     Common:tests.obj
 0002:00000a50       ??_C@_04HDLGGHEL@Jefe?$AA@ 0000000000050a50     Common:tests.obj
 0002:00000a58       ??_C@_0BF@EOMNKBPJ@?$AL?$AL?$AL?$AL?$AL?$AL?$AL?$AL?$AL?$AL?$AL?$AL?$AL?$AL?$AL?$AL?$AL?$AL?$AL?$AL?$AA@ 0000000000050a58     Common:tests.obj
 0002:00000a80       t_rc                       0000000000050a80     Crypto:aestab.obj
 0002:00000ae0       t_fn                       0000000000050ae0     Crypto:aestab.obj
 0002:00001ae0       t_fl                       0000000000051ae0     Crypto:aestab.obj
 0002:00002ae0       t_in                       0000000000052ae0     Crypto:aestab.obj
 0002:00003ae0       t_il                       0000000000053ae0     Crypto:aestab.obj
 0002:00004ae0       t_im                       0000000000054ae0     Crypto:aestab.obj
 0002:00009b40       k256                       0000000000059b40     Crypto:sha2.obj
 0002:00009c40       i224                       0000000000059c40     Crypto:sha2.obj
 0002:00009c60       i256                       0000000000059c60     Crypto:sha2.obj
 0002:00009c80       k512                       0000000000059c80     Crypto:sha2.obj
 0002:00009f00       i384                       0000000000059f00     Crypto:sha2.obj
 0002:0000a180       i512                       000000000005a180     Crypto:sha2.obj
 0003:00000000       HotPatchBuffer             000000000005f000     hotpatch.obj
 0003:00000100       __security_cookie          000000000005f100     BufferOverflowK:gs_support.obj
 0003:00000108       __security_cookie_complement 000000000005f108     BufferOverflowK:gs_support.obj
 0003:00002238       tripledes_vectors          0000000000061238     Common:tests.obj
 0003:00002260       XTS_vectors                0000000000061260     Common:tests.obj
 0003:000037dc       cacheEmpty                 00000000000627dc     Common:cache.obj
 0003:000037e0       bf_ecb_vectors             00000000000627e0     Common:tests.obj
 0003:00003b10       cast_ecb_vectors           0000000000062b10     Common:tests.obj
 0003:00003b30       aes_ecb_vectors            0000000000062b30     Common:tests.obj
 0003:00003b70       serpent_vectors            0000000000062b70     Common:tests.obj
 0003:00003bb0       twofish_vectors            0000000000062bb0     Common:tests.obj
 0003:00003bf0       hmac_sha512_test_keys      0000000000062bf0     Common:tests.obj
 0003:00003c20       hmac_sha512_test_data      0000000000062c20     Common:tests.obj
 0003:00003c50       hmac_sha512_test_vectors   0000000000062c50     Common:tests.obj
 0003:00003c80       hmac_sha1_test_keys        0000000000062c80     Common:tests.obj
 0003:00003ca0       hmac_sha1_test_data        0000000000062ca0     Common:tests.obj
 0003:00003cc0       hmac_sha1_test_vectors     0000000000062cc0     Common:tests.obj
 0003:00003ce0       hmac_ripemd160_test_keys   0000000000062ce0     Common:tests.obj
 0003:00003cf0       hmac_ripemd160_test_data   0000000000062cf0     Common:tests.obj
 0003:00003d00       hmac_ripemd160_test_vectors 0000000000062d00     Common:tests.obj
 0003:00003d10       hmac_whirlpool_test_key    0000000000062d10     Common:tests.obj
 0003:00003d18       hmac_whirlpool_test_data   0000000000062d18     Common:tests.obj
 0003:00003d20       hmac_whirlpool_test_vectors 0000000000062d20     Common:tests.obj
 0003:00003d30       lrw_vectors                0000000000062d30     Common:tests.obj
 0003:00003e50       crc_32_tab                 0000000000062e50     Common:crc.obj
 0003:00009934       BootArgsValid              0000000000068934     drivefilter.obj
 0003:00009970       EncryptionSetupThread      0000000000068970     drivefilter.obj
 0003:00009978       DecoySystemWipeThread      0000000000068978     drivefilter.obj
 0003:00009984       DriverShuttingDown         0000000000068984     ntdriver.obj
 0003:00009998       RootDeviceObject           0000000000068998     ntdriver.obj
 0003:000099a0       OsMajorVersion             00000000000689a0     ntdriver.obj
 0003:000099a4       DriverUnloadDisabled       00000000000689a4     ntdriver.obj
 0003:000099a8       PortableMode               00000000000689a8     ntdriver.obj
 0003:000099ac       VolumeClassFilterRegistered 00000000000689ac     ntdriver.obj
 0003:000099b0       CacheBootPassword          00000000000689b0     ntdriver.obj
 0003:000099b4       NonAdminSystemFavoritesAccessDisabled 00000000000689b4     ntdriver.obj
 0003:000099c8       ProbingHostDeviceForWrite  00000000000689c8     ntvol.obj
 0003:000099cc       HiddenSysLeakProtectionCount 00000000000689cc     volumefilter.obj
 0003:000099dc       ReadVolumeHeaderRecoveryMode 00000000000689dc     Common:volumes.obj
 0003:00009a00       ks_tmp                     0000000000068a00     <common>
 0003:0000aee0       CachedPasswords            0000000000069ee0     <common>
 0003:0000b000       SelfTestsPassed            000000000006a000     <common>
 0003:0000b004       OsMinorVersion             000000000006a004     <common>
 0003:0000b008       LastUniqueVolumeId         000000000006a008     <common>
 0003:0000b010       TCDriverObject             000000000006a010     <common>
 0003:0000b020       VirtualVolumeDeviceObjects 000000000006a020     <common>
 0003:0000b100       BootArgs                   000000000006a100     <common>
 0005:00000010       DriverEntry                000000000006c010 f   ntdriver.obj
 0005:000001b0       TCCreateRootDeviceObject   000000000006c1b0 f   ntdriver.obj
 0005:000004c4       __security_init_cookie     000000000006c4c4 f   BufferOverflowK:gs_support.obj
 0005:00000520       GsDriverEntry              000000000006c520 f   BufferOverflowK:gs_support.obj
 0005:00000540       ??_C@_0BM@JPABFBBC@DriverEntry?5TrueCrypt?57?41a?6?$AA@PBOPGDP@ 000000000006c540     ntdriver.obj
 0005:00000560       ??_C@_1CE@IPABBIFA@?$AA?2?$AAD?$AAe?$AAv?$AAi?$AAc?$AAe?$AA?2?$AAT?$AAr?$AAu?$AAe?$AAC?$AAr?$AAy?$AAp?$AAt?$AA?$AA@PBOPGDP@ 000000000006c560     ntdriver.obj
 0005:00000590       ??_C@_1M@IOJLKPKK@?$AAS?$AAt?$AAa?$AAr?$AAt?$AA?$AA@PBOPGDP@ 000000000006c590     ntdriver.obj
 0005:000005a0       ??_C@_0CA@NGANHIBM@TCCreateRootDeviceObject?5BEGIN?6?$AA@PBOPGDP@ 000000000006c5a0     ntdriver.obj
 0005:000005c0       ??_C@_0CC@LEOBGDBK@e?3?2truecrypt7?41?2driver?2ntdriver?4@PBOPGDP@ 000000000006c5c0     ntdriver.obj
 0005:000005f0       ??_C@_0CE@KKOENIAD@KeGetCurrentIrql?$CI?$CJ?5?$DN?$DN?5PASSIVE_LE@PBOPGDP@ 000000000006c5f0     ntdriver.obj
 0005:00000620       ??_C@_1CM@KJDLPNIG@?$AA?2?$AAD?$AAo?$AAs?$AAD?$AAe?$AAv?$AAi?$AAc?$AAe?$AAs?$AA?2?$AAT?$AAr?$AAu?$AAe?$AAC?$AAr?$AAy?$AAp?$AAt?$AA?$AA@PBOPGDP@ 000000000006c620     ntdriver.obj
 0005:00000650       ??_C@_0CF@KMOPKHLE@Creating?5root?5device?5nt?$DN?$CFls?5dos?$DN@PBOPGDP@ 000000000006c650     ntdriver.obj
 0005:00000680       ??_C@_0DA@OJGNPLJ@TCCreateRootDeviceObject?5NTSTATU@PBOPGDP@ 000000000006c680     ntdriver.obj
 0005:000006b0       ??_C@_0CN@PMFMKKNC@TCCreateRootDeviceObject?5STATUS_@PBOPGDP@ 000000000006c6b0     ntdriver.obj
 0005:000006e0       __IMPORT_DESCRIPTOR_ntoskrnl 000000000006c6e0     ntoskrnl:ntoskrnl.exe
 0005:000006f4       __NULL_IMPORT_DESCRIPTOR   000000000006c6f4     ntoskrnl:ntoskrnl.exe

 entry point at        0005:00000520

 Static symbols

 0001:00000a50       DismountDrive              0000000000011a50 f    CIL library: CIL module
 0001:00000b30       MountDrive                 0000000000011b30 f    CIL library: CIL module
 0001:00001550       SaveDriveVolumeHeader      0000000000012550 f    CIL library: CIL module
 0001:00001a00       PassFilteredIrp            0000000000012a00 f    CIL library: CIL module
 0001:00001a00       PassFilteredIrp            0000000000012a00 f    CIL library: CIL module
 0001:00001a70       OnDeviceUsageNotificationCompleted 0000000000012a70 f    CIL library: CIL module
 0001:00001a70       OnDeviceUsageNotificationCompleted 0000000000012a70 f    CIL library: CIL module
 0001:00001af0       IsVolumeDevice             0000000000012af0 f    CIL library: CIL module
 0001:00001c90       CheckDeviceTypeAndMount    0000000000012c90 f    CIL library: CIL module
 0001:00001d90       MountDriveWorkItemRoutine  0000000000012d90 f    CIL library: CIL module
 0001:00001dd0       OnStartDeviceCompleted     0000000000012dd0 f    CIL library: CIL module
 0001:00001f10       DispatchPnp                0000000000012f10 f    CIL library: CIL module
 0001:000021f0       DispatchPower              00000000000131f0 f    CIL library: CIL module
 0001:00002800       HiberDriverWriteFunctionFilter 0000000000013800 f    CIL library: CIL module
 0001:00002b40       HiberDriverWriteFunctionAFilter0 0000000000013b40 f    CIL library: CIL module
 0001:00002b90       HiberDriverWriteFunctionAFilter1 0000000000013b90 f    CIL library: CIL module
 0001:00002be0       HiberDriverWriteFunctionAFilter2 0000000000013be0 f    CIL library: CIL module
 0001:00002c30       HiberDriverWriteFunctionBFilter0 0000000000013c30 f    CIL library: CIL module
 0001:00002c80       HiberDriverWriteFunctionBFilter1 0000000000013c80 f    CIL library: CIL module
 0001:00002cd0       HiberDriverWriteFunctionBFilter2 0000000000013cd0 f    CIL library: CIL module
 0001:00002d20       HiberDriverEntryFilter     0000000000013d20 f    CIL library: CIL module
 0001:00002fa0       HiberDriverEntryFilter0    0000000000013fa0 f    CIL library: CIL module
 0001:00002fd0       HiberDriverEntryFilter1    0000000000013fd0 f    CIL library: CIL module
 0001:00003000       HiberDriverEntryFilter2    0000000000014000 f    CIL library: CIL module
 0001:00003030       LoadImageNotifyRoutine     0000000000014030 f    CIL library: CIL module
 0001:00003450       SetupThreadProc            0000000000014450 f    CIL library: CIL module
 0001:000047e0       DecoySystemWipeThreadProc  00000000000157e0 f    CIL library: CIL module
 0001:00005350       DumpFilterStart            0000000000016350 f    CIL library: CIL module
 0001:000053e0       DumpFilterWrite            00000000000163e0 f    CIL library: CIL module
 0001:000057c0       DumpFilterFinish           00000000000167c0 f    CIL library: CIL module
 0001:000057f0       DumpFilterUnload           00000000000167f0 f    CIL library: CIL module
 0001:00005880       AcquireBufferPoolMutex     0000000000016880 f    CIL library: CIL module
 0001:000058e0       ReleaseBufferPoolMutex     00000000000168e0 f    CIL library: CIL module
 0001:00005910       GetPoolBuffer              0000000000016910 f    CIL library: CIL module
 0001:00005b00       ReleasePoolBuffer          0000000000016b00 f    CIL library: CIL module
 0001:00005bd0       FreePoolBuffers            0000000000016bd0 f    CIL library: CIL module
 0001:00005cb0       DecrementOutstandingIoCount 0000000000016cb0 f    CIL library: CIL module
 0001:00005d20       OnItemCompleted            0000000000016d20 f    CIL library: CIL module
 0001:00005df0       CompleteOriginalIrp        0000000000016df0 f    CIL library: CIL module
 0001:00005e50       AcquireFragmentBuffer      0000000000016e50 f    CIL library: CIL module
 0001:00005f10       ReleaseFragmentBuffer      0000000000016f10 f    CIL library: CIL module
 0001:00005fb0       CompletionThreadProc       0000000000016fb0 f    CIL library: CIL module
 0001:00006220       TCCachedRead               0000000000017220 f    CIL library: CIL module
 0001:00006380       IoThreadProc               0000000000017380 f    CIL library: CIL module
 0001:00006be0       MainThreadProc             0000000000017be0 f    CIL library: CIL module
 0001:0000d9d0       SendDeviceIoControlRequestWorkItemRoutine 000000000001e9d0 f    CIL library: CIL module
 0001:0000e000       TCReadWriteDevice          000000000001f000 f    CIL library: CIL module
 0001:0000ef70       FindVolumeWithHighestUniqueId 000000000001ff70 f    CIL library: CIL module
 0001:00011d30       TCSendHostDeviceIoControlRequest 0000000000022d30 f    CIL library: CIL module
 0001:00011ec0       RestoreTimeStamp           0000000000022ec0 f    CIL library: CIL module
 0001:000121c0       PassIrp                    00000000000231c0 f    CIL library: CIL module
 0001:000121c0       PassIrp                    00000000000231c0 f    CIL library: CIL module
 0001:00012200       OnStartDeviceCompleted     0000000000023200 f    CIL library: CIL module
 0001:00012280       DispatchControl            0000000000023280 f    CIL library: CIL module
 0001:00012640       DispatchPnp                0000000000023640 f    CIL library: CIL module
 0001:00012830       DispatchPower              0000000000023830 f    CIL library: CIL module
 0001:00014500       InitSectorIVAndWhitening   0000000000025500 f    CIL library: CIL module
 0001:000146e0       EncryptBufferCBC           00000000000256e0 f    CIL library: CIL module
 0001:000149b0       DecryptBufferCBC           00000000000259b0 f    CIL library: CIL module
 0001:000172a0       Wipe1PseudoRandom          00000000000282a0 f    CIL library: CIL module
 0001:000172c0       Wipe3Dod5220               00000000000282c0 f    CIL library: CIL module
 0001:00017320       Wipe7Dod5220               0000000000028320 f    CIL library: CIL module
 0001:000173e0       Wipe35Gutmann              00000000000283e0 f    CIL library: CIL module
 0001:00019ea0       DoAutoTestAlgorithms       000000000002aea0 f    CIL library: CIL module
 0001:0001af90       GetWorkItemState           000000000002bf90 f    CIL library: CIL module
 0001:0001afb0       SetWorkItemState           000000000002bfb0 f    CIL library: CIL module
 0001:0001afd0       EncryptionThreadProc       000000000002bfd0 f    CIL library: CIL module
 0001:0001c890       IsBitSet128                000000000002d890 f    CIL library: CIL module
 0001:0001c8e0       IsBitSet64                 000000000002d8e0 f    CIL library: CIL module
 0001:0001c930       SetBit128                  000000000002d930 f    CIL library: CIL module
 0001:0001c9a0       SetBit64                   000000000002d9a0 f    CIL library: CIL module
 0001:0001d730       EncryptBufferXTSParallel   000000000002e730 f    CIL library: CIL module
 0001:0001dda0       EncryptBufferXTSNonParallel 000000000002eda0 f    CIL library: CIL module
 0001:0001e240       DecryptBufferXTSParallel   000000000002f240 f    CIL library: CIL module
 0001:0001e8b0       DecryptBufferXTSNonParallel 000000000002f8b0 f    CIL library: CIL module
 0001:000259e0       crypt_block                00000000000369e0 f    CIL library: CIL module
 0001:00025f50       qp                         0000000000036f50 f    CIL library: CIL module
 0001:00026080       gen_qtab                   0000000000037080 f    CIL library: CIL module
 0001:00026100       gen_mtab                   0000000000037100 f    CIL library: CIL module
 0001:000262d0       h_fun                      00000000000372d0 f    CIL library: CIL module
 0001:000265f0       gen_mk_tab                 00000000000375f0 f    CIL library: CIL module
 0001:00026d30       mds_rem                    0000000000037d30 f    CIL library: CIL module
 0001:00029650       rotlFixed                  000000000003a650 f    CIL library: CIL module
 0001:00029650       rotlVariable               000000000003a650 f    CIL library: CIL module
 0001:00029650       rotlFixed                  000000000003a650 f    CIL library: CIL module
 0001:00029690       rotrFixed                  000000000003a690 f    CIL library: CIL module
 0001:000296d0       RawSetKey                  000000000003a6d0 f    CIL library: CIL module
 0001:00029b80       RawProcessBlock            000000000003ab80 f    CIL library: CIL module
 0001:000307f0       RMD160Pad                  00000000000417f0 f    CIL library: CIL module
 0001:00036170       sha_end2                   0000000000047170 f    CIL library: CIL module
 0001:000364b0       processBuffer              00000000000474b0 f    CIL library: CIL module
 0001:0003e090       MountDevice$filt$0         000000000004f090 f    CIL library: CIL module
